192.168.33.1 - - [25/Aug/2017:07:45:06 +0000] "GET /login HTTP/1.1" 200 1640 "http://wgroup.dev.4000669696.com/admin" "Mozilla/5.0 (Windows NT 10.0; WOW64) AppleWebKit/537.36 (KHTML, like Gecko) Chrome/58.0.3004.3 Safari/537.36"
192.168.33.1 - - [25/Aug/2017:07:45:06 +0000] "GET /logins/js/login.js HTTP/1.1" 304 0 "http://wgroup.dev.4000669696.com/login" "Mozilla/5.0 (Windows NT 10.0; WOW64) AppleWebKit/537.36 (KHTML, like Gecko) Chrome/58.0.3004.3 Safari/537.36"
172.18.0.3 - - [25/Aug/2017:07:45:08 +0000] "POST /organization/school/get_school_and_group HTTP/1.1" 200 121 "wgroup.dev.4000669696.com" "Weiyuyan\x5CCommon\x5CCurl/1.0 curl"
192.168.33.1 - - [25/Aug/2017:07:45:08 +0000] "GET /code/captcha_forget/1 HTTP/1.1" 200 1703 "http://wgroup.dev.4000669696.com/login" "Mozilla/5.0 (Windows NT 10.0; WOW64) AppleWebKit/537.36 (KHTML, like Gecko) Chrome/58.0.3004.3 Safari/537.36"
172.18.0.3 - - [25/Aug/2017:07:45:12 +0000] "POST /organization/school/get_school_and_group HTTP/1.1" 200 121 "wgroup.dev.4000669696.com" "Weiyuyan\x5CCommon\x5CCurl/1.0 curl"
172.18.0.3 - - [25/Aug/2017:07:45:14 +0000] "POST /organization/manager/sign_in HTTP/1.1" 200 393 "wgroup.dev.4000669696.com" "Weiyuyan\x5CCommon\x5CCurl/1.0 curl"
192.168.33.1 - - [25/Aug/2017:07:45:14 +0000] "POST /login HTTP/1.1" 302 408 "http://wgroup.dev.4000669696.com/login" "Mozilla/5.0 (Windows NT 10.0; WOW64) AppleWebKit/537.36 (KHTML, like Gecko) Chrome/58.0.3004.3 Safari/537.36"
192.168.33.1 - - [25/Aug/2017:07:45:14 +0000] "GET /admin HTTP/1.1" 200 4694 "http://wgroup.dev.4000669696.com/login" "Mozilla/5.0 (Windows NT 10.0; WOW64) AppleWebKit/537.36 (KHTML, like Gecko) Chrome/58.0.3004.3 Safari/537.36"
172.18.0.3 - - [25/Aug/2017:07:45:18 +0000] "POST /organization/school/school_list HTTP/1.1" 200 1397 "wgroup.dev.4000669696.com" "Weiyuyan\x5CCommon\x5CCurl/1.0 curl"
192.168.33.1 - - [25/Aug/2017:07:45:18 +0000] "GET /school_manage HTTP/1.1" 200 6076 "http://wgroup.dev.4000669696.com/admin" "Mozilla/5.0 (Windows NT 10.0; WOW64) AppleWebKit/537.36 (KHTML, like Gecko) Chrome/58.0.3004.3 Safari/537.36"
172.18.0.3 - - [25/Aug/2017:07:45:21 +0000] "POST /organization/school/basic_info HTTP/1.1" 200 466 "wgroup.dev.4000669696.com" "Weiyuyan\x5CCommon\x5CCurl/1.0 curl"
172.18.0.3 - - [25/Aug/2017:07:45:22 +0000] "POST /organization/school/basic_info HTTP/1.1" 200 466 "wgroup.dev.4000669696.com" "Weiyuyan\x5CCommon\x5CCurl/1.0 curl"
172.18.0.3 - - [25/Aug/2017:07:45:22 +0000] "POST /organization/teaching_cost/look_teacher_cost HTTP/1.1" 200 870 "wgroup.dev.4000669696.com" "Weiyuyan\x5CCommon\x5CCurl/1.0 curl"
192.168.33.1 - - [25/Aug/2017:07:45:22 +0000] "GET /school_manage/e7db01b6615d11e78fe100163e106fb7/edit HTTP/1.1" 200 6509 "http://wgroup.dev.4000669696.com/school_manage" "Mozilla/5.0 (Windows NT 10.0; WOW64) AppleWebKit/537.36 (KHTML, like Gecko) Chrome/58.0.3004.3 Safari/537.36"
172.18.0.3 - - [25/Aug/2017:07:46:14 +0000] "POST /organization/school/update_school HTTP/1.1" 200 82 "wgroup.dev.4000669696.com" "Weiyuyan\x5CCommon\x5CCurl/1.0 curl"
192.168.33.1 - - [25/Aug/2017:07:46:14 +0000] "POST /school_manage/e7db01b6615d11e78fe100163e106fb7 HTTP/1.1" 200 2299 "http://wgroup.dev.4000669696.com/school_manage/e7db01b6615d11e78fe100163e106fb7/edit" "Mozilla/5.0 (Windows NT 10.0; WOW64) AppleWebKit/537.36 (KHTML, like Gecko) Chrome/58.0.3004.3 Safari/537.36"
192.168.33.1 - - [25/Aug/2017:07:46:14 +0000] "GET /favicon.ico HTTP/1.1" 304 0 "http://wgroup.dev.4000669696.com/school_manage/e7db01b6615d11e78fe100163e106fb7" "Mozilla/5.0 (Windows NT 10.0; WOW64) AppleWebKit/537.36 (KHTML, like Gecko) Chrome/58.0.3004.3 Safari/537.36"
172.18.0.3 - - [25/Aug/2017:07:46:30 +0000] "POST /organization/school/update_school HTTP/1.1" 200 82 "wgroup.dev.4000669696.com" "Weiyuyan\x5CCommon\x5CCurl/1.0 curl"
192.168.33.1 - - [25/Aug/2017:07:46:30 +0000] "POST /school_manage/e7db01b6615d11e78fe100163e106fb7 HTTP/1.1" 200 2299 "http://wgroup.dev.4000669696.com/school_manage/e7db01b6615d11e78fe100163e106fb7/edit" "Mozilla/5.0 (Windows NT 10.0; WOW64) AppleWebKit/537.36 (KHTML, like Gecko) Chrome/58.0.3004.3 Safari/537.36"
192.168.33.1 - - [25/Aug/2017:07:46:30 +0000] "GET /favicon.ico HTTP/1.1" 200 0 "http://wgroup.dev.4000669696.com/school_manage/e7db01b6615d11e78fe100163e106fb7" "Mozilla/5.0 (Windows NT 10.0; WOW64) AppleWebKit/537.36 (KHTML, like Gecko) Chrome/58.0.3004.3 Safari/537.36"
172.18.0.3 - - [25/Aug/2017:07:47:39 +0000] "POST /organization/school/update_school HTTP/1.1" 200 6102 "wgroup.dev.4000669696.com" "Weiyuyan\x5CCommon\x5CCurl/1.0 curl"
192.168.33.1 - - [25/Aug/2017:07:47:39 +0000] "POST /school_manage/e7db01b6615d11e78fe100163e106fb7 HTTP/1.1" 500 39441 "http://wgroup.dev.4000669696.com/school_manage/e7db01b6615d11e78fe100163e106fb7/edit" "Mozilla/5.0 (Windows NT 10.0; WOW64) AppleWebKit/537.36 (KHTML, like Gecko) Chrome/58.0.3004.3 Safari/537.36"
192.168.33.1 - - [25/Aug/2017:07:47:39 +0000] "GET /favicon.ico HTTP/1.1" 200 0 "http://wgroup.dev.4000669696.com/school_manage/e7db01b6615d11e78fe100163e106fb7" "Mozilla/5.0 (Windows NT 10.0; WOW64) AppleWebKit/537.36 (KHTML, like Gecko) Chrome/58.0.3004.3 Safari/537.36"
172.18.0.3 - - [25/Aug/2017:07:48:02 +0000] "POST /organization/school/update_school HTTP/1.1" 200 6102 "wgroup.dev.4000669696.com" "Weiyuyan\x5CCommon\x5CCurl/1.0 curl"
192.168.33.1 - - [25/Aug/2017:07:48:02 +0000] "POST /school_manage/e7db01b6615d11e78fe100163e106fb7 HTTP/1.1" 200 2376 "http://wgroup.dev.4000669696.com/school_manage/e7db01b6615d11e78fe100163e106fb7/edit" "Mozilla/5.0 (Windows NT 10.0; WOW64) AppleWebKit/537.36 (KHTML, like Gecko) Chrome/58.0.3004.3 Safari/537.36"
192.168.33.1 - - [25/Aug/2017:07:48:02 +0000] "GET /favicon.ico HTTP/1.1" 200 0 "http://wgroup.dev.4000669696.com/school_manage/e7db01b6615d11e78fe100163e106fb7" "Mozilla/5.0 (Windows NT 10.0; WOW64) AppleWebKit/537.36 (KHTML, like Gecko) Chrome/58.0.3004.3 Safari/537.36"
172.18.0.3 - - [25/Aug/2017:07:50:23 +0000] "POST /organization/school/update_school HTTP/1.1" 200 82 "wgroup.dev.4000669696.com" "Weiyuyan\x5CCommon\x5CCurl/1.0 curl"
192.168.33.1 - - [25/Aug/2017:07:50:23 +0000] "POST /school_manage/e7db01b6615d11e78fe100163e106fb7 HTTP/1.1" 200 110 "http://wgroup.dev.4000669696.com/school_manage/e7db01b6615d11e78fe100163e106fb7/edit" "Mozilla/5.0 (Windows NT 10.0; WOW64) AppleWebKit/537.36 (KHTML, like Gecko) Chrome/58.0.3004.3 Safari/537.36"
192.168.33.1 - - [25/Aug/2017:07:50:23 +0000] "GET /favicon.ico HTTP/1.1" 200 0 "http://wgroup.dev.4000669696.com/school_manage/e7db01b6615d11e78fe100163e106fb7" "Mozilla/5.0 (Windows NT 10.0; WOW64) AppleWebKit/537.36 (KHTML, like Gecko) Chrome/58.0.3004.3 Safari/537.36"
172.18.0.3 - - [25/Aug/2017:07:50:33 +0000] "POST /organization/school/update_school HTTP/1.1" 200 82 "wgroup.dev.4000669696.com" "Weiyuyan\x5CCommon\x5CCurl/1.0 curl"
192.168.33.1 - - [25/Aug/2017:07:50:33 +0000] "POST /school_manage/e7db01b6615d11e78fe100163e106fb7 HTTP/1.1" 200 110 "http://wgroup.dev.4000669696.com/school_manage/e7db01b6615d11e78fe100163e106fb7/edit" "Mozilla/5.0 (Windows NT 10.0; WOW64) AppleWebKit/537.36 (KHTML, like Gecko) Chrome/58.0.3004.3 Safari/537.36"
192.168.33.1 - - [25/Aug/2017:07:50:33 +0000] "GET /favicon.ico HTTP/1.1" 200 0 "http://wgroup.dev.4000669696.com/school_manage/e7db01b6615d11e78fe100163e106fb7" "Mozilla/5.0 (Windows NT 10.0; WOW64) AppleWebKit/537.36 (KHTML, like Gecko) Chrome/58.0.3004.3 Safari/537.36"
172.18.0.3 - - [25/Aug/2017:07:51:00 +0000] "POST /organization/school/update_school HTTP/1.1" 200 76 "wgroup.dev.4000669696.com" "Weiyuyan\x5CCommon\x5CCurl/1.0 curl"
192.168.33.1 - - [25/Aug/2017:07:51:00 +0000] "POST /school_manage/e7db01b6615d11e78fe100163e106fb7 HTTP/1.1" 200 106 "http://wgroup.dev.4000669696.com/school_manage/e7db01b6615d11e78fe100163e106fb7/edit" "Mozilla/5.0 (Windows NT 10.0; WOW64) AppleWebKit/537.36 (KHTML, like Gecko) Chrome/58.0.3004.3 Safari/537.36"
192.168.33.1 - - [25/Aug/2017:07:51:00 +0000] "GET /favicon.ico HTTP/1.1" 200 0 "http://wgroup.dev.4000669696.com/school_manage/e7db01b6615d11e78fe100163e106fb7" "Mozilla/5.0 (Windows NT 10.0; WOW64) AppleWebKit/537.36 (KHTML, like Gecko) Chrome/58.0.3004.3 Safari/537.36"
172.18.0.3 - - [25/Aug/2017:07:51:14 +0000] "POST /organization/school/update_school HTTP/1.1" 200 76 "wgroup.dev.4000669696.com" "Weiyuyan\x5CCommon\x5CCurl/1.0 curl"
192.168.33.1 - - [25/Aug/2017:07:51:14 +0000] "POST /school_manage/e7db01b6615d11e78fe100163e106fb7 HTTP/1.1" 302 440 "http://wgroup.dev.4000669696.com/school_manage/e7db01b6615d11e78fe100163e106fb7/edit" "Mozilla/5.0 (Windows NT 10.0; WOW64) AppleWebKit/537.36 (KHTML, like Gecko) Chrome/58.0.3004.3 Safari/537.36"
172.18.0.3 - - [25/Aug/2017:07:51:15 +0000] "POST /organization/school/school_list HTTP/1.1" 200 1409 "wgroup.dev.4000669696.com" "Weiyuyan\x5CCommon\x5CCurl/1.0 curl"
192.168.33.1 - - [25/Aug/2017:07:51:15 +0000] "GET /school_manage HTTP/1.1" 200 6076 "http://wgroup.dev.4000669696.com/school_manage/e7db01b6615d11e78fe100163e106fb7/edit" "Mozilla/5.0 (Windows NT 10.0; WOW64) AppleWebKit/537.36 (KHTML, like Gecko) Chrome/58.0.3004.3 Safari/537.36"
172.18.0.3 - - [25/Aug/2017:07:51:19 +0000] "POST /organization/school/basic_info HTTP/1.1" 200 478 "wgroup.dev.4000669696.com" "Weiyuyan\x5CCommon\x5CCurl/1.0 curl"
172.18.0.3 - - [25/Aug/2017:07:51:20 +0000] "POST /organization/school/basic_info HTTP/1.1" 200 478 "wgroup.dev.4000669696.com" "Weiyuyan\x5CCommon\x5CCurl/1.0 curl"
172.18.0.3 - - [25/Aug/2017:07:51:21 +0000] "POST /organization/teaching_cost/look_teacher_cost HTTP/1.1" 200 870 "wgroup.dev.4000669696.com" "Weiyuyan\x5CCommon\x5CCurl/1.0 curl"
192.168.33.1 - - [25/Aug/2017:07:51:21 +0000] "GET /school_manage/e7db01b6615d11e78fe100163e106fb7/edit HTTP/1.1" 200 6512 "http://wgroup.dev.4000669696.com/school_manage" "Mozilla/5.0 (Windows NT 10.0; WOW64) AppleWebKit/537.36 (KHTML, like Gecko) Chrome/58.0.3004.3 Safari/537.36"
172.18.0.3 - - [25/Aug/2017:08:45:19 +0000] "POST /organization/school/get_school_and_group HTTP/1.1" 200 121 "wgroup.dev.4000669696.com" "Weiyuyan\x5CCommon\x5CCurl/1.0 curl"
192.168.33.1 - - [25/Aug/2017:08:45:19 +0000] "GET /login HTTP/1.1" 200 1640 "-" "Mozilla/5.0 (Windows NT 10.0; WOW64) AppleWebKit/537.36 (KHTML, like Gecko) Chrome/58.0.3004.3 Safari/537.36"
172.18.0.3 - - [25/Aug/2017:08:45:20 +0000] "POST /organization/school/get_school_and_group HTTP/1.1" 200 121 "wgroup.dev.4000669696.com" "Weiyuyan\x5CCommon\x5CCurl/1.0 curl"
192.168.33.1 - - [25/Aug/2017:08:45:20 +0000] "GET /code/captcha_forget/1 HTTP/1.1" 200 1748 "http://wgroup.dev.4000669696.com/login" "Mozilla/5.0 (Windows NT 10.0; WOW64) AppleWebKit/537.36 (KHTML, like Gecko) Chrome/58.0.3004.3 Safari/537.36"
192.168.33.1 - - [25/Aug/2017:08:45:20 +0000] "GET /favicon.ico HTTP/1.1" 304 0 "http://wgroup.dev.4000669696.com/login" "Mozilla/5.0 (Windows NT 10.0; WOW64) AppleWebKit/537.36 (KHTML, like Gecko) Chrome/58.0.3004.3 Safari/537.36"
192.168.33.1 - - [28/Aug/2017:02:13:24 +0000] "GET / HTTP/1.1" 200 4909 "-" "Mozilla/5.0 (Windows NT 10.0; WOW64) AppleWebKit/537.36 (KHTML, like Gecko) Chrome/58.0.3004.3 Safari/537.36"
192.168.33.1 - - [28/Aug/2017:02:13:24 +0000] "GET /bootstrap-3.3.7-dist/js/jquery-3.2.1.min.js HTTP/1.1" 304 0 "http://huayunshuhai.com/" "Mozilla/5.0 (Windows NT 10.0; WOW64) AppleWebKit/537.36 (KHTML, like Gecko) Chrome/58.0.3004.3 Safari/537.36"
192.168.33.1 - - [28/Aug/2017:02:13:24 +0000] "GET /favicon.ico HTTP/1.1" 200 0 "http://huayunshuhai.com/" "Mozilla/5.0 (Windows NT 10.0; WOW64) AppleWebKit/537.36 (KHTML, like Gecko) Chrome/58.0.3004.3 Safari/537.36"
192.168.33.1 - - [28/Aug/2017:02:15:46 +0000] "GET / HTTP/1.1" 200 4909 "-" "Mozilla/5.0 (Windows NT 10.0; WOW64) AppleWebKit/537.36 (KHTML, like Gecko) Chrome/58.0.3004.3 Safari/537.36"
192.168.33.1 - - [28/Aug/2017:02:15:46 +0000] "GET /favicon.ico HTTP/1.1" 200 0 "http://huayunshuhai.com/" "Mozilla/5.0 (Windows NT 10.0; WOW64) AppleWebKit/537.36 (KHTML, like Gecko) Chrome/58.0.3004.3 Safari/537.36"
192.168.33.1 - - [28/Aug/2017:02:31:15 +0000] "GET /sign_in HTTP/1.1" 200 3296 "-" "Mozilla/5.0 (Windows NT 10.0; WOW64) AppleWebKit/537.36 (KHTML, like Gecko) Chrome/58.0.3004.3 Safari/537.36"
192.168.33.1 - - [28/Aug/2017:02:39:24 +0000] "GET /sign_in HTTP/1.1" 200 1399 "-" "Mozilla/5.0 (Windows NT 10.0; WOW64) AppleWebKit/537.36 (KHTML, like Gecko) Chrome/58.0.3004.3 Safari/537.36"
192.168.33.1 - - [28/Aug/2017:02:39:24 +0000] "GET /favicon.ico HTTP/1.1" 200 0 "http://huayunshuhai.com/sign_in" "Mozilla/5.0 (Windows NT 10.0; WOW64) AppleWebKit/537.36 (KHTML, like Gecko) Chrome/58.0.3004.3 Safari/537.36"
192.168.33.1 - - [28/Aug/2017:02:40:06 +0000] "GET /sign_in HTTP/1.1" 200 1399 "-" "Mozilla/5.0 (Windows NT 10.0; WOW64) AppleWebKit/537.36 (KHTML, like Gecko) Chrome/58.0.3004.3 Safari/537.36"
192.168.33.1 - - [28/Aug/2017:02:40:06 +0000] "GET /favicon.ico HTTP/1.1" 200 0 "http://huayunshuhai.com/sign_in" "Mozilla/5.0 (Windows NT 10.0; WOW64) AppleWebKit/537.36 (KHTML, like Gecko) Chrome/58.0.3004.3 Safari/537.36"
192.168.33.1 - - [28/Aug/2017:02:52:53 +0000] "GET /sign_in HTTP/1.1" 200 1424 "-" "Mozilla/5.0 (Windows NT 10.0; WOW64) AppleWebKit/537.36 (KHTML, like Gecko) Chrome/58.0.3004.3 Safari/537.36"
192.168.33.1 - - [28/Aug/2017:02:52:53 +0000] "GET /favicon.ico HTTP/1.1" 200 0 "http://huayunshuhai.com/sign_in" "Mozilla/5.0 (Windows NT 10.0; WOW64) AppleWebKit/537.36 (KHTML, like Gecko) Chrome/58.0.3004.3 Safari/537.36"
192.168.33.1 - - [28/Aug/2017:02:52:58 +0000] "GET /sign_in HTTP/1.1" 200 1444 "-" "Mozilla/5.0 (Windows NT 10.0; WOW64) AppleWebKit/537.36 (KHTML, like Gecko) Chrome/58.0.3004.3 Safari/537.36"
192.168.33.1 - - [28/Aug/2017:02:52:58 +0000] "GET /favicon.ico HTTP/1.1" 200 0 "http://huayunshuhai.com/sign_in" "Mozilla/5.0 (Windows NT 10.0; WOW64) AppleWebKit/537.36 (KHTML, like Gecko) Chrome/58.0.3004.3 Safari/537.36"
192.168.33.1 - - [28/Aug/2017:02:54:41 +0000] "GET /sign_in HTTP/1.1" 200 1476 "-" "Mozilla/5.0 (Windows NT 10.0; WOW64) AppleWebKit/537.36 (KHTML, like Gecko) Chrome/58.0.3004.3 Safari/537.36"
192.168.33.1 - - [28/Aug/2017:02:54:41 +0000] "GET /favicon.ico HTTP/1.1" 200 0 "http://huayunshuhai.com/sign_in" "Mozilla/5.0 (Windows NT 10.0; WOW64) AppleWebKit/537.36 (KHTML, like Gecko) Chrome/58.0.3004.3 Safari/537.36"
192.168.33.1 - - [28/Aug/2017:02:55:23 +0000] "GET /sign_in HTTP/1.1" 200 1488 "-" "Mozilla/5.0 (Windows NT 10.0; WOW64) AppleWebKit/537.36 (KHTML, like Gecko) Chrome/58.0.3004.3 Safari/537.36"
192.168.33.1 - - [28/Aug/2017:02:56:19 +0000] "GET /sign_in HTTP/1.1" 200 1529 "-" "Mozilla/5.0 (Windows NT 10.0; WOW64) AppleWebKit/537.36 (KHTML, like Gecko) Chrome/58.0.3004.3 Safari/537.36"
192.168.33.1 - - [28/Aug/2017:02:56:24 +0000] "GET /sign_in HTTP/1.1" 200 1506 "-" "Mozilla/5.0 (Windows NT 10.0; WOW64) AppleWebKit/537.36 (KHTML, like Gecko) Chrome/58.0.3004.3 Safari/537.36"
192.168.33.1 - - [28/Aug/2017:02:56:31 +0000] "GET /sign_in HTTP/1.1" 200 1506 "-" "Mozilla/5.0 (Windows NT 10.0; WOW64) AppleWebKit/537.36 (KHTML, like Gecko) Chrome/58.0.3004.3 Safari/537.36"
192.168.33.1 - - [28/Aug/2017:02:56:31 +0000] "GET /favicon.ico HTTP/1.1" 200 0 "http://huayunshuhai.com/sign_in" "Mozilla/5.0 (Windows NT 10.0; WOW64) AppleWebKit/537.36 (KHTML, like Gecko) Chrome/58.0.3004.3 Safari/537.36"
192.168.33.1 - - [28/Aug/2017:02:56:53 +0000] "GET /sign_in HTTP/1.1" 200 1511 "-" "Mozilla/5.0 (Windows NT 10.0; WOW64) AppleWebKit/537.36 (KHTML, like Gecko) Chrome/58.0.3004.3 Safari/537.36"
192.168.33.1 - - [28/Aug/2017:02:56:53 +0000] "GET /favicon.ico HTTP/1.1" 200 0 "http://huayunshuhai.com/sign_in" "Mozilla/5.0 (Windows NT 10.0; WOW64) AppleWebKit/537.36 (KHTML, like Gecko) Chrome/58.0.3004.3 Safari/537.36"
192.168.33.1 - - [28/Aug/2017:02:57:25 +0000] "GET /sign_in HTTP/1.1" 200 1532 "-" "Mozilla/5.0 (Windows NT 10.0; WOW64) AppleWebKit/537.36 (KHTML, like Gecko) Chrome/58.0.3004.3 Safari/537.36"
192.168.33.1 - - [28/Aug/2017:02:57:25 +0000] "GET /favicon.ico HTTP/1.1" 200 0 "http://huayunshuhai.com/sign_in" "Mozilla/5.0 (Windows NT 10.0; WOW64) AppleWebKit/537.36 (KHTML, like Gecko) Chrome/58.0.3004.3 Safari/537.36"
192.168.33.1 - - [28/Aug/2017:02:58:08 +0000] "GET /sign_in HTTP/1.1" 200 1532 "-" "Mozilla/5.0 (Windows NT 10.0; WOW64) AppleWebKit/537.36 (KHTML, like Gecko) Chrome/58.0.3004.3 Safari/537.36"
192.168.33.1 - - [28/Aug/2017:02:58:08 +0000] "GET /favicon.ico HTTP/1.1" 200 0 "http://huayunshuhai.com/sign_in" "Mozilla/5.0 (Windows NT 10.0; WOW64) AppleWebKit/537.36 (KHTML, like Gecko) Chrome/58.0.3004.3 Safari/537.36"
192.168.33.1 - - [28/Aug/2017:02:58:51 +0000] "GET /sign_in HTTP/1.1" 200 1532 "-" "Mozilla/5.0 (Windows NT 10.0; WOW64) AppleWebKit/537.36 (KHTML, like Gecko) Chrome/58.0.3004.3 Safari/537.36"
192.168.33.1 - - [28/Aug/2017:02:58:51 +0000] "GET /favicon.ico HTTP/1.1" 200 0 "http://huayunshuhai.com/sign_in" "Mozilla/5.0 (Windows NT 10.0; WOW64) AppleWebKit/537.36 (KHTML, like Gecko) Chrome/58.0.3004.3 Safari/537.36"
192.168.33.1 - - [28/Aug/2017:02:59:23 +0000] "GET /sign_in HTTP/1.1" 200 1531 "-" "Mozilla/5.0 (Windows NT 10.0; WOW64) AppleWebKit/537.36 (KHTML, like Gecko) Chrome/58.0.3004.3 Safari/537.36"
192.168.33.1 - - [28/Aug/2017:02:59:32 +0000] "GET /sign_in HTTP/1.1" 200 1529 "-" "Mozilla/5.0 (Windows NT 10.0; WOW64) AppleWebKit/537.36 (KHTML, like Gecko) Chrome/58.0.3004.3 Safari/537.36"
192.168.33.1 - - [28/Aug/2017:02:59:43 +0000] "GET /sign_in HTTP/1.1" 200 1531 "-" "Mozilla/5.0 (Windows NT 10.0; WOW64) AppleWebKit/537.36 (KHTML, like Gecko) Chrome/58.0.3004.3 Safari/537.36"
192.168.33.1 - - [28/Aug/2017:03:00:38 +0000] "GET /sign_in HTTP/1.1" 200 1525 "-" "Mozilla/5.0 (Windows NT 10.0; WOW64) AppleWebKit/537.36 (KHTML, like Gecko) Chrome/58.0.3004.3 Safari/537.36"
192.168.33.1 - - [28/Aug/2017:03:00:44 +0000] "GET /sign_in HTTP/1.1" 200 1506 "-" "Mozilla/5.0 (Windows NT 10.0; WOW64) AppleWebKit/537.36 (KHTML, like Gecko) Chrome/58.0.3004.3 Safari/537.36"
192.168.33.1 - - [28/Aug/2017:03:01:05 +0000] "GET /sign_in HTTP/1.1" 200 1418 "-" "Mozilla/5.0 (Windows NT 10.0; WOW64) AppleWebKit/537.36 (KHTML, like Gecko) Chrome/58.0.3004.3 Safari/537.36"
192.168.33.1 - - [28/Aug/2017:03:01:19 +0000] "GET /sign_in HTTP/1.1" 200 1506 "-" "Mozilla/5.0 (Windows NT 10.0; WOW64) AppleWebKit/537.36 (KHTML, like Gecko) Chrome/58.0.3004.3 Safari/537.36"
192.168.33.1 - - [28/Aug/2017:03:01:31 +0000] "GET /sign_in HTTP/1.1" 200 1227 "-" "Mozilla/5.0 (Windows NT 10.0; WOW64) AppleWebKit/537.36 (KHTML, like Gecko) Chrome/58.0.3004.3 Safari/537.36"
192.168.33.1 - - [28/Aug/2017:03:02:36 +0000] "GET /sign_in HTTP/1.1" 200 1249 "-" "Mozilla/5.0 (Windows NT 10.0; WOW64) AppleWebKit/537.36 (KHTML, like Gecko) Chrome/58.0.3004.3 Safari/537.36"
192.168.33.1 - - [28/Aug/2017:03:03:31 +0000] "GET /sign_in HTTP/1.1" 200 1371 "-" "Mozilla/5.0 (Windows NT 10.0; WOW64) AppleWebKit/537.36 (KHTML, like Gecko) Chrome/58.0.3004.3 Safari/537.36"
192.168.33.1 - - [28/Aug/2017:03:03:48 +0000] "GET /sign_in HTTP/1.1" 200 1371 "-" "Mozilla/5.0 (Windows NT 10.0; WOW64) AppleWebKit/537.36 (KHTML, like Gecko) Chrome/58.0.3004.3 Safari/537.36"
192.168.33.1 - - [28/Aug/2017:03:04:04 +0000] "GET /sign_in HTTP/1.1" 200 1380 "-" "Mozilla/5.0 (Windows NT 10.0; WOW64) AppleWebKit/537.36 (KHTML, like Gecko) Chrome/58.0.3004.3 Safari/537.36"
192.168.33.1 - - [28/Aug/2017:03:04:12 +0000] "GET /sign_in HTTP/1.1" 200 1376 "-" "Mozilla/5.0 (Windows NT 10.0; WOW64) AppleWebKit/537.36 (KHTML, like Gecko) Chrome/58.0.3004.3 Safari/537.36"
192.168.33.1 - - [28/Aug/2017:03:05:08 +0000] "GET /sign_in HTTP/1.1" 200 1480 "-" "Mozilla/5.0 (Windows NT 10.0; WOW64) AppleWebKit/537.36 (KHTML, like Gecko) Chrome/58.0.3004.3 Safari/537.36"
192.168.33.1 - - [28/Aug/2017:03:05:34 +0000] "GET /sign_in HTTP/1.1" 200 1480 "-" "Mozilla/5.0 (Windows NT 10.0; WOW64) AppleWebKit/537.36 (KHTML, like Gecko) Chrome/58.0.3004.3 Safari/537.36"
192.168.33.1 - - [28/Aug/2017:03:05:54 +0000] "GET /sign_in HTTP/1.1" 200 1471 "-" "Mozilla/5.0 (Windows NT 10.0; WOW64) AppleWebKit/537.36 (KHTML, like Gecko) Chrome/58.0.3004.3 Safari/537.36"
192.168.33.1 - - [28/Aug/2017:03:08:10 +0000] "GET /sign_in HTTP/1.1" 200 1469 "-" "Mozilla/5.0 (Windows NT 10.0; WOW64) AppleWebKit/537.36 (KHTML, like Gecko) Chrome/58.0.3004.3 Safari/537.36"
192.168.33.1 - - [28/Aug/2017:03:08:29 +0000] "GET /sign_in HTTP/1.1" 200 1448 "-" "Mozilla/5.0 (Windows NT 10.0; WOW64) AppleWebKit/537.36 (KHTML, like Gecko) Chrome/58.0.3004.3 Safari/537.36"
192.168.33.1 - - [28/Aug/2017:03:08:41 +0000] "GET /sign_in HTTP/1.1" 200 1448 "-" "Mozilla/5.0 (Windows NT 10.0; WOW64) AppleWebKit/537.36 (KHTML, like Gecko) Chrome/58.0.3004.3 Safari/537.36"
192.168.33.1 - - [28/Aug/2017:03:09:36 +0000] "GET /sign_in HTTP/1.1" 200 1543 "-" "Mozilla/5.0 (Windows NT 10.0; WOW64) AppleWebKit/537.36 (KHTML, like Gecko) Chrome/58.0.3004.3 Safari/537.36"
192.168.33.1 - - [28/Aug/2017:03:10:24 +0000] "GET /sign_in HTTP/1.1" 200 1556 "-" "Mozilla/5.0 (Windows NT 10.0; WOW64) AppleWebKit/537.36 (KHTML, like Gecko) Chrome/58.0.3004.3 Safari/537.36"
192.168.33.1 - - [28/Aug/2017:03:11:10 +0000] "GET /sign_in HTTP/1.1" 200 1570 "-" "Mozilla/5.0 (Windows NT 10.0; WOW64) AppleWebKit/537.36 (KHTML, like Gecko) Chrome/58.0.3004.3 Safari/537.36"
192.168.33.1 - - [28/Aug/2017:03:13:53 +0000] "GET /sign_in HTTP/1.1" 200 1593 "-" "Mozilla/5.0 (Windows NT 10.0; WOW64) AppleWebKit/537.36 (KHTML, like Gecko) Chrome/58.0.3004.3 Safari/537.36"
192.168.33.1 - - [28/Aug/2017:03:13:53 +0000] "GET /bootstrap-3.3.7-dist/fonts/glyphicons-halflings-regular.woff2 HTTP/1.1" 200 0 "http://huayunshuhai.com/bootstrap-3.3.7-dist/css/bootstrap.min.css" "Mozilla/5.0 (Windows NT 10.0; WOW64) AppleWebKit/537.36 (KHTML, like Gecko) Chrome/58.0.3004.3 Safari/537.36"
192.168.33.1 - - [28/Aug/2017:03:13:53 +0000] "GET /bootstrap-3.3.7-dist/fonts/glyphicons-halflings-regular.woff HTTP/1.1" 200 0 "http://huayunshuhai.com/bootstrap-3.3.7-dist/css/bootstrap.min.css" "Mozilla/5.0 (Windows NT 10.0; WOW64) AppleWebKit/537.36 (KHTML, like Gecko) Chrome/58.0.3004.3 Safari/537.36"
192.168.33.1 - - [28/Aug/2017:03:13:53 +0000] "GET /bootstrap-3.3.7-dist/fonts/glyphicons-halflings-regular.ttf HTTP/1.1" 200 0 "http://huayunshuhai.com/bootstrap-3.3.7-dist/css/bootstrap.min.css" "Mozilla/5.0 (Windows NT 10.0; WOW64) AppleWebKit/537.36 (KHTML, like Gecko) Chrome/58.0.3004.3 Safari/537.36"
192.168.33.1 - - [28/Aug/2017:03:14:11 +0000] "GET /sign_in HTTP/1.1" 200 1366 "-" "Mozilla/5.0 (Windows NT 10.0; WOW64) AppleWebKit/537.36 (KHTML, like Gecko) Chrome/58.0.3004.3 Safari/537.36"
192.168.33.1 - - [28/Aug/2017:03:23:17 +0000] "GET /sign_in HTTP/1.1" 200 1378 "-" "Mozilla/5.0 (Windows NT 10.0; WOW64) AppleWebKit/537.36 (KHTML, like Gecko) Chrome/58.0.3004.3 Safari/537.36"
192.168.33.1 - - [28/Aug/2017:03:23:33 +0000] "GET /sign_in HTTP/1.1" 200 1386 "-" "Mozilla/5.0 (Windows NT 10.0; WOW64) AppleWebKit/537.36 (KHTML, like Gecko) Chrome/58.0.3004.3 Safari/537.36"
192.168.33.1 - - [28/Aug/2017:03:26:00 +0000] "GET /sign_in HTTP/1.1" 200 1390 "-" "Mozilla/5.0 (Windows NT 10.0; WOW64) AppleWebKit/537.36 (KHTML, like Gecko) Chrome/58.0.3004.3 Safari/537.36"
192.168.33.1 - - [28/Aug/2017:03:26:10 +0000] "GET /sign_in HTTP/1.1" 200 1385 "-" "Mozilla/5.0 (Windows NT 10.0; WOW64) AppleWebKit/537.36 (KHTML, like Gecko) Chrome/58.0.3004.3 Safari/537.36"
192.168.33.1 - - [28/Aug/2017:03:29:49 +0000] "GET /sign_in HTTP/1.1" 200 1359 "-" "Mozilla/5.0 (Windows NT 10.0; WOW64) AppleWebKit/537.36 (KHTML, like Gecko) Chrome/58.0.3004.3 Safari/537.36"
192.168.33.1 - - [28/Aug/2017:03:30:39 +0000] "GET /sign_in HTTP/1.1" 200 1462 "-" "Mozilla/5.0 (Windows NT 10.0; WOW64) AppleWebKit/537.36 (KHTML, like Gecko) Chrome/58.0.3004.3 Safari/537.36"
192.168.33.1 - - [28/Aug/2017:03:33:06 +0000] "GET /sign_in HTTP/1.1" 200 1462 "-" "Mozilla/5.0 (Windows NT 10.0; WOW64) AppleWebKit/537.36 (KHTML, like Gecko) Chrome/58.0.3004.3 Safari/537.36"
192.168.33.1 - - [28/Aug/2017:03:33:17 +0000] "GET /sign_in HTTP/1.1" 200 1467 "-" "Mozilla/5.0 (Windows NT 10.0; WOW64) AppleWebKit/537.36 (KHTML, like Gecko) Chrome/58.0.3004.3 Safari/537.36"
192.168.33.1 - - [28/Aug/2017:03:34:38 +0000] "GET /sign_in HTTP/1.1" 200 1456 "-" "Mozilla/5.0 (Windows NT 10.0; WOW64) AppleWebKit/537.36 (KHTML, like Gecko) Chrome/58.0.3004.3 Safari/537.36"
192.168.33.1 - - [28/Aug/2017:03:34:45 +0000] "GET /sign_in HTTP/1.1" 200 1456 "-" "Mozilla/5.0 (Windows NT 10.0; WOW64) AppleWebKit/537.36 (KHTML, like Gecko) Chrome/58.0.3004.3 Safari/537.36"
192.168.33.1 - - [28/Aug/2017:03:35:02 +0000] "GET /sign_in HTTP/1.1" 200 1456 "-" "Mozilla/5.0 (Windows NT 10.0; WOW64) AppleWebKit/537.36 (KHTML, like Gecko) Chrome/58.0.3004.3 Safari/537.36"
192.168.33.1 - - [28/Aug/2017:03:35:40 +0000] "GET /sign_in HTTP/1.1" 200 1454 "-" "Mozilla/5.0 (Windows NT 10.0; WOW64) AppleWebKit/537.36 (KHTML, like Gecko) Chrome/58.0.3004.3 Safari/537.36"
192.168.33.1 - - [28/Aug/2017:03:35:56 +0000] "GET /sign_in HTTP/1.1" 200 1454 "-" "Mozilla/5.0 (Windows NT 10.0; WOW64) AppleWebKit/537.36 (KHTML, like Gecko) Chrome/58.0.3004.3 Safari/537.36"
192.168.33.1 - - [28/Aug/2017:03:37:26 +0000] "GET /sign_in HTTP/1.1" 200 1455 "-" "Mozilla/5.0 (Windows NT 10.0; WOW64) AppleWebKit/537.36 (KHTML, like Gecko) Chrome/58.0.3004.3 Safari/537.36"
192.168.33.1 - - [28/Aug/2017:04:10:59 +0000] "GET /sign_in HTTP/1.1" 200 1455 "-" "Mozilla/5.0 (Windows NT 10.0; WOW64) AppleWebKit/537.36 (KHTML, like Gecko) Chrome/58.0.3004.3 Safari/537.36"
192.168.33.1 - - [28/Aug/2017:04:11:45 +0000] "GET /sign_in HTTP/1.1" 200 1455 "-" "Mozilla/5.0 (Windows NT 10.0; WOW64) AppleWebKit/537.36 (KHTML, like Gecko) Chrome/58.0.3004.3 Safari/537.36"
192.168.33.1 - - [28/Aug/2017:04:13:25 +0000] "GET /sign_in HTTP/1.1" 200 1455 "-" "Mozilla/5.0 (Windows NT 10.0; WOW64) AppleWebKit/537.36 (KHTML, like Gecko) Chrome/58.0.3004.3 Safari/537.36"
192.168.33.1 - - [28/Aug/2017:05:40:39 +0000] "GET /sign_in HTTP/1.1" 200 1455 "-" "Mozilla/5.0 (Windows NT 10.0; WOW64) AppleWebKit/537.36 (KHTML, like Gecko) Chrome/58.0.3004.3 Safari/537.36"
192.168.33.1 - - [28/Aug/2017:05:54:16 +0000] "GET /sign_in HTTP/1.1" 200 1455 "-" "Mozilla/5.0 (Windows NT 10.0; WOW64) AppleWebKit/537.36 (KHTML, like Gecko) Chrome/58.0.3004.3 Safari/537.36"
192.168.33.1 - - [28/Aug/2017:06:37:50 +0000] "GET / HTTP/1.1" 302 408 "-" "Mozilla/5.0 (Windows NT 10.0; WOW64) AppleWebKit/537.36 (KHTML, like Gecko) Chrome/58.0.3004.3 Safari/537.36"
172.18.0.3 - - [28/Aug/2017:06:37:53 +0000] "POST /organization/school/get_school_and_group HTTP/1.1" 200 121 "wgroup.dev.4000669696.com" "Weiyuyan\x5CCommon\x5CCurl/1.0 curl"
192.168.33.1 - - [28/Aug/2017:06:37:53 +0000] "GET /login HTTP/1.1" 200 1640 "-" "Mozilla/5.0 (Windows NT 10.0; WOW64) AppleWebKit/537.36 (KHTML, like Gecko) Chrome/58.0.3004.3 Safari/537.36"
192.168.33.1 - - [28/Aug/2017:06:37:53 +0000] "GET /logins/css/bootstrap.min.css HTTP/1.1" 200 114011 "http://wgroup.dev.4000669696.com/login" "Mozilla/5.0 (Windows NT 10.0; WOW64) AppleWebKit/537.36 (KHTML, like Gecko) Chrome/58.0.3004.3 Safari/537.36"
192.168.33.1 - - [28/Aug/2017:06:37:53 +0000] "GET /plugins/jQuery/jQuery-2.1.4.min.js HTTP/1.1" 200 84345 "http://wgroup.dev.4000669696.com/login" "Mozilla/5.0 (Windows NT 10.0; WOW64) AppleWebKit/537.36 (KHTML, like Gecko) Chrome/58.0.3004.3 Safari/537.36"
192.168.33.1 - - [28/Aug/2017:06:37:53 +0000] "GET /logins/css/login.css HTTP/1.1" 200 1591 "http://wgroup.dev.4000669696.com/login" "Mozilla/5.0 (Windows NT 10.0; WOW64) AppleWebKit/537.36 (KHTML, like Gecko) Chrome/58.0.3004.3 Safari/537.36"
192.168.33.1 - - [28/Aug/2017:06:37:53 +0000] "GET /dist/css/jquery.shCircleLoader.css HTTP/1.1" 200 2364 "http://wgroup.dev.4000669696.com/login" "Mozilla/5.0 (Windows NT 10.0; WOW64) AppleWebKit/537.36 (KHTML, like Gecko) Chrome/58.0.3004.3 Safari/537.36"
192.168.33.1 - - [28/Aug/2017:06:37:53 +0000] "GET /dist/js/jquery.shCircleLoader-min.js HTTP/1.1" 200 3267 "http://wgroup.dev.4000669696.com/login" "Mozilla/5.0 (Windows NT 10.0; WOW64) AppleWebKit/537.36 (KHTML, like Gecko) Chrome/58.0.3004.3 Safari/537.36"
192.168.33.1 - - [28/Aug/2017:06:37:53 +0000] "GET /logins/js/login.js HTTP/1.1" 200 5770 "http://wgroup.dev.4000669696.com/login" "Mozilla/5.0 (Windows NT 10.0; WOW64) AppleWebKit/537.36 (KHTML, like Gecko) Chrome/58.0.3004.3 Safari/537.36"
192.168.33.1 - - [28/Aug/2017:06:37:53 +0000] "GET /logins/images/center.png HTTP/1.1" 200 2756 "http://wgroup.dev.4000669696.com/logins/css/login.css" "Mozilla/5.0 (Windows NT 10.0; WOW64) AppleWebKit/537.36 (KHTML, like Gecko) Chrome/58.0.3004.3 Safari/537.36"
192.168.33.1 - - [28/Aug/2017:06:37:53 +0000] "GET /logins/images/pwd.png HTTP/1.1" 200 1410 "http://wgroup.dev.4000669696.com/logins/css/login.css" "Mozilla/5.0 (Windows NT 10.0; WOW64) AppleWebKit/537.36 (KHTML, like Gecko) Chrome/58.0.3004.3 Safari/537.36"
192.168.33.1 - - [28/Aug/2017:06:37:53 +0000] "GET /logins/images/bg.jpg HTTP/1.1" 200 620807 "http://wgroup.dev.4000669696.com/logins/css/login.css" "Mozilla/5.0 (Windows NT 10.0; WOW64) AppleWebKit/537.36 (KHTML, like Gecko) Chrome/58.0.3004.3 Safari/537.36"
192.168.33.1 - - [28/Aug/2017:06:37:53 +0000] "GET /logins/images/user.png HTTP/1.1" 200 1446 "http://wgroup.dev.4000669696.com/logins/css/login.css" "Mozilla/5.0 (Windows NT 10.0; WOW64) AppleWebKit/537.36 (KHTML, like Gecko) Chrome/58.0.3004.3 Safari/537.36"
172.18.0.3 - - [28/Aug/2017:06:37:54 +0000] "POST /organization/school/get_school_and_group HTTP/1.1" 200 121 "wgroup.dev.4000669696.com" "Weiyuyan\x5CCommon\x5CCurl/1.0 curl"
192.168.33.1 - - [28/Aug/2017:06:37:55 +0000] "GET /code/captcha_forget/1 HTTP/1.1" 200 1528 "http://wgroup.dev.4000669696.com/login" "Mozilla/5.0 (Windows NT 10.0; WOW64) AppleWebKit/537.36 (KHTML, like Gecko) Chrome/58.0.3004.3 Safari/537.36"
192.168.33.1 - - [28/Aug/2017:06:37:55 +0000] "GET /favicon.ico HTTP/1.1" 304 0 "http://wgroup.dev.4000669696.com/login" "Mozilla/5.0 (Windows NT 10.0; WOW64) AppleWebKit/537.36 (KHTML, like Gecko) Chrome/58.0.3004.3 Safari/537.36"
172.18.0.3 - - [28/Aug/2017:06:38:01 +0000] "POST /organization/school/get_school_and_group HTTP/1.1" 200 121 "wgroup.dev.4000669696.com" "Weiyuyan\x5CCommon\x5CCurl/1.0 curl"
172.18.0.3 - - [28/Aug/2017:06:38:03 +0000] "POST /organization/manager/sign_in HTTP/1.1" 200 422 "wgroup.dev.4000669696.com" "Weiyuyan\x5CCommon\x5CCurl/1.0 curl"
192.168.33.1 - - [28/Aug/2017:06:38:03 +0000] "POST /login HTTP/1.1" 302 408 "http://wgroup.dev.4000669696.com/login" "Mozilla/5.0 (Windows NT 10.0; WOW64) AppleWebKit/537.36 (KHTML, like Gecko) Chrome/58.0.3004.3 Safari/537.36"
192.168.33.1 - - [28/Aug/2017:06:38:03 +0000] "GET /admin HTTP/1.1" 200 5084 "http://wgroup.dev.4000669696.com/login" "Mozilla/5.0 (Windows NT 10.0; WOW64) AppleWebKit/537.36 (KHTML, like Gecko) Chrome/58.0.3004.3 Safari/537.36"
192.168.33.1 - - [28/Aug/2017:06:38:03 +0000] "GET /bootstrap/css/bootstrap-reset.css HTTP/1.1" 200 16941 "http://wgroup.dev.4000669696.com/admin" "Mozilla/5.0 (Windows NT 10.0; WOW64) AppleWebKit/537.36 (KHTML, like Gecko) Chrome/58.0.3004.3 Safari/537.36"
192.168.33.1 - - [28/Aug/2017:06:38:03 +0000] "GET /dist/css/skins/_all-skins.min.css HTTP/1.1" 200 41878 "http://wgroup.dev.4000669696.com/admin" "Mozilla/5.0 (Windows NT 10.0; WOW64) AppleWebKit/537.36 (KHTML, like Gecko) Chrome/58.0.3004.3 Safari/537.36"
192.168.33.1 - - [28/Aug/2017:06:38:03 +0000] "GET /bootstrap/css/font-awesome.min.css HTTP/1.1" 200 23739 "http://wgroup.dev.4000669696.com/admin" "Mozilla/5.0 (Windows NT 10.0; WOW64) AppleWebKit/537.36 (KHTML, like Gecko) Chrome/58.0.3004.3 Safari/537.36"
192.168.33.1 - - [28/Aug/2017:06:38:03 +0000] "GET /plugins/datetimepicker/css/bootstrap-datetimepicker.min.css HTTP/1.1" 200 11276 "http://wgroup.dev.4000669696.com/admin" "Mozilla/5.0 (Windows NT 10.0; WOW64) AppleWebKit/537.36 (KHTML, like Gecko) Chrome/58.0.3004.3 Safari/537.36"
192.168.33.1 - - [28/Aug/2017:06:38:03 +0000] "GET /bootstrap/css/bootstrap.min.css HTTP/1.1" 200 117305 "http://wgroup.dev.4000669696.com/admin" "Mozilla/5.0 (Windows NT 10.0; WOW64) AppleWebKit/537.36 (KHTML, like Gecko) Chrome/58.0.3004.3 Safari/537.36"
192.168.33.1 - - [28/Aug/2017:06:38:03 +0000] "GET /dist/css/AdminLTE.min.css HTTP/1.1" 200 89760 "http://wgroup.dev.4000669696.com/admin" "Mozilla/5.0 (Windows NT 10.0; WOW64) AppleWebKit/537.36 (KHTML, like Gecko) Chrome/58.0.3004.3 Safari/537.36"
192.168.33.1 - - [28/Aug/2017:06:38:03 +0000] "GET /plugins/morris/morris.css HTTP/1.1" 200 428 "http://wgroup.dev.4000669696.com/admin" "Mozilla/5.0 (Windows NT 10.0; WOW64) AppleWebKit/537.36 (KHTML, like Gecko) Chrome/58.0.3004.3 Safari/537.36"
192.168.33.1 - - [28/Aug/2017:06:38:03 +0000] "GET /bootstrap/css/ionicons.min.css HTTP/1.1" 200 51283 "http://wgroup.dev.4000669696.com/admin" "Mozilla/5.0 (Windows NT 10.0; WOW64) AppleWebKit/537.36 (KHTML, like Gecko) Chrome/58.0.3004.3 Safari/537.36"
192.168.33.1 - - [28/Aug/2017:06:38:03 +0000] "GET /plugins/daterangepicker/daterangepicker-bs3.css HTTP/1.1" 200 6767 "http://wgroup.dev.4000669696.com/admin" "Mozilla/5.0 (Windows NT 10.0; WOW64) AppleWebKit/537.36 (KHTML, like Gecko) Chrome/58.0.3004.3 Safari/537.36"
192.168.33.1 - - [28/Aug/2017:06:38:03 +0000] "GET /plugins/datepicker/datepicker3.css HTTP/1.1" 200 33745 "http://wgroup.dev.4000669696.com/admin" "Mozilla/5.0 (Windows NT 10.0; WOW64) AppleWebKit/537.36 (KHTML, like Gecko) Chrome/58.0.3004.3 Safari/537.36"
192.168.33.1 - - [28/Aug/2017:06:38:03 +0000] "GET /css/groupStatisCampusAll.css HTTP/1.1" 200 5535 "http://wgroup.dev.4000669696.com/admin" "Mozilla/5.0 (Windows NT 10.0; WOW64) AppleWebKit/537.36 (KHTML, like Gecko) Chrome/58.0.3004.3 Safari/537.36"
192.168.33.1 - - [28/Aug/2017:06:38:03 +0000] "GET /plugins/iCheck/flat/blue.css HTTP/1.1" 200 1428 "http://wgroup.dev.4000669696.com/admin" "Mozilla/5.0 (Windows NT 10.0; WOW64) AppleWebKit/537.36 (KHTML, like Gecko) Chrome/58.0.3004.3 Safari/537.36"
192.168.33.1 - - [28/Aug/2017:06:38:03 +0000] "GET /css/sweet-alert.min.css HTTP/1.1" 200 8985 "http://wgroup.dev.4000669696.com/admin" "Mozilla/5.0 (Windows NT 10.0; WOW64) AppleWebKit/537.36 (KHTML, like Gecko) Chrome/58.0.3004.3 Safari/537.36"
192.168.33.1 - - [28/Aug/2017:06:38:03 +0000] "GET /css/report.css HTTP/1.1" 200 6787 "http://wgroup.dev.4000669696.com/admin" "Mozilla/5.0 (Windows NT 10.0; WOW64) AppleWebKit/537.36 (KHTML, like Gecko) Chrome/58.0.3004.3 Safari/537.36"
192.168.33.1 - - [28/Aug/2017:06:38:03 +0000] "GET /plugins/bootstrap-wysihtml5/bootstrap3-wysihtml5.min.css HTTP/1.1" 200 2226 "http://wgroup.dev.4000669696.com/admin" "Mozilla/5.0 (Windows NT 10.0; WOW64) AppleWebKit/537.36 (KHTML, like Gecko) Chrome/58.0.3004.3 Safari/537.36"
192.168.33.1 - - [28/Aug/2017:06:38:03 +0000] "GET /dist/css/css.css HTTP/1.1" 200 1709 "http://wgroup.dev.4000669696.com/admin" "Mozilla/5.0 (Windows NT 10.0; WOW64) AppleWebKit/537.36 (KHTML, like Gecko) Chrome/58.0.3004.3 Safari/537.36"
192.168.33.1 - - [28/Aug/2017:06:38:03 +0000] "GET /plugins/jvectormap/jquery-jvectormap-1.2.2.css HTTP/1.1" 200 824 "http://wgroup.dev.4000669696.com/admin" "Mozilla/5.0 (Windows NT 10.0; WOW64) AppleWebKit/537.36 (KHTML, like Gecko) Chrome/58.0.3004.3 Safari/537.36"
192.168.33.1 - - [28/Aug/2017:06:38:04 +0000] "GET /dist/css/bootstrapValidator.css HTTP/1.1" 200 700 "http://wgroup.dev.4000669696.com/admin" "Mozilla/5.0 (Windows NT 10.0; WOW64) AppleWebKit/537.36 (KHTML, like Gecko) Chrome/58.0.3004.3 Safari/537.36"
192.168.33.1 - - [28/Aug/2017:06:38:04 +0000] "GET /plugins/morris/morris.min.js HTTP/1.1" 200 35652 "http://wgroup.dev.4000669696.com/admin" "Mozilla/5.0 (Windows NT 10.0; WOW64) AppleWebKit/537.36 (KHTML, like Gecko) Chrome/58.0.3004.3 Safari/537.36"
192.168.33.1 - - [28/Aug/2017:06:38:03 +0000] "GET /css/campus.css HTTP/1.1" 200 8114 "http://wgroup.dev.4000669696.com/admin" "Mozilla/5.0 (Windows NT 10.0; WOW64) AppleWebKit/537.36 (KHTML, like Gecko) Chrome/58.0.3004.3 Safari/537.36"
192.168.33.1 - - [28/Aug/2017:06:38:04 +0000] "GET /dist/js/jquery-ui.min.js HTTP/1.1" 200 240427 "http://wgroup.dev.4000669696.com/admin" "Mozilla/5.0 (Windows NT 10.0; WOW64) AppleWebKit/537.36 (KHTML, like Gecko) Chrome/58.0.3004.3 Safari/537.36"
192.168.33.1 - - [28/Aug/2017:06:38:04 +0000] "GET /plugins/jvectormap/jquery-jvectormap-world-mill-en.js HTTP/1.1" 200 144313 "http://wgroup.dev.4000669696.com/admin" "Mozilla/5.0 (Windows NT 10.0; WOW64) AppleWebKit/537.36 (KHTML, like Gecko) Chrome/58.0.3004.3 Safari/537.36"
192.168.33.1 - - [28/Aug/2017:06:38:04 +0000] "GET /bootstrap/js/bootstrap.min.js HTTP/1.1" 200 35951 "http://wgroup.dev.4000669696.com/admin" "Mozilla/5.0 (Windows NT 10.0; WOW64) AppleWebKit/537.36 (KHTML, like Gecko) Chrome/58.0.3004.3 Safari/537.36"
192.168.33.1 - - [28/Aug/2017:06:38:04 +0000] "GET /dist/js/moment.min.js HTTP/1.1" 200 34171 "http://wgroup.dev.4000669696.com/admin" "Mozilla/5.0 (Windows NT 10.0; WOW64) AppleWebKit/537.36 (KHTML, like Gecko) Chrome/58.0.3004.3 Safari/537.36"
192.168.33.1 - - [28/Aug/2017:06:38:04 +0000] "GET /plugins/sparkline/jquery.sparkline.min.js HTTP/1.1" 200 43247 "http://wgroup.dev.4000669696.com/admin" "Mozilla/5.0 (Windows NT 10.0; WOW64) AppleWebKit/537.36 (KHTML, like Gecko) Chrome/58.0.3004.3 Safari/537.36"
192.168.33.1 - - [28/Aug/2017:06:38:04 +0000] "GET /plugins/jvectormap/jquery-jvectormap-1.2.2.min.js HTTP/1.1" 200 33323 "http://wgroup.dev.4000669696.com/admin" "Mozilla/5.0 (Windows NT 10.0; WOW64) AppleWebKit/537.36 (KHTML, like Gecko) Chrome/58.0.3004.3 Safari/537.36"
192.168.33.1 - - [28/Aug/2017:06:38:04 +0000] "GET /plugins/daterangepicker/daterangepicker.js HTTP/1.1" 200 53679 "http://wgroup.dev.4000669696.com/admin" "Mozilla/5.0 (Windows NT 10.0; WOW64) AppleWebKit/537.36 (KHTML, like Gecko) Chrome/58.0.3004.3 Safari/537.36"
192.168.33.1 - - [28/Aug/2017:06:38:04 +0000] "GET /plugins/knob/jquery.knob.js HTTP/1.1" 200 26222 "http://wgroup.dev.4000669696.com/admin" "Mozilla/5.0 (Windows NT 10.0; WOW64) AppleWebKit/537.36 (KHTML, like Gecko) Chrome/58.0.3004.3 Safari/537.36"
192.168.33.1 - - [28/Aug/2017:06:38:04 +0000] "GET /plugins/datetimepicker/js/bootstrap-datetimepicker.min.js HTTP/1.1" 200 39213 "http://wgroup.dev.4000669696.com/admin" "Mozilla/5.0 (Windows NT 10.0; WOW64) AppleWebKit/537.36 (KHTML, like Gecko) Chrome/58.0.3004.3 Safari/537.36"
192.168.33.1 - - [28/Aug/2017:06:38:04 +0000] "GET /plugins/datepicker/bootstrap-datepicker.js HTTP/1.1" 200 46838 "http://wgroup.dev.4000669696.com/admin" "Mozilla/5.0 (Windows NT 10.0; WOW64) AppleWebKit/537.36 (KHTML, like Gecko) Chrome/58.0.3004.3 Safari/537.36"
192.168.33.1 - - [28/Aug/2017:06:38:04 +0000] "GET /plugins/slimScroll/jquery.slimscroll.min.js HTTP/1.1" 200 6230 "http://wgroup.dev.4000669696.com/admin" "Mozilla/5.0 (Windows NT 10.0; WOW64) AppleWebKit/537.36 (KHTML, like Gecko) Chrome/58.0.3004.3 Safari/537.36"
192.168.33.1 - - [28/Aug/2017:06:38:04 +0000] "GET /dist/js/demo.js HTTP/1.1" 200 17268 "http://wgroup.dev.4000669696.com/admin" "Mozilla/5.0 (Windows NT 10.0; WOW64) AppleWebKit/537.36 (KHTML, like Gecko) Chrome/58.0.3004.3 Safari/537.36"
192.168.33.1 - - [28/Aug/2017:06:38:04 +0000] "GET /js/jquery.showLoading.min.js HTTP/1.1" 200 4779 "http://wgroup.dev.4000669696.com/admin" "Mozilla/5.0 (Windows NT 10.0; WOW64) AppleWebKit/537.36 (KHTML, like Gecko) Chrome/58.0.3004.3 Safari/537.36"
192.168.33.1 - - [28/Aug/2017:06:38:04 +0000] "GET /plugins/bootstrap-wysihtml5/bootstrap3-wysihtml5.all.min.js HTTP/1.1" 200 210932 "http://wgroup.dev.4000669696.com/admin" "Mozilla/5.0 (Windows NT 10.0; WOW64) AppleWebKit/537.36 (KHTML, like Gecko) Chrome/58.0.3004.3 Safari/537.36"
192.168.33.1 - - [28/Aug/2017:06:38:04 +0000] "GET /plugins/fastclick/fastclick.min.js HTTP/1.1" 200 8776 "http://wgroup.dev.4000669696.com/admin" "Mozilla/5.0 (Windows NT 10.0; WOW64) AppleWebKit/537.36 (KHTML, like Gecko) Chrome/58.0.3004.3 Safari/537.36"
192.168.33.1 - - [28/Aug/2017:06:38:04 +0000] "GET /dist/js/app.min.js HTTP/1.1" 200 9684 "http://wgroup.dev.4000669696.com/admin" "Mozilla/5.0 (Windows NT 10.0; WOW64) AppleWebKit/537.36 (KHTML, like Gecko) Chrome/58.0.3004.3 Safari/537.36"
192.168.33.1 - - [28/Aug/2017:06:38:04 +0000] "GET /js/jquery.validate.min.js HTTP/1.1" 200 21584 "http://wgroup.dev.4000669696.com/admin" "Mozilla/5.0 (Windows NT 10.0; WOW64) AppleWebKit/537.36 (KHTML, like Gecko) Chrome/58.0.3004.3 Safari/537.36"
192.168.33.1 - - [28/Aug/2017:06:38:04 +0000] "GET /dist/js/myScript.js HTTP/1.1" 200 433 "http://wgroup.dev.4000669696.com/admin" "Mozilla/5.0 (Windows NT 10.0; WOW64) AppleWebKit/537.36 (KHTML, like Gecko) Chrome/58.0.3004.3 Safari/537.36"
192.168.33.1 - - [28/Aug/2017:06:38:04 +0000] "GET /lib/layer/layer.js HTTP/1.1" 200 19843 "http://wgroup.dev.4000669696.com/admin" "Mozilla/5.0 (Windows NT 10.0; WOW64) AppleWebKit/537.36 (KHTML, like Gecko) Chrome/58.0.3004.3 Safari/537.36"
192.168.33.1 - - [28/Aug/2017:06:38:04 +0000] "GET /dist/js/bootstrapValidator.js HTTP/1.1" 200 325844 "http://wgroup.dev.4000669696.com/admin" "Mozilla/5.0 (Windows NT 10.0; WOW64) AppleWebKit/537.36 (KHTML, like Gecko) Chrome/58.0.3004.3 Safari/537.36"
192.168.33.1 - - [28/Aug/2017:06:38:04 +0000] "GET /group_information/scripts/echarts.js HTTP/1.1" 200 2017352 "http://wgroup.dev.4000669696.com/admin" "Mozilla/5.0 (Windows NT 10.0; WOW64) AppleWebKit/537.36 (KHTML, like Gecko) Chrome/58.0.3004.3 Safari/537.36"
192.168.33.1 - - [28/Aug/2017:06:38:04 +0000] "GET /layer/layer.js HTTP/1.1" 200 19843 "http://wgroup.dev.4000669696.com/admin" "Mozilla/5.0 (Windows NT 10.0; WOW64) AppleWebKit/537.36 (KHTML, like Gecko) Chrome/58.0.3004.3 Safari/537.36"
192.168.33.1 - - [28/Aug/2017:06:38:04 +0000] "GET /dist/img/user2-160x160.jpg HTTP/1.1" 200 7070 "http://wgroup.dev.4000669696.com/admin" "Mozilla/5.0 (Windows NT 10.0; WOW64) AppleWebKit/537.36 (KHTML, like Gecko) Chrome/58.0.3004.3 Safari/537.36"
192.168.33.1 - - [28/Aug/2017:06:38:04 +0000] "GET /images/groupbg.jpg HTTP/1.1" 200 106287 "http://wgroup.dev.4000669696.com/admin" "Mozilla/5.0 (Windows NT 10.0; WOW64) AppleWebKit/537.36 (KHTML, like Gecko) Chrome/58.0.3004.3 Safari/537.36"
192.168.33.1 - - [28/Aug/2017:06:38:04 +0000] "GET /lib/layer/skin/layer.css HTTP/1.1" 200 14042 "http://wgroup.dev.4000669696.com/admin" "Mozilla/5.0 (Windows NT 10.0; WOW64) AppleWebKit/537.36 (KHTML, like Gecko) Chrome/58.0.3004.3 Safari/537.36"
192.168.33.1 - - [28/Aug/2017:06:38:04 +0000] "GET /bootstrap/fonts/fontawesome-webfont.woff2?v=4.3.0 HTTP/1.1" 200 56780 "http://wgroup.dev.4000669696.com/bootstrap/css/font-awesome.min.css" "Mozilla/5.0 (Windows NT 10.0; WOW64) AppleWebKit/537.36 (KHTML, like Gecko) Chrome/58.0.3004.3 Safari/537.36"
192.168.33.1 - - [28/Aug/2017:06:38:04 +0000] "GET /dist/css/font/ODelI1aHBYDBqgeIAH2zlNV_2ngZ8dMf8fLgjYEouxg.woff2 HTTP/1.1" 200 14308 "http://wgroup.dev.4000669696.com/dist/css/css.css" "Mozilla/5.0 (Windows NT 10.0; WOW64) AppleWebKit/537.36 (KHTML, like Gecko) Chrome/58.0.3004.3 Safari/537.36"
192.168.33.1 - - [28/Aug/2017:06:38:04 +0000] "GET /dist/css/font/toadOcfmlt9b38dHJxOBGEo0As1BFRXtCDhS66znb_k.woff2 HTTP/1.1" 200 13892 "http://wgroup.dev.4000669696.com/dist/css/css.css" "Mozilla/5.0 (Windows NT 10.0; WOW64) AppleWebKit/537.36 (KHTML, like Gecko) Chrome/58.0.3004.3 Safari/537.36"
172.18.0.3 - - [28/Aug/2017:06:43:56 +0000] "POST /student/info/search HTTP/1.1" 200 82 "wgroup.dev.4000669696.com" "Weiyuyan\x5CCommon\x5CCurl/1.0 curl"
192.168.33.1 - - [28/Aug/2017:06:43:56 +0000] "GET /student HTTP/1.1" 200 8177 "http://wgroup.dev.4000669696.com/admin" "Mozilla/5.0 (Windows NT 10.0; WOW64) AppleWebKit/537.36 (KHTML, like Gecko) Chrome/58.0.3004.3 Safari/537.36"
192.168.33.1 - - [28/Aug/2017:06:43:56 +0000] "GET /js/layer/layer.js HTTP/1.1" 200 21344 "http://wgroup.dev.4000669696.com/student" "Mozilla/5.0 (Windows NT 10.0; WOW64) AppleWebKit/537.36 (KHTML, like Gecko) Chrome/58.0.3004.3 Safari/537.36"
192.168.33.1 - - [28/Aug/2017:06:43:56 +0000] "GET /js/layer/skin/default/layer.css?v=3.0.11110 HTTP/1.1" 200 14296 "http://wgroup.dev.4000669696.com/student" "Mozilla/5.0 (Windows NT 10.0; WOW64) AppleWebKit/537.36 (KHTML, like Gecko) Chrome/58.0.3004.3 Safari/537.36"
172.18.0.3 - - [28/Aug/2017:06:44:02 +0000] "POST /student/info/search HTTP/1.1" 200 82 "wgroup.dev.4000669696.com" "Weiyuyan\x5CCommon\x5CCurl/1.0 curl"
192.168.33.1 - - [28/Aug/2017:06:44:03 +0000] "GET /export_student_list?searchType[0]=group_id&searchType[1]=school_id&searchType[2]=class_type&searchType[3]=status&search[0]=6ea3dd88605c11e7a1ad00163e106fb7&search[1]=5658355c606211e79a5900163e106fb7&search[2]=1&search[3]=0& HTTP/1.1" 499 0 "http://wgroup.dev.4000669696.com/student" "Mozilla/5.0 (Windows NT 10.0; WOW64) AppleWebKit/537.36 (KHTML, like Gecko) Chrome/58.0.3004.3 Safari/537.36"
172.18.0.3 - - [28/Aug/2017:06:44:27 +0000] "POST /student/info/search HTTP/1.1" 200 82 "wgroup.dev.4000669696.com" "Weiyuyan\x5CCommon\x5CCurl/1.0 curl"
192.168.33.1 - - [28/Aug/2017:06:44:28 +0000] "GET /export_student_list?searchType[0]=group_id&searchType[1]=school_id&searchType[2]=class_type&searchType[3]=status&search[0]=6ea3dd88605c11e7a1ad00163e106fb7&search[1]=5658355c606211e79a5900163e106fb7&search[2]=1&search[3]=0& HTTP/1.1" 200 4115 "http://wgroup.dev.4000669696.com/student" "Mozilla/5.0 (Windows NT 10.0; WOW64) AppleWebKit/537.36 (KHTML, like Gecko) Chrome/58.0.3004.3 Safari/537.36"
172.18.0.3 - - [28/Aug/2017:06:45:41 +0000] "POST /organization/school/get_school_and_group HTTP/1.1" 200 121 "wgroup.dev.4000669696.com" "Weiyuyan\x5CCommon\x5CCurl/1.0 curl"
172.18.0.3 - - [28/Aug/2017:06:45:42 +0000] "POST /organization/manager/sign_in HTTP/1.1" 200 422 "wgroup.dev.4000669696.com" "Weiyuyan\x5CCommon\x5CCurl/1.0 curl"
192.168.33.1 - - [28/Aug/2017:06:45:42 +0000] "POST /login HTTP/1.1" 302 408 "http://wgroup.dev.4000669696.com/login" "Mozilla/5.0 (Windows NT 10.0; WOW64) AppleWebKit/537.36 (KHTML, like Gecko) Chrome/58.0.3004.3 Safari/537.36"
192.168.33.1 - - [28/Aug/2017:06:45:43 +0000] "GET /admin HTTP/1.1" 200 5084 "http://wgroup.dev.4000669696.com/login" "Mozilla/5.0 (Windows NT 10.0; WOW64) AppleWebKit/537.36 (KHTML, like Gecko) Chrome/58.0.3004.3 Safari/537.36"
192.168.33.1 - - [28/Aug/2017:06:46:10 +0000] "GET /student HTTP/1.1" 200 2371 "http://wgroup.dev.4000669696.com/admin" "Mozilla/5.0 (Windows NT 10.0; WOW64) AppleWebKit/537.36 (KHTML, like Gecko) Chrome/58.0.3004.3 Safari/537.36"
172.18.0.3 - - [28/Aug/2017:06:46:17 +0000] "POST /student/info/search HTTP/1.1" 200 82 "wgroup.dev.4000669696.com" "Weiyuyan\x5CCommon\x5CCurl/1.0 curl"
192.168.33.1 - - [28/Aug/2017:06:46:17 +0000] "GET /student HTTP/1.1" 200 8177 "http://wgroup.dev.4000669696.com/admin" "Mozilla/5.0 (Windows NT 10.0; WOW64) AppleWebKit/537.36 (KHTML, like Gecko) Chrome/58.0.3004.3 Safari/537.36"
192.168.33.1 - - [28/Aug/2017:06:46:17 +0000] "GET /favicon.ico HTTP/1.1" 200 0 "http://wgroup.dev.4000669696.com/student" "Mozilla/5.0 (Windows NT 10.0; WOW64) AppleWebKit/537.36 (KHTML, like Gecko) Chrome/58.0.3004.3 Safari/537.36"
192.168.33.1 - - [28/Aug/2017:06:46:21 +0000] "GET /export_student_list?searchType[0]=group_id&searchType[1]=school_id&searchType[2]=class_type&searchType[3]=status&search[0]=6ea3dd88605c11e7a1ad00163e106fb7&search[1]=5658355c606211e79a5900163e106fb7&search[2]=1&search[3]=0& HTTP/1.1" 200 2382 "http://wgroup.dev.4000669696.com/student" "Mozilla/5.0 (Windows NT 10.0; WOW64) AppleWebKit/537.36 (KHTML, like Gecko) Chrome/58.0.3004.3 Safari/537.36"
192.168.33.1 - - [28/Aug/2017:06:48:37 +0000] "GET /export_student_list?searchType[0]=group_id&searchType[1]=school_id&searchType[2]=class_type&searchType[3]=status&search[0]=6ea3dd88605c11e7a1ad00163e106fb7&search[1]=5658355c606211e79a5900163e106fb7&search[2]=1&search[3]=0& HTTP/1.1" 200 2381 "http://wgroup.dev.4000669696.com/student" "Mozilla/5.0 (Windows NT 10.0; WOW64) AppleWebKit/537.36 (KHTML, like Gecko) Chrome/58.0.3004.3 Safari/537.36"
192.168.33.1 - - [28/Aug/2017:06:48:37 +0000] "GET /favicon.ico HTTP/1.1" 200 0 "http://wgroup.dev.4000669696.com/export_student_list?searchType[0]=group_id&searchType[1]=school_id&searchType[2]=class_type&searchType[3]=status&search[0]=6ea3dd88605c11e7a1ad00163e106fb7&search[1]=5658355c606211e79a5900163e106fb7&search[2]=1&search[3]=0&" "Mozilla/5.0 (Windows NT 10.0; WOW64) AppleWebKit/537.36 (KHTML, like Gecko) Chrome/58.0.3004.3 Safari/537.36"
192.168.33.1 - - [28/Aug/2017:06:49:25 +0000] "GET /export_student_list?searchType[0]=group_id&searchType[1]=school_id&searchType[2]=class_type&searchType[3]=status&search[0]=6ea3dd88605c11e7a1ad00163e106fb7&search[1]=5658355c606211e79a5900163e106fb7&search[2]=1&search[3]=0& HTTP/1.1" 200 2381 "http://wgroup.dev.4000669696.com/student" "Mozilla/5.0 (Windows NT 10.0; WOW64) AppleWebKit/537.36 (KHTML, like Gecko) Chrome/58.0.3004.3 Safari/537.36"
192.168.33.1 - - [28/Aug/2017:06:49:25 +0000] "GET /favicon.ico HTTP/1.1" 200 0 "http://wgroup.dev.4000669696.com/export_student_list?searchType[0]=group_id&searchType[1]=school_id&searchType[2]=class_type&searchType[3]=status&search[0]=6ea3dd88605c11e7a1ad00163e106fb7&search[1]=5658355c606211e79a5900163e106fb7&search[2]=1&search[3]=0&" "Mozilla/5.0 (Windows NT 10.0; WOW64) AppleWebKit/537.36 (KHTML, like Gecko) Chrome/58.0.3004.3 Safari/537.36"
172.18.0.3 - - [28/Aug/2017:06:49:51 +0000] "POST /student/info/search HTTP/1.1" 200 82 "wgroup.dev.4000669696.com" "Weiyuyan\x5CCommon\x5CCurl/1.0 curl"
192.168.33.1 - - [28/Aug/2017:06:49:51 +0000] "GET /export_student_list?searchType[0]=group_id&searchType[1]=school_id&searchType[2]=class_type&searchType[3]=status&search[0]=6ea3dd88605c11e7a1ad00163e106fb7&search[1]=5658355c606211e79a5900163e106fb7&search[2]=1&search[3]=0& HTTP/1.1" 200 4115 "http://wgroup.dev.4000669696.com/student" "Mozilla/5.0 (Windows NT 10.0; WOW64) AppleWebKit/537.36 (KHTML, like Gecko) Chrome/58.0.3004.3 Safari/537.36"
