192.168.33.1 - - [16/Aug/2017:03:35:33 +0000] "POST /student/package/add_package_experience_audit HTTP/1.1" 200 105 "-" "Mozilla/5.0 (Windows NT 10.0; WOW64) AppleWebKit/537.36 (KHTML, like Gecko) Chrome/58.0.3004.3 Safari/537.36"
192.168.33.1 - - [16/Aug/2017:03:36:24 +0000] "POST /student/package/add_package_experience_audit HTTP/1.1" 200 105 "-" "Mozilla/5.0 (Windows NT 10.0; WOW64) AppleWebKit/537.36 (KHTML, like Gecko) Chrome/58.0.3004.3 Safari/537.36"
192.168.33.1 - - [16/Aug/2017:03:36:37 +0000] "POST /student/package/add_package_experience_audit HTTP/1.1" 200 105 "-" "Mozilla/5.0 (Windows NT 10.0; WOW64) AppleWebKit/537.36 (KHTML, like Gecko) Chrome/58.0.3004.3 Safari/537.36"
192.168.33.1 - - [16/Aug/2017:03:38:17 +0000] "POST /student/package/add_package_experience_audit HTTP/1.1" 200 105 "-" "Mozilla/5.0 (Windows NT 10.0; WOW64) AppleWebKit/537.36 (KHTML, like Gecko) Chrome/58.0.3004.3 Safari/537.36"
192.168.33.1 - - [16/Aug/2017:03:38:37 +0000] "POST /student/package/add_package_experience_audit HTTP/1.1" 200 105 "-" "Mozilla/5.0 (Windows NT 10.0; WOW64) AppleWebKit/537.36 (KHTML, like Gecko) Chrome/58.0.3004.3 Safari/537.36"
192.168.33.1 - - [16/Aug/2017:03:39:33 +0000] "POST /student/package/add_package_experience_audit HTTP/1.1" 200 105 "-" "Mozilla/5.0 (Windows NT 10.0; WOW64) AppleWebKit/537.36 (KHTML, like Gecko) Chrome/58.0.3004.3 Safari/537.36"
192.168.33.1 - - [16/Aug/2017:03:39:47 +0000] "POST /student/package/add_package_experience_audit HTTP/1.1" 200 105 "-" "Mozilla/5.0 (Windows NT 10.0; WOW64) AppleWebKit/537.36 (KHTML, like Gecko) Chrome/58.0.3004.3 Safari/537.36"
192.168.33.1 - - [16/Aug/2017:03:40:18 +0000] "POST /student/package/add_package_experience_audit HTTP/1.1" 200 105 "-" "Mozilla/5.0 (Windows NT 10.0; WOW64) AppleWebKit/537.36 (KHTML, like Gecko) Chrome/58.0.3004.3 Safari/537.36"
192.168.33.1 - - [16/Aug/2017:03:40:24 +0000] "POST /student/package/add_package_experience_audit HTTP/1.1" 200 2142 "-" "Mozilla/5.0 (Windows NT 10.0; WOW64) AppleWebKit/537.36 (KHTML, like Gecko) Chrome/58.0.3004.3 Safari/537.36"
192.168.33.1 - - [16/Aug/2017:03:40:43 +0000] "POST /student/package/add_package_experience_audit HTTP/1.1" 200 2319 "-" "Mozilla/5.0 (Windows NT 10.0; WOW64) AppleWebKit/537.36 (KHTML, like Gecko) Chrome/58.0.3004.3 Safari/537.36"
192.168.33.1 - - [16/Aug/2017:03:40:48 +0000] "POST /student/package/add_package_experience_audit HTTP/1.1" 200 82 "-" "Mozilla/5.0 (Windows NT 10.0; WOW64) AppleWebKit/537.36 (KHTML, like Gecko) Chrome/58.0.3004.3 Safari/537.36"
192.168.33.1 - - [16/Aug/2017:03:41:06 +0000] "POST /student/package/add_package_experience_audit HTTP/1.1" 200 82 "-" "Mozilla/5.0 (Windows NT 10.0; WOW64) AppleWebKit/537.36 (KHTML, like Gecko) Chrome/58.0.3004.3 Safari/537.36"
192.168.33.1 - - [16/Aug/2017:03:42:25 +0000] "POST /student/package/add_package_experience_audit HTTP/1.1" 200 82 "-" "Mozilla/5.0 (Windows NT 10.0; WOW64) AppleWebKit/537.36 (KHTML, like Gecko) Chrome/58.0.3004.3 Safari/537.36"
192.168.33.1 - - [16/Aug/2017:03:43:08 +0000] "POST /student/package/add_package_experience_audit HTTP/1.1" 200 2150 "-" "Mozilla/5.0 (Windows NT 10.0; WOW64) AppleWebKit/537.36 (KHTML, like Gecko) Chrome/58.0.3004.3 Safari/537.36"
192.168.33.1 - - [16/Aug/2017:03:43:51 +0000] "POST /student/package/add_package_experience_audit HTTP/1.1" 200 2192 "-" "Mozilla/5.0 (Windows NT 10.0; WOW64) AppleWebKit/537.36 (KHTML, like Gecko) Chrome/58.0.3004.3 Safari/537.36"
192.168.33.1 - - [16/Aug/2017:03:52:17 +0000] "POST /student/package/add_package_experience_audit HTTP/1.1" 200 78 "-" "Mozilla/5.0 (Windows NT 10.0; WOW64) AppleWebKit/537.36 (KHTML, like Gecko) Chrome/58.0.3004.3 Safari/537.36"
192.168.33.1 - - [16/Aug/2017:03:54:06 +0000] "POST /student/package/add_package_experience_audit HTTP/1.1" 200 82 "-" "Mozilla/5.0 (Windows NT 10.0; WOW64) AppleWebKit/537.36 (KHTML, like Gecko) Chrome/58.0.3004.3 Safari/537.36"
192.168.33.1 - - [16/Aug/2017:03:54:24 +0000] "POST /student/package/add_package_experience_audit HTTP/1.1" 200 2152 "-" "Mozilla/5.0 (Windows NT 10.0; WOW64) AppleWebKit/537.36 (KHTML, like Gecko) Chrome/58.0.3004.3 Safari/537.36"
192.168.33.1 - - [16/Aug/2017:09:37:38 +0000] "GET /state_school/state_mypackage HTTP/1.1" 302 408 "-" "Mozilla/5.0 (Windows NT 10.0; WOW64) AppleWebKit/537.36 (KHTML, like Gecko) Chrome/58.0.3004.3 Safari/537.36"
172.18.0.3 - - [16/Aug/2017:09:37:41 +0000] "POST /organization/school/get_school_and_group HTTP/1.1" 200 82 "wgroup.dev.4000669696.com" "Weiyuyan\x5CCommon\x5CCurl/1.0 curl"
192.168.33.1 - - [16/Aug/2017:09:37:41 +0000] "GET /login HTTP/1.1" 200 1640 "-" "Mozilla/5.0 (Windows NT 10.0; WOW64) AppleWebKit/537.36 (KHTML, like Gecko) Chrome/58.0.3004.3 Safari/537.36"
192.168.33.1 - - [16/Aug/2017:09:37:41 +0000] "GET /logins/js/login.js HTTP/1.1" 304 0 "http://wgroup.dev.4000669696.com/login" "Mozilla/5.0 (Windows NT 10.0; WOW64) AppleWebKit/537.36 (KHTML, like Gecko) Chrome/58.0.3004.3 Safari/537.36"
172.18.0.3 - - [16/Aug/2017:09:37:42 +0000] "POST /organization/school/get_school_and_group HTTP/1.1" 200 82 "wgroup.dev.4000669696.com" "Weiyuyan\x5CCommon\x5CCurl/1.0 curl"
192.168.33.1 - - [16/Aug/2017:09:37:43 +0000] "GET /code/captcha_forget/1 HTTP/1.1" 200 1967 "http://wgroup.dev.4000669696.com/login" "Mozilla/5.0 (Windows NT 10.0; WOW64) AppleWebKit/537.36 (KHTML, like Gecko) Chrome/58.0.3004.3 Safari/537.36"
172.18.0.3 - - [16/Aug/2017:09:37:50 +0000] "POST /organization/school/get_school_and_group HTTP/1.1" 200 82 "wgroup.dev.4000669696.com" "Weiyuyan\x5CCommon\x5CCurl/1.0 curl"
192.168.33.1 - - [16/Aug/2017:09:37:50 +0000] "POST /login HTTP/1.1" 200 1698 "http://wgroup.dev.4000669696.com/login" "Mozilla/5.0 (Windows NT 10.0; WOW64) AppleWebKit/537.36 (KHTML, like Gecko) Chrome/58.0.3004.3 Safari/537.36"
172.18.0.3 - - [16/Aug/2017:09:37:50 +0000] "POST /organization/school/get_school_and_group HTTP/1.1" 200 82 "wgroup.dev.4000669696.com" "Weiyuyan\x5CCommon\x5CCurl/1.0 curl"
192.168.33.1 - - [16/Aug/2017:09:37:50 +0000] "GET /code/captcha_forget/1 HTTP/1.1" 200 1881 "http://wgroup.dev.4000669696.com/login" "Mozilla/5.0 (Windows NT 10.0; WOW64) AppleWebKit/537.36 (KHTML, like Gecko) Chrome/58.0.3004.3 Safari/537.36"
192.168.33.1 - - [16/Aug/2017:09:38:05 +0000] "GET /student HTTP/1.1" 302 408 "http://wgroup.dev.4000669696.com/admin" "Mozilla/5.0 (Windows NT 10.0; WOW64) AppleWebKit/537.36 (KHTML, like Gecko) Chrome/58.0.3004.3 Safari/537.36"
172.18.0.3 - - [16/Aug/2017:09:38:06 +0000] "POST /organization/school/get_school_and_group HTTP/1.1" 200 82 "wgroup.dev.4000669696.com" "Weiyuyan\x5CCommon\x5CCurl/1.0 curl"
192.168.33.1 - - [16/Aug/2017:09:38:06 +0000] "GET /login HTTP/1.1" 200 1640 "http://wgroup.dev.4000669696.com/admin" "Mozilla/5.0 (Windows NT 10.0; WOW64) AppleWebKit/537.36 (KHTML, like Gecko) Chrome/58.0.3004.3 Safari/537.36"
172.18.0.3 - - [16/Aug/2017:09:38:06 +0000] "POST /organization/school/get_school_and_group HTTP/1.1" 200 82 "wgroup.dev.4000669696.com" "Weiyuyan\x5CCommon\x5CCurl/1.0 curl"
192.168.33.1 - - [16/Aug/2017:09:38:06 +0000] "GET /code/captcha_forget/1 HTTP/1.1" 200 1887 "http://wgroup.dev.4000669696.com/login" "Mozilla/5.0 (Windows NT 10.0; WOW64) AppleWebKit/537.36 (KHTML, like Gecko) Chrome/58.0.3004.3 Safari/537.36"
192.168.33.1 - - [16/Aug/2017:09:38:10 +0000] "POST /login HTTP/1.1" 499 0 "http://wgroup.dev.4000669696.com/login" "Mozilla/5.0 (Windows NT 10.0; WOW64) AppleWebKit/537.36 (KHTML, like Gecko) Chrome/58.0.3004.3 Safari/537.36"
172.18.0.3 - - [16/Aug/2017:09:38:11 +0000] "POST /organization/school/get_school_and_group HTTP/1.1" 200 82 "wgroup.dev.4000669696.com" "Weiyuyan\x5CCommon\x5CCurl/1.0 curl"
172.18.0.3 - - [16/Aug/2017:09:38:11 +0000] "POST /organization/school/get_school_and_group HTTP/1.1" 200 82 "wgroup.dev.4000669696.com" "Weiyuyan\x5CCommon\x5CCurl/1.0 curl"
192.168.33.1 - - [16/Aug/2017:09:38:11 +0000] "POST /login HTTP/1.1" 200 1698 "http://wgroup.dev.4000669696.com/login" "Mozilla/5.0 (Windows NT 10.0; WOW64) AppleWebKit/537.36 (KHTML, like Gecko) Chrome/58.0.3004.3 Safari/537.36"
172.18.0.3 - - [16/Aug/2017:09:38:11 +0000] "POST /organization/school/get_school_and_group HTTP/1.1" 200 82 "wgroup.dev.4000669696.com" "Weiyuyan\x5CCommon\x5CCurl/1.0 curl"
192.168.33.1 - - [16/Aug/2017:09:38:12 +0000] "GET /code/captcha_forget/1 HTTP/1.1" 200 1789 "http://wgroup.dev.4000669696.com/login" "Mozilla/5.0 (Windows NT 10.0; WOW64) AppleWebKit/537.36 (KHTML, like Gecko) Chrome/58.0.3004.3 Safari/537.36"
172.18.0.3 - - [16/Aug/2017:09:38:13 +0000] "POST /organization/school/get_school_and_group HTTP/1.1" 200 82 "wgroup.dev.4000669696.com" "Weiyuyan\x5CCommon\x5CCurl/1.0 curl"
192.168.33.1 - - [16/Aug/2017:09:38:13 +0000] "POST /login HTTP/1.1" 200 1698 "http://wgroup.dev.4000669696.com/login" "Mozilla/5.0 (Windows NT 10.0; WOW64) AppleWebKit/537.36 (KHTML, like Gecko) Chrome/58.0.3004.3 Safari/537.36"
172.18.0.3 - - [16/Aug/2017:09:38:13 +0000] "POST /organization/school/get_school_and_group HTTP/1.1" 200 82 "wgroup.dev.4000669696.com" "Weiyuyan\x5CCommon\x5CCurl/1.0 curl"
192.168.33.1 - - [16/Aug/2017:09:38:14 +0000] "GET /code/captcha_forget/1 HTTP/1.1" 200 1694 "http://wgroup.dev.4000669696.com/login" "Mozilla/5.0 (Windows NT 10.0; WOW64) AppleWebKit/537.36 (KHTML, like Gecko) Chrome/58.0.3004.3 Safari/537.36"
172.18.0.3 - - [16/Aug/2017:09:38:28 +0000] "POST /organization/school/get_school_and_group HTTP/1.1" 200 82 "wgroup.dev.4000669696.com" "Weiyuyan\x5CCommon\x5CCurl/1.0 curl"
192.168.33.1 - - [16/Aug/2017:09:38:28 +0000] "POST /login HTTP/1.1" 200 1706 "http://wgroup.dev.4000669696.com/login" "Mozilla/5.0 (Windows NT 10.0; WOW64) AppleWebKit/537.36 (KHTML, like Gecko) Chrome/58.0.3004.3 Safari/537.36"
172.18.0.3 - - [16/Aug/2017:09:38:29 +0000] "POST /organization/school/get_school_and_group HTTP/1.1" 200 82 "wgroup.dev.4000669696.com" "Weiyuyan\x5CCommon\x5CCurl/1.0 curl"
192.168.33.1 - - [16/Aug/2017:09:38:29 +0000] "GET /code/captcha_forget/1 HTTP/1.1" 200 1892 "http://wgroup.dev.4000669696.com/login" "Mozilla/5.0 (Windows NT 10.0; WOW64) AppleWebKit/537.36 (KHTML, like Gecko) Chrome/58.0.3004.3 Safari/537.36"
172.18.0.3 - - [16/Aug/2017:09:40:40 +0000] "POST /organization/school/get_school_and_group HTTP/1.1" 200 82 "wgroup.dev.4000669696.com" "Weiyuyan\x5CCommon\x5CCurl/1.0 curl"
192.168.33.1 - - [16/Aug/2017:09:40:40 +0000] "POST /login HTTP/1.1" 200 1698 "http://wgroup.dev.4000669696.com/login" "Mozilla/5.0 (Windows NT 10.0; WOW64) AppleWebKit/537.36 (KHTML, like Gecko) Chrome/58.0.3004.3 Safari/537.36"
172.18.0.3 - - [16/Aug/2017:09:40:41 +0000] "POST /organization/school/get_school_and_group HTTP/1.1" 200 82 "wgroup.dev.4000669696.com" "Weiyuyan\x5CCommon\x5CCurl/1.0 curl"
192.168.33.1 - - [16/Aug/2017:09:40:41 +0000] "GET /code/captcha_forget/1 HTTP/1.1" 200 1792 "http://wgroup.dev.4000669696.com/login" "Mozilla/5.0 (Windows NT 10.0; WOW64) AppleWebKit/537.36 (KHTML, like Gecko) Chrome/58.0.3004.3 Safari/537.36"
172.18.0.3 - - [16/Aug/2017:09:40:43 +0000] "POST /organization/school/get_school_and_group HTTP/1.1" 200 82 "wgroup.dev.4000669696.com" "Weiyuyan\x5CCommon\x5CCurl/1.0 curl"
192.168.33.1 - - [16/Aug/2017:09:40:43 +0000] "POST /login HTTP/1.1" 200 1698 "http://wgroup.dev.4000669696.com/login" "Mozilla/5.0 (Windows NT 10.0; WOW64) AppleWebKit/537.36 (KHTML, like Gecko) Chrome/58.0.3004.3 Safari/537.36"
172.18.0.3 - - [16/Aug/2017:09:40:44 +0000] "POST /organization/school/get_school_and_group HTTP/1.1" 200 82 "wgroup.dev.4000669696.com" "Weiyuyan\x5CCommon\x5CCurl/1.0 curl"
192.168.33.1 - - [16/Aug/2017:09:40:44 +0000] "GET /code/captcha_forget/1 HTTP/1.1" 200 1769 "http://wgroup.dev.4000669696.com/login" "Mozilla/5.0 (Windows NT 10.0; WOW64) AppleWebKit/537.36 (KHTML, like Gecko) Chrome/58.0.3004.3 Safari/537.36"
172.18.0.3 - - [16/Aug/2017:09:40:45 +0000] "POST /organization/school/get_school_and_group HTTP/1.1" 200 82 "wgroup.dev.4000669696.com" "Weiyuyan\x5CCommon\x5CCurl/1.0 curl"
192.168.33.1 - - [16/Aug/2017:09:40:45 +0000] "POST /login HTTP/1.1" 200 1698 "http://wgroup.dev.4000669696.com/login" "Mozilla/5.0 (Windows NT 10.0; WOW64) AppleWebKit/537.36 (KHTML, like Gecko) Chrome/58.0.3004.3 Safari/537.36"
172.18.0.3 - - [16/Aug/2017:09:40:46 +0000] "POST /organization/school/get_school_and_group HTTP/1.1" 200 82 "wgroup.dev.4000669696.com" "Weiyuyan\x5CCommon\x5CCurl/1.0 curl"
192.168.33.1 - - [16/Aug/2017:09:40:46 +0000] "GET /code/captcha_forget/1 HTTP/1.1" 200 1644 "http://wgroup.dev.4000669696.com/login" "Mozilla/5.0 (Windows NT 10.0; WOW64) AppleWebKit/537.36 (KHTML, like Gecko) Chrome/58.0.3004.3 Safari/537.36"
192.168.33.1 - - [16/Aug/2017:09:40:47 +0000] "POST /login HTTP/1.1" 499 0 "http://wgroup.dev.4000669696.com/login" "Mozilla/5.0 (Windows NT 10.0; WOW64) AppleWebKit/537.36 (KHTML, like Gecko) Chrome/58.0.3004.3 Safari/537.36"
172.18.0.3 - - [16/Aug/2017:09:40:48 +0000] "POST /organization/school/get_school_and_group HTTP/1.1" 200 82 "wgroup.dev.4000669696.com" "Weiyuyan\x5CCommon\x5CCurl/1.0 curl"
172.18.0.3 - - [16/Aug/2017:09:40:48 +0000] "POST /organization/school/get_school_and_group HTTP/1.1" 200 82 "wgroup.dev.4000669696.com" "Weiyuyan\x5CCommon\x5CCurl/1.0 curl"
192.168.33.1 - - [16/Aug/2017:09:40:48 +0000] "POST /login HTTP/1.1" 200 1698 "http://wgroup.dev.4000669696.com/login" "Mozilla/5.0 (Windows NT 10.0; WOW64) AppleWebKit/537.36 (KHTML, like Gecko) Chrome/58.0.3004.3 Safari/537.36"
172.18.0.3 - - [16/Aug/2017:09:40:49 +0000] "POST /organization/school/get_school_and_group HTTP/1.1" 200 82 "wgroup.dev.4000669696.com" "Weiyuyan\x5CCommon\x5CCurl/1.0 curl"
192.168.33.1 - - [16/Aug/2017:09:40:49 +0000] "GET /code/captcha_forget/1 HTTP/1.1" 200 1940 "http://wgroup.dev.4000669696.com/login" "Mozilla/5.0 (Windows NT 10.0; WOW64) AppleWebKit/537.36 (KHTML, like Gecko) Chrome/58.0.3004.3 Safari/537.36"
172.18.0.3 - - [16/Aug/2017:09:40:50 +0000] "POST /organization/school/get_school_and_group HTTP/1.1" 200 82 "wgroup.dev.4000669696.com" "Weiyuyan\x5CCommon\x5CCurl/1.0 curl"
192.168.33.1 - - [16/Aug/2017:09:40:50 +0000] "POST /login HTTP/1.1" 200 1698 "http://wgroup.dev.4000669696.com/login" "Mozilla/5.0 (Windows NT 10.0; WOW64) AppleWebKit/537.36 (KHTML, like Gecko) Chrome/58.0.3004.3 Safari/537.36"
172.18.0.3 - - [16/Aug/2017:09:40:50 +0000] "POST /organization/school/get_school_and_group HTTP/1.1" 200 82 "wgroup.dev.4000669696.com" "Weiyuyan\x5CCommon\x5CCurl/1.0 curl"
192.168.33.1 - - [16/Aug/2017:09:40:50 +0000] "GET /code/captcha_forget/1 HTTP/1.1" 200 2063 "http://wgroup.dev.4000669696.com/login" "Mozilla/5.0 (Windows NT 10.0; WOW64) AppleWebKit/537.36 (KHTML, like Gecko) Chrome/58.0.3004.3 Safari/537.36"
172.18.0.3 - - [16/Aug/2017:09:41:25 +0000] "POST /organization/school/get_school_and_group HTTP/1.1" 200 121 "wgroup.dev.4000669696.com" "Weiyuyan\x5CCommon\x5CCurl/1.0 curl"
172.18.0.3 - - [16/Aug/2017:09:41:26 +0000] "POST /organization/manager/sign_in HTTP/1.1" 200 422 "wgroup.dev.4000669696.com" "Weiyuyan\x5CCommon\x5CCurl/1.0 curl"
192.168.33.1 - - [16/Aug/2017:09:41:26 +0000] "POST /login HTTP/1.1" 302 408 "http://wgroup.dev.4000669696.com/login" "Mozilla/5.0 (Windows NT 10.0; WOW64) AppleWebKit/537.36 (KHTML, like Gecko) Chrome/58.0.3004.3 Safari/537.36"
192.168.33.1 - - [16/Aug/2017:09:41:26 +0000] "GET /admin HTTP/1.1" 200 5079 "http://wgroup.dev.4000669696.com/login" "Mozilla/5.0 (Windows NT 10.0; WOW64) AppleWebKit/537.36 (KHTML, like Gecko) Chrome/58.0.3004.3 Safari/537.36"
192.168.33.1 - - [16/Aug/2017:09:41:27 +0000] "GET /group_information/scripts/echarts.js HTTP/1.1" 304 0 "http://wgroup.dev.4000669696.com/admin" "Mozilla/5.0 (Windows NT 10.0; WOW64) AppleWebKit/537.36 (KHTML, like Gecko) Chrome/58.0.3004.3 Safari/537.36"
172.18.0.3 - - [16/Aug/2017:09:42:26 +0000] "POST /student/info/search HTTP/1.1" 200 2672 "wgroup.dev.4000669696.com" "Weiyuyan\x5CCommon\x5CCurl/1.0 curl"
192.168.33.1 - - [16/Aug/2017:09:42:26 +0000] "GET /student HTTP/1.1" 200 8966 "http://wgroup.dev.4000669696.com/admin" "Mozilla/5.0 (Windows NT 10.0; WOW64) AppleWebKit/537.36 (KHTML, like Gecko) Chrome/58.0.3004.3 Safari/537.36"
172.18.0.3 - - [16/Aug/2017:09:42:30 +0000] "POST /student/info/personal_info HTTP/1.1" 200 512 "wgroup.dev.4000669696.com" "Weiyuyan\x5CCommon\x5CCurl/1.0 curl"
172.18.0.3 - - [16/Aug/2017:09:42:30 +0000] "POST /organization/school/basic_info HTTP/1.1" 200 559 "wgroup.dev.4000669696.com" "Weiyuyan\x5CCommon\x5CCurl/1.0 curl"
172.18.0.3 - - [16/Aug/2017:09:42:31 +0000] "POST /student/info/english_level HTTP/1.1" 200 114 "wgroup.dev.4000669696.com" "Weiyuyan\x5CCommon\x5CCurl/1.0 curl"
172.18.0.3 - - [16/Aug/2017:09:42:31 +0000] "POST /student/lessons/course_record HTTP/1.1" 200 102 "wgroup.dev.4000669696.com" "Weiyuyan\x5CCommon\x5CCurl/1.0 curl"
172.18.0.3 - - [16/Aug/2017:09:42:31 +0000] "POST /bespeak/recording HTTP/1.1" 200 95 "wgroup.dev.4000669696.com" "Weiyuyan\x5CCommon\x5CCurl/1.0 curl"
172.18.0.3 - - [16/Aug/2017:09:42:32 +0000] "POST /student/package/my_package HTTP/1.1" 200 433 "wgroup.dev.4000669696.com" "Weiyuyan\x5CCommon\x5CCurl/1.0 curl"
172.18.0.3 - - [16/Aug/2017:09:42:32 +0000] "POST /student/package/practice_lesson_list HTTP/1.1" 200 85 "wgroup.dev.4000669696.com" "Weiyuyan\x5CCommon\x5CCurl/1.0 curl"
192.168.33.1 - - [16/Aug/2017:09:42:32 +0000] "GET /student/181317aa7c0311e7a74200163e106fb7 HTTP/1.1" 200 13131 "http://wgroup.dev.4000669696.com/student" "Mozilla/5.0 (Windows NT 10.0; WOW64) AppleWebKit/537.36 (KHTML, like Gecko) Chrome/58.0.3004.3 Safari/537.36"
192.168.33.1 - - [16/Aug/2017:09:42:32 +0000] "GET /dist/icons/stLeft.png HTTP/1.1" 304 0 "http://wgroup.dev.4000669696.com/student/181317aa7c0311e7a74200163e106fb7" "Mozilla/5.0 (Windows NT 10.0; WOW64) AppleWebKit/537.36 (KHTML, like Gecko) Chrome/58.0.3004.3 Safari/537.36"
192.168.33.1 - - [16/Aug/2017:09:42:32 +0000] "GET /dist/icons/stRight.png HTTP/1.1" 304 0 "http://wgroup.dev.4000669696.com/student/181317aa7c0311e7a74200163e106fb7" "Mozilla/5.0 (Windows NT 10.0; WOW64) AppleWebKit/537.36 (KHTML, like Gecko) Chrome/58.0.3004.3 Safari/537.36"
192.168.33.1 - - [16/Aug/2017:09:42:32 +0000] "GET /dist/icons/stLeftb.png HTTP/1.1" 304 0 "http://wgroup.dev.4000669696.com/student/181317aa7c0311e7a74200163e106fb7" "Mozilla/5.0 (Windows NT 10.0; WOW64) AppleWebKit/537.36 (KHTML, like Gecko) Chrome/58.0.3004.3 Safari/537.36"
192.168.33.1 - - [16/Aug/2017:09:42:32 +0000] "GET /dist/icons/stRightb.png HTTP/1.1" 304 0 "http://wgroup.dev.4000669696.com/student/181317aa7c0311e7a74200163e106fb7" "Mozilla/5.0 (Windows NT 10.0; WOW64) AppleWebKit/537.36 (KHTML, like Gecko) Chrome/58.0.3004.3 Safari/537.36"
172.18.0.3 - - [16/Aug/2017:09:42:33 +0000] "POST /grownup/grown_up HTTP/1.1" 200 138 "wgroup.dev.4000669696.com" "Weiyuyan\x5CCommon\x5CCurl/1.0 curl"
192.168.33.1 - - [16/Aug/2017:09:42:33 +0000] "POST /growup_record HTTP/1.1" 200 147 "http://wgroup.dev.4000669696.com/student/181317aa7c0311e7a74200163e106fb7" "Mozilla/5.0 (Windows NT 10.0; WOW64) AppleWebKit/537.36 (KHTML, like Gecko) Chrome/58.0.3004.3 Safari/537.36"
192.168.33.1 - - [16/Aug/2017:09:42:36 +0000] "GET /student_upstatus?table=data_student&status=1&guid=181317aa7c0311e7a74200163e106fb7 HTTP/1.1" 499 0 "http://wgroup.dev.4000669696.com/student" "Mozilla/5.0 (Windows NT 10.0; WOW64) AppleWebKit/537.36 (KHTML, like Gecko) Chrome/58.0.3004.3 Safari/537.36"
172.18.0.3 - - [16/Aug/2017:09:42:37 +0000] "POST /student/info/set_status HTTP/1.1" 200 76 "wgroup.dev.4000669696.com" "Weiyuyan\x5CCommon\x5CCurl/1.0 curl"
172.18.0.3 - - [16/Aug/2017:09:42:38 +0000] "POST /student/info/set_status HTTP/1.1" 200 76 "wgroup.dev.4000669696.com" "Weiyuyan\x5CCommon\x5CCurl/1.0 curl"
192.168.33.1 - - [16/Aug/2017:09:42:38 +0000] "GET /student_upstatus?table=data_student&status=1&guid=181317aa7c0311e7a74200163e106fb7 HTTP/1.1" 302 416 "http://wgroup.dev.4000669696.com/student" "Mozilla/5.0 (Windows NT 10.0; WOW64) AppleWebKit/537.36 (KHTML, like Gecko) Chrome/58.0.3004.3 Safari/537.36"
172.18.0.3 - - [16/Aug/2017:09:42:39 +0000] "POST /student/info/search HTTP/1.1" 200 2672 "wgroup.dev.4000669696.com" "Weiyuyan\x5CCommon\x5CCurl/1.0 curl"
192.168.33.1 - - [16/Aug/2017:09:42:39 +0000] "GET /student HTTP/1.1" 200 8999 "http://wgroup.dev.4000669696.com/student" "Mozilla/5.0 (Windows NT 10.0; WOW64) AppleWebKit/537.36 (KHTML, like Gecko) Chrome/58.0.3004.3 Safari/537.36"
172.18.0.3 - - [16/Aug/2017:09:42:40 +0000] "POST /student/info/personal_info HTTP/1.1" 200 512 "wgroup.dev.4000669696.com" "Weiyuyan\x5CCommon\x5CCurl/1.0 curl"
172.18.0.3 - - [16/Aug/2017:09:42:41 +0000] "POST /organization/school/basic_info HTTP/1.1" 200 559 "wgroup.dev.4000669696.com" "Weiyuyan\x5CCommon\x5CCurl/1.0 curl"
172.18.0.3 - - [16/Aug/2017:09:42:41 +0000] "POST /student/info/english_level HTTP/1.1" 200 114 "wgroup.dev.4000669696.com" "Weiyuyan\x5CCommon\x5CCurl/1.0 curl"
172.18.0.3 - - [16/Aug/2017:09:42:42 +0000] "POST /student/lessons/course_record HTTP/1.1" 200 156 "wgroup.dev.4000669696.com" "Weiyuyan\x5CCommon\x5CCurl/1.0 curl"
172.18.0.3 - - [16/Aug/2017:09:42:42 +0000] "POST /bespeak/recording HTTP/1.1" 200 95 "wgroup.dev.4000669696.com" "Weiyuyan\x5CCommon\x5CCurl/1.0 curl"
192.168.33.1 - - [16/Aug/2017:09:42:42 +0000] "GET /student/181317aa7c0311e7a74200163e106fb7 HTTP/1.1" 500 24612 "http://wgroup.dev.4000669696.com/student" "Mozilla/5.0 (Windows NT 10.0; WOW64) AppleWebKit/537.36 (KHTML, like Gecko) Chrome/58.0.3004.3 Safari/537.36"
172.18.0.3 - - [16/Aug/2017:09:44:06 +0000] "POST /student/info/personal_info HTTP/1.1" 200 512 "wgroup.dev.4000669696.com" "Weiyuyan\x5CCommon\x5CCurl/1.0 curl"
172.18.0.3 - - [16/Aug/2017:09:44:06 +0000] "POST /organization/school/basic_info HTTP/1.1" 200 559 "wgroup.dev.4000669696.com" "Weiyuyan\x5CCommon\x5CCurl/1.0 curl"
172.18.0.3 - - [16/Aug/2017:09:44:06 +0000] "POST /student/info/english_level HTTP/1.1" 200 114 "wgroup.dev.4000669696.com" "Weiyuyan\x5CCommon\x5CCurl/1.0 curl"
172.18.0.3 - - [16/Aug/2017:09:44:07 +0000] "POST /student/lessons/course_record HTTP/1.1" 200 156 "wgroup.dev.4000669696.com" "Weiyuyan\x5CCommon\x5CCurl/1.0 curl"
172.18.0.3 - - [16/Aug/2017:09:44:07 +0000] "POST /bespeak/recording HTTP/1.1" 200 95 "wgroup.dev.4000669696.com" "Weiyuyan\x5CCommon\x5CCurl/1.0 curl"
192.168.33.1 - - [16/Aug/2017:09:44:07 +0000] "GET /student/181317aa7c0311e7a74200163e106fb7 HTTP/1.1" 200 2745 "http://wgroup.dev.4000669696.com/student" "Mozilla/5.0 (Windows NT 10.0; WOW64) AppleWebKit/537.36 (KHTML, like Gecko) Chrome/58.0.3004.3 Safari/537.36"
192.168.33.1 - - [16/Aug/2017:09:44:07 +0000] "GET /favicon.ico HTTP/1.1" 200 0 "http://wgroup.dev.4000669696.com/student/181317aa7c0311e7a74200163e106fb7" "Mozilla/5.0 (Windows NT 10.0; WOW64) AppleWebKit/537.36 (KHTML, like Gecko) Chrome/58.0.3004.3 Safari/537.36"
172.18.0.3 - - [16/Aug/2017:09:45:05 +0000] "POST /student/info/personal_info HTTP/1.1" 200 512 "wgroup.dev.4000669696.com" "Weiyuyan\x5CCommon\x5CCurl/1.0 curl"
172.18.0.3 - - [16/Aug/2017:09:45:06 +0000] "POST /organization/school/basic_info HTTP/1.1" 200 559 "wgroup.dev.4000669696.com" "Weiyuyan\x5CCommon\x5CCurl/1.0 curl"
172.18.0.3 - - [16/Aug/2017:09:45:06 +0000] "POST /student/info/english_level HTTP/1.1" 200 114 "wgroup.dev.4000669696.com" "Weiyuyan\x5CCommon\x5CCurl/1.0 curl"
172.18.0.3 - - [16/Aug/2017:09:45:06 +0000] "POST /student/lessons/course_record HTTP/1.1" 200 156 "wgroup.dev.4000669696.com" "Weiyuyan\x5CCommon\x5CCurl/1.0 curl"
172.18.0.3 - - [16/Aug/2017:09:45:07 +0000] "POST /bespeak/recording HTTP/1.1" 200 95 "wgroup.dev.4000669696.com" "Weiyuyan\x5CCommon\x5CCurl/1.0 curl"
172.18.0.3 - - [16/Aug/2017:09:45:07 +0000] "POST /student/package/my_package HTTP/1.1" 200 433 "wgroup.dev.4000669696.com" "Weiyuyan\x5CCommon\x5CCurl/1.0 curl"
172.18.0.3 - - [16/Aug/2017:09:45:08 +0000] "POST /student/package/practice_lesson_list HTTP/1.1" 200 85 "wgroup.dev.4000669696.com" "Weiyuyan\x5CCommon\x5CCurl/1.0 curl"
192.168.33.1 - - [16/Aug/2017:09:45:08 +0000] "GET /student/181317aa7c0311e7a74200163e106fb7 HTTP/1.1" 200 13131 "http://wgroup.dev.4000669696.com/student" "Mozilla/5.0 (Windows NT 10.0; WOW64) AppleWebKit/537.36 (KHTML, like Gecko) Chrome/58.0.3004.3 Safari/537.36"
192.168.33.1 - - [16/Aug/2017:09:45:08 +0000] "GET /favicon.ico HTTP/1.1" 200 0 "http://wgroup.dev.4000669696.com/student/181317aa7c0311e7a74200163e106fb7" "Mozilla/5.0 (Windows NT 10.0; WOW64) AppleWebKit/537.36 (KHTML, like Gecko) Chrome/58.0.3004.3 Safari/537.36"
172.18.0.3 - - [16/Aug/2017:09:45:09 +0000] "POST /grownup/grown_up HTTP/1.1" 200 156 "wgroup.dev.4000669696.com" "Weiyuyan\x5CCommon\x5CCurl/1.0 curl"
192.168.33.1 - - [16/Aug/2017:09:45:09 +0000] "POST /growup_record HTTP/1.1" 200 115 "http://wgroup.dev.4000669696.com/student/181317aa7c0311e7a74200163e106fb7" "Mozilla/5.0 (Windows NT 10.0; WOW64) AppleWebKit/537.36 (KHTML, like Gecko) Chrome/58.0.3004.3 Safari/537.36"
172.18.0.3 - - [16/Aug/2017:09:45:30 +0000] "POST /student/info/personal_info HTTP/1.1" 200 512 "wgroup.dev.4000669696.com" "Weiyuyan\x5CCommon\x5CCurl/1.0 curl"
172.18.0.3 - - [16/Aug/2017:09:45:31 +0000] "POST /organization/school/basic_info HTTP/1.1" 200 559 "wgroup.dev.4000669696.com" "Weiyuyan\x5CCommon\x5CCurl/1.0 curl"
172.18.0.3 - - [16/Aug/2017:09:45:31 +0000] "POST /student/info/english_level HTTP/1.1" 200 114 "wgroup.dev.4000669696.com" "Weiyuyan\x5CCommon\x5CCurl/1.0 curl"
172.18.0.3 - - [16/Aug/2017:09:45:32 +0000] "POST /student/lessons/course_record HTTP/1.1" 200 156 "wgroup.dev.4000669696.com" "Weiyuyan\x5CCommon\x5CCurl/1.0 curl"
172.18.0.3 - - [16/Aug/2017:09:45:32 +0000] "POST /bespeak/recording HTTP/1.1" 200 95 "wgroup.dev.4000669696.com" "Weiyuyan\x5CCommon\x5CCurl/1.0 curl"
192.168.33.1 - - [16/Aug/2017:09:45:32 +0000] "GET /student/181317aa7c0311e7a74200163e106fb7 HTTP/1.1" 200 2750 "http://wgroup.dev.4000669696.com/student" "Mozilla/5.0 (Windows NT 10.0; WOW64) AppleWebKit/537.36 (KHTML, like Gecko) Chrome/58.0.3004.3 Safari/537.36"
192.168.33.1 - - [16/Aug/2017:09:45:32 +0000] "GET /favicon.ico HTTP/1.1" 200 0 "http://wgroup.dev.4000669696.com/student/181317aa7c0311e7a74200163e106fb7" "Mozilla/5.0 (Windows NT 10.0; WOW64) AppleWebKit/537.36 (KHTML, like Gecko) Chrome/58.0.3004.3 Safari/537.36"
172.18.0.3 - - [16/Aug/2017:09:46:23 +0000] "POST /student/info/personal_info HTTP/1.1" 200 512 "wgroup.dev.4000669696.com" "Weiyuyan\x5CCommon\x5CCurl/1.0 curl"
172.18.0.3 - - [16/Aug/2017:09:46:24 +0000] "POST /organization/school/basic_info HTTP/1.1" 200 559 "wgroup.dev.4000669696.com" "Weiyuyan\x5CCommon\x5CCurl/1.0 curl"
172.18.0.3 - - [16/Aug/2017:09:46:24 +0000] "POST /student/info/english_level HTTP/1.1" 200 114 "wgroup.dev.4000669696.com" "Weiyuyan\x5CCommon\x5CCurl/1.0 curl"
172.18.0.3 - - [16/Aug/2017:09:46:24 +0000] "POST /student/lessons/course_record HTTP/1.1" 200 156 "wgroup.dev.4000669696.com" "Weiyuyan\x5CCommon\x5CCurl/1.0 curl"
192.168.33.1 - - [16/Aug/2017:09:46:24 +0000] "GET /student/181317aa7c0311e7a74200163e106fb7 HTTP/1.1" 200 2365 "http://wgroup.dev.4000669696.com/student" "Mozilla/5.0 (Windows NT 10.0; WOW64) AppleWebKit/537.36 (KHTML, like Gecko) Chrome/58.0.3004.3 Safari/537.36"
192.168.33.1 - - [16/Aug/2017:09:46:24 +0000] "GET /favicon.ico HTTP/1.1" 200 0 "http://wgroup.dev.4000669696.com/student/181317aa7c0311e7a74200163e106fb7" "Mozilla/5.0 (Windows NT 10.0; WOW64) AppleWebKit/537.36 (KHTML, like Gecko) Chrome/58.0.3004.3 Safari/537.36"
192.168.33.1 - - [17/Aug/2017:01:39:54 +0000] "GET /student HTTP/1.1" 302 408 "http://wgroup.dev.4000669696.com/student" "Mozilla/5.0 (Windows NT 10.0; WOW64) AppleWebKit/537.36 (KHTML, like Gecko) Chrome/58.0.3004.3 Safari/537.36"
172.18.0.3 - - [17/Aug/2017:01:39:55 +0000] "POST /organization/school/get_school_and_group HTTP/1.1" 200 121 "wgroup.dev.4000669696.com" "Weiyuyan\x5CCommon\x5CCurl/1.0 curl"
192.168.33.1 - - [17/Aug/2017:01:39:55 +0000] "GET /login HTTP/1.1" 200 1640 "http://wgroup.dev.4000669696.com/student" "Mozilla/5.0 (Windows NT 10.0; WOW64) AppleWebKit/537.36 (KHTML, like Gecko) Chrome/58.0.3004.3 Safari/537.36"
172.18.0.3 - - [17/Aug/2017:01:39:56 +0000] "POST /organization/school/get_school_and_group HTTP/1.1" 200 121 "wgroup.dev.4000669696.com" "Weiyuyan\x5CCommon\x5CCurl/1.0 curl"
192.168.33.1 - - [17/Aug/2017:01:39:56 +0000] "GET /code/captcha_forget/1 HTTP/1.1" 200 1767 "http://wgroup.dev.4000669696.com/login" "Mozilla/5.0 (Windows NT 10.0; WOW64) AppleWebKit/537.36 (KHTML, like Gecko) Chrome/58.0.3004.3 Safari/537.36"
172.18.0.3 - - [17/Aug/2017:01:40:04 +0000] "POST /organization/school/get_school_and_group HTTP/1.1" 200 121 "wgroup.dev.4000669696.com" "Weiyuyan\x5CCommon\x5CCurl/1.0 curl"
172.18.0.3 - - [17/Aug/2017:01:40:04 +0000] "POST /organization/manager/sign_in HTTP/1.1" 200 422 "wgroup.dev.4000669696.com" "Weiyuyan\x5CCommon\x5CCurl/1.0 curl"
192.168.33.1 - - [17/Aug/2017:01:40:04 +0000] "POST /login HTTP/1.1" 302 408 "http://wgroup.dev.4000669696.com/login" "Mozilla/5.0 (Windows NT 10.0; WOW64) AppleWebKit/537.36 (KHTML, like Gecko) Chrome/58.0.3004.3 Safari/537.36"
192.168.33.1 - - [17/Aug/2017:01:40:05 +0000] "GET /admin HTTP/1.1" 200 5081 "http://wgroup.dev.4000669696.com/login" "Mozilla/5.0 (Windows NT 10.0; WOW64) AppleWebKit/537.36 (KHTML, like Gecko) Chrome/58.0.3004.3 Safari/537.36"
172.18.0.3 - - [17/Aug/2017:01:40:14 +0000] "POST /organization/school/basic_info HTTP/1.1" 200 559 "wgroup.dev.4000669696.com" "Weiyuyan\x5CCommon\x5CCurl/1.0 curl"
172.18.0.3 - - [17/Aug/2017:01:40:14 +0000] "POST /organization/school/balance HTTP/1.1" 200 94 "wgroup.dev.4000669696.com" "Weiyuyan\x5CCommon\x5CCurl/1.0 curl"
192.168.33.1 - - [17/Aug/2017:01:40:14 +0000] "GET /school_recharge HTTP/1.1" 200 8280 "http://wgroup.dev.4000669696.com/admin" "Mozilla/5.0 (Windows NT 10.0; WOW64) AppleWebKit/537.36 (KHTML, like Gecko) Chrome/58.0.3004.3 Safari/537.36"
172.18.0.3 - - [17/Aug/2017:01:40:37 +0000] "POST /student/package/package_audit_list HTTP/1.1" 200 1100 "wgroup.dev.4000669696.com" "Weiyuyan\x5CCommon\x5CCurl/1.0 curl"
192.168.33.1 - - [17/Aug/2017:01:40:37 +0000] "GET /school_package_audit HTTP/1.1" 200 5943 "http://wgroup.dev.4000669696.com/school_recharge" "Mozilla/5.0 (Windows NT 10.0; WOW64) AppleWebKit/537.36 (KHTML, like Gecko) Chrome/58.0.3004.3 Safari/537.36"
172.18.0.3 - - [17/Aug/2017:01:40:39 +0000] "POST /organization/school/basic_info HTTP/1.1" 200 559 "wgroup.dev.4000669696.com" "Weiyuyan\x5CCommon\x5CCurl/1.0 curl"
172.18.0.3 - - [17/Aug/2017:01:40:39 +0000] "POST /organization/school/balance HTTP/1.1" 200 94 "wgroup.dev.4000669696.com" "Weiyuyan\x5CCommon\x5CCurl/1.0 curl"
192.168.33.1 - - [17/Aug/2017:01:40:39 +0000] "GET /school_recharge HTTP/1.1" 200 8280 "http://wgroup.dev.4000669696.com/school_package_audit" "Mozilla/5.0 (Windows NT 10.0; WOW64) AppleWebKit/537.36 (KHTML, like Gecko) Chrome/58.0.3004.3 Safari/537.36"
172.18.0.3 - - [17/Aug/2017:01:41:34 +0000] "POST /organization/school/get_school_and_group HTTP/1.1" 200 121 "wgroup.dev.4000669696.com" "Weiyuyan\x5CCommon\x5CCurl/1.0 curl"
192.168.33.1 - - [17/Aug/2017:01:41:34 +0000] "GET /out HTTP/1.1" 302 384 "http://wgroup.dev.4000669696.com/school_recharge" "Mozilla/5.0 (Windows NT 10.0; WOW64) AppleWebKit/537.36 (KHTML, like Gecko) Chrome/58.0.3004.3 Safari/537.36"
192.168.33.1 - - [17/Aug/2017:01:41:35 +0000] "GET / HTTP/1.1" 302 408 "http://wgroup.dev.4000669696.com/school_recharge" "Mozilla/5.0 (Windows NT 10.0; WOW64) AppleWebKit/537.36 (KHTML, like Gecko) Chrome/58.0.3004.3 Safari/537.36"
172.18.0.3 - - [17/Aug/2017:01:41:35 +0000] "POST /organization/school/get_school_and_group HTTP/1.1" 200 121 "wgroup.dev.4000669696.com" "Weiyuyan\x5CCommon\x5CCurl/1.0 curl"
192.168.33.1 - - [17/Aug/2017:01:41:35 +0000] "GET /login HTTP/1.1" 200 1640 "http://wgroup.dev.4000669696.com/school_recharge" "Mozilla/5.0 (Windows NT 10.0; WOW64) AppleWebKit/537.36 (KHTML, like Gecko) Chrome/58.0.3004.3 Safari/537.36"
172.18.0.3 - - [17/Aug/2017:01:41:36 +0000] "POST /organization/school/get_school_and_group HTTP/1.1" 200 121 "wgroup.dev.4000669696.com" "Weiyuyan\x5CCommon\x5CCurl/1.0 curl"
192.168.33.1 - - [17/Aug/2017:01:41:36 +0000] "GET /code/captcha_forget/1 HTTP/1.1" 200 1770 "http://wgroup.dev.4000669696.com/login" "Mozilla/5.0 (Windows NT 10.0; WOW64) AppleWebKit/537.36 (KHTML, like Gecko) Chrome/58.0.3004.3 Safari/537.36"
172.18.0.3 - - [17/Aug/2017:01:41:42 +0000] "POST /organization/school/get_school_and_group HTTP/1.1" 200 121 "wgroup.dev.4000669696.com" "Weiyuyan\x5CCommon\x5CCurl/1.0 curl"
172.18.0.3 - - [17/Aug/2017:01:41:42 +0000] "POST /organization/manager/sign_in HTTP/1.1" 200 422 "wgroup.dev.4000669696.com" "Weiyuyan\x5CCommon\x5CCurl/1.0 curl"
192.168.33.1 - - [17/Aug/2017:01:41:42 +0000] "POST /login HTTP/1.1" 302 408 "http://wgroup.dev.4000669696.com/login" "Mozilla/5.0 (Windows NT 10.0; WOW64) AppleWebKit/537.36 (KHTML, like Gecko) Chrome/58.0.3004.3 Safari/537.36"
192.168.33.1 - - [17/Aug/2017:01:41:43 +0000] "GET /admin HTTP/1.1" 200 5081 "http://wgroup.dev.4000669696.com/login" "Mozilla/5.0 (Windows NT 10.0; WOW64) AppleWebKit/537.36 (KHTML, like Gecko) Chrome/58.0.3004.3 Safari/537.36"
172.18.0.3 - - [17/Aug/2017:01:41:45 +0000] "POST /organization/school/basic_info HTTP/1.1" 200 559 "wgroup.dev.4000669696.com" "Weiyuyan\x5CCommon\x5CCurl/1.0 curl"
172.18.0.3 - - [17/Aug/2017:01:41:46 +0000] "POST /organization/school/balance HTTP/1.1" 200 94 "wgroup.dev.4000669696.com" "Weiyuyan\x5CCommon\x5CCurl/1.0 curl"
192.168.33.1 - - [17/Aug/2017:01:41:46 +0000] "GET /school_recharge HTTP/1.1" 200 8280 "http://wgroup.dev.4000669696.com/admin" "Mozilla/5.0 (Windows NT 10.0; WOW64) AppleWebKit/537.36 (KHTML, like Gecko) Chrome/58.0.3004.3 Safari/537.36"
172.18.0.3 - - [17/Aug/2017:01:42:46 +0000] "POST /organization/school/get_school_and_group HTTP/1.1" 200 121 "wgroup.dev.4000669696.com" "Weiyuyan\x5CCommon\x5CCurl/1.0 curl"
192.168.33.1 - - [17/Aug/2017:01:42:46 +0000] "GET /out HTTP/1.1" 302 384 "http://wgroup.dev.4000669696.com/school_recharge" "Mozilla/5.0 (Windows NT 10.0; WOW64) AppleWebKit/537.36 (KHTML, like Gecko) Chrome/58.0.3004.3 Safari/537.36"
192.168.33.1 - - [17/Aug/2017:01:42:47 +0000] "GET / HTTP/1.1" 302 408 "http://wgroup.dev.4000669696.com/school_recharge" "Mozilla/5.0 (Windows NT 10.0; WOW64) AppleWebKit/537.36 (KHTML, like Gecko) Chrome/58.0.3004.3 Safari/537.36"
172.18.0.3 - - [17/Aug/2017:01:42:48 +0000] "POST /organization/school/get_school_and_group HTTP/1.1" 200 121 "wgroup.dev.4000669696.com" "Weiyuyan\x5CCommon\x5CCurl/1.0 curl"
192.168.33.1 - - [17/Aug/2017:01:42:48 +0000] "GET /login HTTP/1.1" 200 1640 "http://wgroup.dev.4000669696.com/school_recharge" "Mozilla/5.0 (Windows NT 10.0; WOW64) AppleWebKit/537.36 (KHTML, like Gecko) Chrome/58.0.3004.3 Safari/537.36"
172.18.0.3 - - [17/Aug/2017:01:42:48 +0000] "POST /organization/school/get_school_and_group HTTP/1.1" 200 121 "wgroup.dev.4000669696.com" "Weiyuyan\x5CCommon\x5CCurl/1.0 curl"
192.168.33.1 - - [17/Aug/2017:01:42:49 +0000] "GET /code/captcha_forget/1 HTTP/1.1" 200 1747 "http://wgroup.dev.4000669696.com/login" "Mozilla/5.0 (Windows NT 10.0; WOW64) AppleWebKit/537.36 (KHTML, like Gecko) Chrome/58.0.3004.3 Safari/537.36"
172.18.0.3 - - [17/Aug/2017:01:42:54 +0000] "POST /organization/school/get_school_and_group HTTP/1.1" 200 121 "wgroup.dev.4000669696.com" "Weiyuyan\x5CCommon\x5CCurl/1.0 curl"
172.18.0.3 - - [17/Aug/2017:01:42:55 +0000] "POST /organization/manager/sign_in HTTP/1.1" 200 103 "wgroup.dev.4000669696.com" "Weiyuyan\x5CCommon\x5CCurl/1.0 curl"
192.168.33.1 - - [17/Aug/2017:01:42:55 +0000] "POST /login HTTP/1.1" 200 1703 "http://wgroup.dev.4000669696.com/login" "Mozilla/5.0 (Windows NT 10.0; WOW64) AppleWebKit/537.36 (KHTML, like Gecko) Chrome/58.0.3004.3 Safari/537.36"
172.18.0.3 - - [17/Aug/2017:01:42:56 +0000] "POST /organization/school/get_school_and_group HTTP/1.1" 200 121 "wgroup.dev.4000669696.com" "Weiyuyan\x5CCommon\x5CCurl/1.0 curl"
192.168.33.1 - - [17/Aug/2017:01:42:56 +0000] "GET /code/captcha_forget/1 HTTP/1.1" 200 1860 "http://wgroup.dev.4000669696.com/login" "Mozilla/5.0 (Windows NT 10.0; WOW64) AppleWebKit/537.36 (KHTML, like Gecko) Chrome/58.0.3004.3 Safari/537.36"
192.168.33.1 - - [17/Aug/2017:01:42:59 +0000] "POST /login HTTP/1.1" 499 0 "http://wgroup.dev.4000669696.com/login" "Mozilla/5.0 (Windows NT 10.0; WOW64) AppleWebKit/537.36 (KHTML, like Gecko) Chrome/58.0.3004.3 Safari/537.36"
172.18.0.3 - - [17/Aug/2017:01:43:00 +0000] "POST /organization/school/get_school_and_group HTTP/1.1" 200 121 "wgroup.dev.4000669696.com" "Weiyuyan\x5CCommon\x5CCurl/1.0 curl"
172.18.0.3 - - [17/Aug/2017:01:43:00 +0000] "POST /organization/school/get_school_and_group HTTP/1.1" 200 121 "wgroup.dev.4000669696.com" "Weiyuyan\x5CCommon\x5CCurl/1.0 curl"
172.18.0.3 - - [17/Aug/2017:01:43:01 +0000] "POST /organization/manager/sign_in HTTP/1.1" 200 422 "wgroup.dev.4000669696.com" "Weiyuyan\x5CCommon\x5CCurl/1.0 curl"
172.18.0.3 - - [17/Aug/2017:01:43:01 +0000] "POST /organization/manager/sign_in HTTP/1.1" 200 422 "wgroup.dev.4000669696.com" "Weiyuyan\x5CCommon\x5CCurl/1.0 curl"
192.168.33.1 - - [17/Aug/2017:01:43:01 +0000] "POST /login HTTP/1.1" 302 408 "http://wgroup.dev.4000669696.com/login" "Mozilla/5.0 (Windows NT 10.0; WOW64) AppleWebKit/537.36 (KHTML, like Gecko) Chrome/58.0.3004.3 Safari/537.36"
192.168.33.1 - - [17/Aug/2017:01:43:01 +0000] "GET /admin HTTP/1.1" 200 5081 "http://wgroup.dev.4000669696.com/login" "Mozilla/5.0 (Windows NT 10.0; WOW64) AppleWebKit/537.36 (KHTML, like Gecko) Chrome/58.0.3004.3 Safari/537.36"
172.18.0.3 - - [17/Aug/2017:01:43:04 +0000] "POST /organization/school/basic_info HTTP/1.1" 200 559 "wgroup.dev.4000669696.com" "Weiyuyan\x5CCommon\x5CCurl/1.0 curl"
192.168.33.1 - - [17/Aug/2017:01:43:04 +0000] "GET /school_recharge HTTP/1.1" 302 464 "http://wgroup.dev.4000669696.com/admin" "Mozilla/5.0 (Windows NT 10.0; WOW64) AppleWebKit/537.36 (KHTML, like Gecko) Chrome/58.0.3004.3 Safari/537.36"
172.18.0.3 - - [17/Aug/2017:01:43:05 +0000] "POST /organization/school/basic_info HTTP/1.1" 200 559 "wgroup.dev.4000669696.com" "Weiyuyan\x5CCommon\x5CCurl/1.0 curl"
172.18.0.3 - - [17/Aug/2017:01:43:05 +0000] "POST /organization/school/balance HTTP/1.1" 200 94 "wgroup.dev.4000669696.com" "Weiyuyan\x5CCommon\x5CCurl/1.0 curl"
172.18.0.3 - - [17/Aug/2017:01:43:06 +0000] "POST /organization/school_record_list HTTP/1.1" 200 95 "wgroup.dev.4000669696.com" "Weiyuyan\x5CCommon\x5CCurl/1.0 curl"
192.168.33.1 - - [17/Aug/2017:01:43:06 +0000] "GET /recharge_group_list HTTP/1.1" 200 7017 "http://wgroup.dev.4000669696.com/admin" "Mozilla/5.0 (Windows NT 10.0; WOW64) AppleWebKit/537.36 (KHTML, like Gecko) Chrome/58.0.3004.3 Safari/537.36"
172.18.0.3 - - [17/Aug/2017:01:44:30 +0000] "POST /state_school/state_school/state_school_list HTTP/1.1" 200 3802 "wgroup.dev.4000669696.com" "Weiyuyan\x5CCommon\x5CCurl/1.0 curl"
192.168.33.1 - - [17/Aug/2017:01:44:30 +0000] "GET /state_school/state_school HTTP/1.1" 200 6424 "http://wgroup.dev.4000669696.com/recharge_group_list" "Mozilla/5.0 (Windows NT 10.0; WOW64) AppleWebKit/537.36 (KHTML, like Gecko) Chrome/58.0.3004.3 Safari/537.36"
172.18.0.3 - - [17/Aug/2017:01:44:32 +0000] "POST /state_school/state_chinese_teacher/state_chinese_teacher_list HTTP/1.1" 200 3160 "wgroup.dev.4000669696.com" "Weiyuyan\x5CCommon\x5CCurl/1.0 curl"
192.168.33.1 - - [17/Aug/2017:01:44:32 +0000] "GET /state_school/state_chinese_teacher HTTP/1.1" 200 7838 "http://wgroup.dev.4000669696.com/state_school/state_school" "Mozilla/5.0 (Windows NT 10.0; WOW64) AppleWebKit/537.36 (KHTML, like Gecko) Chrome/58.0.3004.3 Safari/537.36"
172.18.0.3 - - [17/Aug/2017:01:44:34 +0000] "POST /state_school/state_class/state_class_list HTTP/1.1" 200 9157 "wgroup.dev.4000669696.com" "Weiyuyan\x5CCommon\x5CCurl/1.0 curl"
192.168.33.1 - - [17/Aug/2017:01:44:34 +0000] "GET /state_school/state_class HTTP/1.1" 200 6764 "http://wgroup.dev.4000669696.com/state_school/state_chinese_teacher" "Mozilla/5.0 (Windows NT 10.0; WOW64) AppleWebKit/537.36 (KHTML, like Gecko) Chrome/58.0.3004.3 Safari/537.36"
172.18.0.3 - - [17/Aug/2017:01:45:01 +0000] "POST /state_school/state_class/state_class_list HTTP/1.1" 200 9388 "wgroup.dev.4000669696.com" "Weiyuyan\x5CCommon\x5CCurl/1.0 curl"
192.168.33.1 - - [17/Aug/2017:01:45:02 +0000] "GET /state_school/state_class HTTP/1.1" 200 6790 "http://wgroup.dev.4000669696.com/state_school/state_chinese_teacher" "Mozilla/5.0 (Windows NT 10.0; WOW64) AppleWebKit/537.36 (KHTML, like Gecko) Chrome/58.0.3004.3 Safari/537.36"
192.168.33.1 - - [17/Aug/2017:01:45:02 +0000] "GET /favicon.ico HTTP/1.1" 200 0 "http://wgroup.dev.4000669696.com/state_school/state_class" "Mozilla/5.0 (Windows NT 10.0; WOW64) AppleWebKit/537.36 (KHTML, like Gecko) Chrome/58.0.3004.3 Safari/537.36"
172.18.0.3 - - [17/Aug/2017:01:45:12 +0000] "POST /state_school/state_chinese_teacher/state_chinese_teacher_list HTTP/1.1" 200 3160 "wgroup.dev.4000669696.com" "Weiyuyan\x5CCommon\x5CCurl/1.0 curl"
192.168.33.1 - - [17/Aug/2017:01:45:12 +0000] "GET /state_school/state_chinese_teacher HTTP/1.1" 200 7842 "http://wgroup.dev.4000669696.com/state_school/state_class" "Mozilla/5.0 (Windows NT 10.0; WOW64) AppleWebKit/537.36 (KHTML, like Gecko) Chrome/58.0.3004.3 Safari/537.36"
172.18.0.3 - - [17/Aug/2017:01:45:24 +0000] "POST /state_school/state_chinese_teacher/state_chinese_teacher_list HTTP/1.1" 200 3160 "wgroup.dev.4000669696.com" "Weiyuyan\x5CCommon\x5CCurl/1.0 curl"
192.168.33.1 - - [17/Aug/2017:01:45:24 +0000] "GET /state_school/state_chinese_teacher?keyword=0&status=2&begin_create_time=&end_create_time= HTTP/1.1" 200 7842 "http://wgroup.dev.4000669696.com/state_school/state_chinese_teacher" "Mozilla/5.0 (Windows NT 10.0; WOW64) AppleWebKit/537.36 (KHTML, like Gecko) Chrome/58.0.3004.3 Safari/537.36"
172.18.0.3 - - [17/Aug/2017:06:16:37 +0000] "POST /organization/school/get_school_and_group HTTP/1.1" 200 121 "wgroup.dev.4000669696.com" "Weiyuyan\x5CCommon\x5CCurl/1.0 curl"
172.18.0.3 - - [17/Aug/2017:06:16:37 +0000] "POST /organization/manager/sign_in HTTP/1.1" 200 424 "wgroup.dev.4000669696.com" "Weiyuyan\x5CCommon\x5CCurl/1.0 curl"
192.168.33.1 - - [17/Aug/2017:06:16:37 +0000] "POST /login HTTP/1.1" 302 408 "http://wgroup.dev.4000669696.com/login" "Mozilla/5.0 (Windows NT 10.0; WOW64) AppleWebKit/537.36 (KHTML, like Gecko) Chrome/58.0.3004.3 Safari/537.36"
192.168.33.1 - - [17/Aug/2017:06:16:38 +0000] "GET /admin HTTP/1.1" 200 5084 "http://wgroup.dev.4000669696.com/login" "Mozilla/5.0 (Windows NT 10.0; WOW64) AppleWebKit/537.36 (KHTML, like Gecko) Chrome/58.0.3004.3 Safari/537.36"
192.168.33.1 - - [17/Aug/2017:06:32:39 +0000] "POST /a HTTP/1.1" 200 82 "-" "Mozilla/5.0 (Windows NT 10.0; WOW64) AppleWebKit/537.36 (KHTML, like Gecko) Chrome/58.0.3004.3 Safari/537.36"
192.168.33.1 - - [17/Aug/2017:06:32:58 +0000] "POST /a HTTP/1.1" 200 82 "-" "Mozilla/5.0 (Windows NT 10.0; WOW64) AppleWebKit/537.36 (KHTML, like Gecko) Chrome/58.0.3004.3 Safari/537.36"
192.168.33.1 - - [17/Aug/2017:06:36:42 +0000] "POST /a HTTP/1.1" 200 2150 "-" "Mozilla/5.0 (Windows NT 10.0; WOW64) AppleWebKit/537.36 (KHTML, like Gecko) Chrome/58.0.3004.3 Safari/537.36"
192.168.33.1 - - [17/Aug/2017:06:37:18 +0000] "POST /a HTTP/1.1" 200 82 "-" "Mozilla/5.0 (Windows NT 10.0; WOW64) AppleWebKit/537.36 (KHTML, like Gecko) Chrome/58.0.3004.3 Safari/537.36"
192.168.33.1 - - [17/Aug/2017:06:37:29 +0000] "POST /a HTTP/1.1" 200 82 "-" "Mozilla/5.0 (Windows NT 10.0; WOW64) AppleWebKit/537.36 (KHTML, like Gecko) Chrome/58.0.3004.3 Safari/537.36"
192.168.33.1 - - [17/Aug/2017:06:37:54 +0000] "POST /a HTTP/1.1" 200 82 "-" "Mozilla/5.0 (Windows NT 10.0; WOW64) AppleWebKit/537.36 (KHTML, like Gecko) Chrome/58.0.3004.3 Safari/537.36"
192.168.33.1 - - [17/Aug/2017:06:38:07 +0000] "POST /a HTTP/1.1" 200 2280 "-" "Mozilla/5.0 (Windows NT 10.0; WOW64) AppleWebKit/537.36 (KHTML, like Gecko) Chrome/58.0.3004.3 Safari/537.36"
192.168.33.1 - - [17/Aug/2017:06:38:38 +0000] "POST /a HTTP/1.1" 200 82 "-" "Mozilla/5.0 (Windows NT 10.0; WOW64) AppleWebKit/537.36 (KHTML, like Gecko) Chrome/58.0.3004.3 Safari/537.36"
192.168.33.1 - - [17/Aug/2017:06:38:50 +0000] "POST /a HTTP/1.1" 200 82 "-" "Mozilla/5.0 (Windows NT 10.0; WOW64) AppleWebKit/537.36 (KHTML, like Gecko) Chrome/58.0.3004.3 Safari/537.36"
192.168.33.1 - - [17/Aug/2017:06:39:02 +0000] "POST /a HTTP/1.1" 200 2280 "-" "Mozilla/5.0 (Windows NT 10.0; WOW64) AppleWebKit/537.36 (KHTML, like Gecko) Chrome/58.0.3004.3 Safari/537.36"
192.168.33.1 - - [17/Aug/2017:06:39:14 +0000] "POST /a HTTP/1.1" 200 2386 "-" "Mozilla/5.0 (Windows NT 10.0; WOW64) AppleWebKit/537.36 (KHTML, like Gecko) Chrome/58.0.3004.3 Safari/537.36"
192.168.33.1 - - [17/Aug/2017:06:39:49 +0000] "POST /a HTTP/1.1" 200 2398 "-" "Mozilla/5.0 (Windows NT 10.0; WOW64) AppleWebKit/537.36 (KHTML, like Gecko) Chrome/58.0.3004.3 Safari/537.36"
192.168.33.1 - - [17/Aug/2017:06:40:53 +0000] "POST /a HTTP/1.1" 200 2371 "-" "Mozilla/5.0 (Windows NT 10.0; WOW64) AppleWebKit/537.36 (KHTML, like Gecko) Chrome/58.0.3004.3 Safari/537.36"
192.168.33.1 - - [17/Aug/2017:06:41:39 +0000] "POST /a HTTP/1.1" 200 2419 "-" "Mozilla/5.0 (Windows NT 10.0; WOW64) AppleWebKit/537.36 (KHTML, like Gecko) Chrome/58.0.3004.3 Safari/537.36"
192.168.33.1 - - [17/Aug/2017:06:42:13 +0000] "POST /a HTTP/1.1" 200 2150 "-" "Mozilla/5.0 (Windows NT 10.0; WOW64) AppleWebKit/537.36 (KHTML, like Gecko) Chrome/58.0.3004.3 Safari/537.36"
192.168.33.1 - - [17/Aug/2017:06:42:23 +0000] "POST /a HTTP/1.1" 200 2419 "-" "Mozilla/5.0 (Windows NT 10.0; WOW64) AppleWebKit/537.36 (KHTML, like Gecko) Chrome/58.0.3004.3 Safari/537.36"
192.168.33.1 - - [17/Aug/2017:06:44:33 +0000] "POST /a HTTP/1.1" 200 2432 "-" "Mozilla/5.0 (Windows NT 10.0; WOW64) AppleWebKit/537.36 (KHTML, like Gecko) Chrome/58.0.3004.3 Safari/537.36"
192.168.33.1 - - [17/Aug/2017:06:54:36 +0000] "POST /a HTTP/1.1" 200 82 "-" "Mozilla/5.0 (Windows NT 10.0; WOW64) AppleWebKit/537.36 (KHTML, like Gecko) Chrome/58.0.3004.3 Safari/537.36"
192.168.33.1 - - [17/Aug/2017:06:54:50 +0000] "POST /a HTTP/1.1" 200 2405 "-" "Mozilla/5.0 (Windows NT 10.0; WOW64) AppleWebKit/537.36 (KHTML, like Gecko) Chrome/58.0.3004.3 Safari/537.36"
192.168.33.1 - - [17/Aug/2017:06:55:06 +0000] "POST /a HTTP/1.1" 200 2141 "-" "Mozilla/5.0 (Windows NT 10.0; WOW64) AppleWebKit/537.36 (KHTML, like Gecko) Chrome/58.0.3004.3 Safari/537.36"
192.168.33.1 - - [17/Aug/2017:06:55:20 +0000] "POST /a HTTP/1.1" 200 2954 "-" "Mozilla/5.0 (Windows NT 10.0; WOW64) AppleWebKit/537.36 (KHTML, like Gecko) Chrome/58.0.3004.3 Safari/537.36"
192.168.33.1 - - [17/Aug/2017:06:56:25 +0000] "POST /a HTTP/1.1" 200 2408 "-" "Mozilla/5.0 (Windows NT 10.0; WOW64) AppleWebKit/537.36 (KHTML, like Gecko) Chrome/58.0.3004.3 Safari/537.36"
192.168.33.1 - - [17/Aug/2017:06:56:43 +0000] "POST /a HTTP/1.1" 200 2439 "-" "Mozilla/5.0 (Windows NT 10.0; WOW64) AppleWebKit/537.36 (KHTML, like Gecko) Chrome/58.0.3004.3 Safari/537.36"
192.168.33.1 - - [17/Aug/2017:06:57:14 +0000] "POST /a HTTP/1.1" 200 2142 "-" "Mozilla/5.0 (Windows NT 10.0; WOW64) AppleWebKit/537.36 (KHTML, like Gecko) Chrome/58.0.3004.3 Safari/537.36"
192.168.33.1 - - [17/Aug/2017:06:57:31 +0000] "POST /a HTTP/1.1" 200 2161 "-" "Mozilla/5.0 (Windows NT 10.0; WOW64) AppleWebKit/537.36 (KHTML, like Gecko) Chrome/58.0.3004.3 Safari/537.36"
192.168.33.1 - - [17/Aug/2017:06:58:00 +0000] "POST /a HTTP/1.1" 200 2160 "-" "Mozilla/5.0 (Windows NT 10.0; WOW64) AppleWebKit/537.36 (KHTML, like Gecko) Chrome/58.0.3004.3 Safari/537.36"
192.168.33.1 - - [17/Aug/2017:06:58:15 +0000] "POST /a HTTP/1.1" 200 2141 "-" "Mozilla/5.0 (Windows NT 10.0; WOW64) AppleWebKit/537.36 (KHTML, like Gecko) Chrome/58.0.3004.3 Safari/537.36"
192.168.33.1 - - [17/Aug/2017:06:58:29 +0000] "POST /a HTTP/1.1" 200 2168 "-" "Mozilla/5.0 (Windows NT 10.0; WOW64) AppleWebKit/537.36 (KHTML, like Gecko) Chrome/58.0.3004.3 Safari/537.36"
192.168.33.1 - - [17/Aug/2017:07:00:16 +0000] "POST /a HTTP/1.1" 200 6454 "-" "Mozilla/5.0 (Windows NT 10.0; WOW64) AppleWebKit/537.36 (KHTML, like Gecko) Chrome/58.0.3004.3 Safari/537.36"
192.168.33.1 - - [17/Aug/2017:07:00:32 +0000] "POST /a HTTP/1.1" 200 2773 "-" "Mozilla/5.0 (Windows NT 10.0; WOW64) AppleWebKit/537.36 (KHTML, like Gecko) Chrome/58.0.3004.3 Safari/537.36"
192.168.33.1 - - [17/Aug/2017:07:00:48 +0000] "POST /a HTTP/1.1" 200 2160 "-" "Mozilla/5.0 (Windows NT 10.0; WOW64) AppleWebKit/537.36 (KHTML, like Gecko) Chrome/58.0.3004.3 Safari/537.36"
192.168.33.1 - - [17/Aug/2017:07:01:42 +0000] "POST /a HTTP/1.1" 200 2184 "-" "Mozilla/5.0 (Windows NT 10.0; WOW64) AppleWebKit/537.36 (KHTML, like Gecko) Chrome/58.0.3004.3 Safari/537.36"
192.168.33.1 - - [17/Aug/2017:07:01:54 +0000] "POST /a HTTP/1.1" 200 2159 "-" "Mozilla/5.0 (Windows NT 10.0; WOW64) AppleWebKit/537.36 (KHTML, like Gecko) Chrome/58.0.3004.3 Safari/537.36"
192.168.33.1 - - [17/Aug/2017:07:02:07 +0000] "POST /a HTTP/1.1" 200 2160 "-" "Mozilla/5.0 (Windows NT 10.0; WOW64) AppleWebKit/537.36 (KHTML, like Gecko) Chrome/58.0.3004.3 Safari/537.36"
192.168.33.1 - - [17/Aug/2017:07:02:26 +0000] "POST /a HTTP/1.1" 200 2206 "-" "Mozilla/5.0 (Windows NT 10.0; WOW64) AppleWebKit/537.36 (KHTML, like Gecko) Chrome/58.0.3004.3 Safari/537.36"
192.168.33.1 - - [17/Aug/2017:07:03:07 +0000] "POST /a HTTP/1.1" 200 2217 "-" "Mozilla/5.0 (Windows NT 10.0; WOW64) AppleWebKit/537.36 (KHTML, like Gecko) Chrome/58.0.3004.3 Safari/537.36"
192.168.33.1 - - [17/Aug/2017:07:05:45 +0000] "POST /a HTTP/1.1" 200 2205 "-" "Mozilla/5.0 (Windows NT 10.0; WOW64) AppleWebKit/537.36 (KHTML, like Gecko) Chrome/58.0.3004.3 Safari/537.36"
192.168.33.1 - - [17/Aug/2017:07:09:59 +0000] "POST /a HTTP/1.1" 200 2216 "-" "Mozilla/5.0 (Windows NT 10.0; WOW64) AppleWebKit/537.36 (KHTML, like Gecko) Chrome/58.0.3004.3 Safari/537.36"
192.168.33.1 - - [17/Aug/2017:07:11:02 +0000] "POST /a HTTP/1.1" 200 2168 "-" "Mozilla/5.0 (Windows NT 10.0; WOW64) AppleWebKit/537.36 (KHTML, like Gecko) Chrome/58.0.3004.3 Safari/537.36"
