192.168.33.1 - - [29/Aug/2017:03:41:34 +0000] "GET /favicon.ico HTTP/1.1" 200 0 "http://998.wgp.test.4000669696.com/student" "Mozilla/5.0 (Windows NT 10.0; WOW64) AppleWebKit/537.36 (KHTML, like Gecko) Chrome/58.0.3004.3 Safari/537.36"
172.18.0.3 - - [29/Aug/2017:03:42:16 +0000] "POST /student/info/search HTTP/1.1" 200 11728 "998.wgp.test.4000669696.com" "Weiyuyan\x5CCommon\x5CCurl/1.0 curl"
192.168.33.1 - - [29/Aug/2017:03:42:16 +0000] "GET /student HTTP/1.1" 200 2775 "http://998.wgp.test.4000669696.com/school_index" "Mozilla/5.0 (Windows NT 10.0; WOW64) AppleWebKit/537.36 (KHTML, like Gecko) Chrome/58.0.3004.3 Safari/537.36"
192.168.33.1 - - [29/Aug/2017:03:42:16 +0000] "GET /favicon.ico HTTP/1.1" 200 0 "http://998.wgp.test.4000669696.com/student" "Mozilla/5.0 (Windows NT 10.0; WOW64) AppleWebKit/537.36 (KHTML, like Gecko) Chrome/58.0.3004.3 Safari/537.36"
172.18.0.3 - - [29/Aug/2017:03:42:48 +0000] "POST /student/info/search HTTP/1.1" 200 490291 "998.wgp.test.4000669696.com" "Weiyuyan\x5CCommon\x5CCurl/1.0 curl"
192.168.33.1 - - [29/Aug/2017:03:42:48 +0000] "GET /student HTTP/1.1" 200 42665 "http://998.wgp.test.4000669696.com/school_index" "Mozilla/5.0 (Windows NT 10.0; WOW64) AppleWebKit/537.36 (KHTML, like Gecko) Chrome/58.0.3004.3 Safari/537.36"
192.168.33.1 - - [29/Aug/2017:03:42:49 +0000] "GET /favicon.ico HTTP/1.1" 200 0 "http://998.wgp.test.4000669696.com/student" "Mozilla/5.0 (Windows NT 10.0; WOW64) AppleWebKit/537.36 (KHTML, like Gecko) Chrome/58.0.3004.3 Safari/537.36"
172.18.0.3 - - [29/Aug/2017:03:43:38 +0000] "POST /student/info/search HTTP/1.1" 200 11374 "998.wgp.test.4000669696.com" "Weiyuyan\x5CCommon\x5CCurl/1.0 curl"
192.168.33.1 - - [29/Aug/2017:03:43:38 +0000] "GET /student HTTP/1.1" 200 2695 "http://998.wgp.test.4000669696.com/school_index" "Mozilla/5.0 (Windows NT 10.0; WOW64) AppleWebKit/537.36 (KHTML, like Gecko) Chrome/58.0.3004.3 Safari/537.36"
192.168.33.1 - - [29/Aug/2017:03:43:38 +0000] "GET /favicon.ico HTTP/1.1" 200 0 "http://998.wgp.test.4000669696.com/student" "Mozilla/5.0 (Windows NT 10.0; WOW64) AppleWebKit/537.36 (KHTML, like Gecko) Chrome/58.0.3004.3 Safari/537.36"
172.18.0.3 - - [29/Aug/2017:03:43:51 +0000] "POST /student/info/search HTTP/1.1" 200 11556 "998.wgp.test.4000669696.com" "Weiyuyan\x5CCommon\x5CCurl/1.0 curl"
192.168.33.1 - - [29/Aug/2017:03:43:51 +0000] "GET /student HTTP/1.1" 200 2711 "http://998.wgp.test.4000669696.com/school_index" "Mozilla/5.0 (Windows NT 10.0; WOW64) AppleWebKit/537.36 (KHTML, like Gecko) Chrome/58.0.3004.3 Safari/537.36"
192.168.33.1 - - [29/Aug/2017:03:43:51 +0000] "GET /favicon.ico HTTP/1.1" 200 0 "http://998.wgp.test.4000669696.com/student" "Mozilla/5.0 (Windows NT 10.0; WOW64) AppleWebKit/537.36 (KHTML, like Gecko) Chrome/58.0.3004.3 Safari/537.36"
172.18.0.3 - - [29/Aug/2017:03:44:02 +0000] "POST /student/info/search HTTP/1.1" 200 11180 "998.wgp.test.4000669696.com" "Weiyuyan\x5CCommon\x5CCurl/1.0 curl"
192.168.33.1 - - [29/Aug/2017:03:44:02 +0000] "GET /student HTTP/1.1" 200 2801 "http://998.wgp.test.4000669696.com/school_index" "Mozilla/5.0 (Windows NT 10.0; WOW64) AppleWebKit/537.36 (KHTML, like Gecko) Chrome/58.0.3004.3 Safari/537.36"
192.168.33.1 - - [29/Aug/2017:03:44:02 +0000] "GET /favicon.ico HTTP/1.1" 200 0 "http://998.wgp.test.4000669696.com/student" "Mozilla/5.0 (Windows NT 10.0; WOW64) AppleWebKit/537.36 (KHTML, like Gecko) Chrome/58.0.3004.3 Safari/537.36"
172.18.0.3 - - [29/Aug/2017:03:46:04 +0000] "POST /student/info/search HTTP/1.1" 200 11556 "998.wgp.test.4000669696.com" "Weiyuyan\x5CCommon\x5CCurl/1.0 curl"
192.168.33.1 - - [29/Aug/2017:03:46:04 +0000] "GET /student HTTP/1.1" 200 2710 "http://998.wgp.test.4000669696.com/school_index" "Mozilla/5.0 (Windows NT 10.0; WOW64) AppleWebKit/537.36 (KHTML, like Gecko) Chrome/58.0.3004.3 Safari/537.36"
192.168.33.1 - - [29/Aug/2017:03:46:04 +0000] "GET /favicon.ico HTTP/1.1" 200 0 "http://998.wgp.test.4000669696.com/student" "Mozilla/5.0 (Windows NT 10.0; WOW64) AppleWebKit/537.36 (KHTML, like Gecko) Chrome/58.0.3004.3 Safari/537.36"
172.18.0.3 - - [29/Aug/2017:03:47:12 +0000] "POST /student/info/search HTTP/1.1" 200 11362 "998.wgp.test.4000669696.com" "Weiyuyan\x5CCommon\x5CCurl/1.0 curl"
192.168.33.1 - - [29/Aug/2017:03:47:12 +0000] "GET /student HTTP/1.1" 200 2809 "http://998.wgp.test.4000669696.com/school_index" "Mozilla/5.0 (Windows NT 10.0; WOW64) AppleWebKit/537.36 (KHTML, like Gecko) Chrome/58.0.3004.3 Safari/537.36"
192.168.33.1 - - [29/Aug/2017:03:47:12 +0000] "GET /favicon.ico HTTP/1.1" 200 0 "http://998.wgp.test.4000669696.com/student" "Mozilla/5.0 (Windows NT 10.0; WOW64) AppleWebKit/537.36 (KHTML, like Gecko) Chrome/58.0.3004.3 Safari/537.36"
172.18.0.3 - - [29/Aug/2017:03:47:54 +0000] "POST /student/info/search HTTP/1.1" 200 11364 "998.wgp.test.4000669696.com" "Weiyuyan\x5CCommon\x5CCurl/1.0 curl"
192.168.33.1 - - [29/Aug/2017:03:47:54 +0000] "GET /student HTTP/1.1" 200 2811 "http://998.wgp.test.4000669696.com/school_index" "Mozilla/5.0 (Windows NT 10.0; WOW64) AppleWebKit/537.36 (KHTML, like Gecko) Chrome/58.0.3004.3 Safari/537.36"
192.168.33.1 - - [29/Aug/2017:03:47:54 +0000] "GET /favicon.ico HTTP/1.1" 200 0 "http://998.wgp.test.4000669696.com/student" "Mozilla/5.0 (Windows NT 10.0; WOW64) AppleWebKit/537.36 (KHTML, like Gecko) Chrome/58.0.3004.3 Safari/537.36"
172.18.0.3 - - [29/Aug/2017:03:48:14 +0000] "POST /student/info/search HTTP/1.1" 200 1309 "998.wgp.test.4000669696.com" "Weiyuyan\x5CCommon\x5CCurl/1.0 curl"
192.168.33.1 - - [29/Aug/2017:03:48:14 +0000] "GET /student HTTP/1.1" 200 483 "http://998.wgp.test.4000669696.com/school_index" "Mozilla/5.0 (Windows NT 10.0; WOW64) AppleWebKit/537.36 (KHTML, like Gecko) Chrome/58.0.3004.3 Safari/537.36"
192.168.33.1 - - [29/Aug/2017:03:48:14 +0000] "GET /favicon.ico HTTP/1.1" 200 0 "http://998.wgp.test.4000669696.com/student" "Mozilla/5.0 (Windows NT 10.0; WOW64) AppleWebKit/537.36 (KHTML, like Gecko) Chrome/58.0.3004.3 Safari/537.36"
172.18.0.3 - - [29/Aug/2017:03:48:30 +0000] "POST /student/info/search HTTP/1.1" 200 1309 "998.wgp.test.4000669696.com" "Weiyuyan\x5CCommon\x5CCurl/1.0 curl"
192.168.33.1 - - [29/Aug/2017:03:48:30 +0000] "GET /student HTTP/1.1" 200 8658 "http://998.wgp.test.4000669696.com/school_index" "Mozilla/5.0 (Windows NT 10.0; WOW64) AppleWebKit/537.36 (KHTML, like Gecko) Chrome/58.0.3004.3 Safari/537.36"
192.168.33.1 - - [29/Aug/2017:03:48:30 +0000] "GET /favicon.ico HTTP/1.1" 200 0 "http://998.wgp.test.4000669696.com/student" "Mozilla/5.0 (Windows NT 10.0; WOW64) AppleWebKit/537.36 (KHTML, like Gecko) Chrome/58.0.3004.3 Safari/537.36"
172.18.0.3 - - [29/Aug/2017:03:49:37 +0000] "POST /student/info/search HTTP/1.1" 200 1309 "998.wgp.test.4000669696.com" "Weiyuyan\x5CCommon\x5CCurl/1.0 curl"
192.168.33.1 - - [29/Aug/2017:03:49:37 +0000] "GET /student HTTP/1.1" 200 8658 "http://998.wgp.test.4000669696.com/school_index" "Mozilla/5.0 (Windows NT 10.0; WOW64) AppleWebKit/537.36 (KHTML, like Gecko) Chrome/58.0.3004.3 Safari/537.36"
192.168.33.1 - - [29/Aug/2017:03:49:37 +0000] "GET /favicon.ico HTTP/1.1" 200 0 "http://998.wgp.test.4000669696.com/student" "Mozilla/5.0 (Windows NT 10.0; WOW64) AppleWebKit/537.36 (KHTML, like Gecko) Chrome/58.0.3004.3 Safari/537.36"
192.168.33.1 - - [29/Aug/2017:03:49:39 +0000] "GET /dist/css/font/toadOcfmlt9b38dHJxOBGCOFnW3Jk0f09zW_Yln67Ac.woff2 HTTP/1.1" 200 13992 "http://998.wgp.test.4000669696.com/dist/css/css.css" "Mozilla/5.0 (Windows NT 10.0; WOW64) AppleWebKit/537.36 (KHTML, like Gecko) Chrome/58.0.3004.3 Safari/537.36"
172.18.0.3 - - [29/Aug/2017:03:49:40 +0000] "POST /student/info/set_status HTTP/1.1" 200 76 "998.wgp.test.4000669696.com" "Weiyuyan\x5CCommon\x5CCurl/1.0 curl"
192.168.33.1 - - [29/Aug/2017:03:49:40 +0000] "GET /student_upstatus?table=data_student&status=1&guid=0109feba8c6711e7b7d600163e106fb7 HTTP/1.1" 302 424 "http://998.wgp.test.4000669696.com/student" "Mozilla/5.0 (Windows NT 10.0; WOW64) AppleWebKit/537.36 (KHTML, like Gecko) Chrome/58.0.3004.3 Safari/537.36"
172.18.0.3 - - [29/Aug/2017:03:49:41 +0000] "POST /student/info/search HTTP/1.1" 200 1309 "998.wgp.test.4000669696.com" "Weiyuyan\x5CCommon\x5CCurl/1.0 curl"
192.168.33.1 - - [29/Aug/2017:03:49:41 +0000] "GET /student HTTP/1.1" 200 8692 "http://998.wgp.test.4000669696.com/student" "Mozilla/5.0 (Windows NT 10.0; WOW64) AppleWebKit/537.36 (KHTML, like Gecko) Chrome/58.0.3004.3 Safari/537.36"
172.18.0.3 - - [29/Aug/2017:03:49:43 +0000] "POST /student/info/set_status HTTP/1.1" 200 76 "998.wgp.test.4000669696.com" "Weiyuyan\x5CCommon\x5CCurl/1.0 curl"
192.168.33.1 - - [29/Aug/2017:03:49:43 +0000] "GET /student_upstatus?table=data_student&status=2&guid=0109feba8c6711e7b7d600163e106fb7 HTTP/1.1" 302 424 "http://998.wgp.test.4000669696.com/student" "Mozilla/5.0 (Windows NT 10.0; WOW64) AppleWebKit/537.36 (KHTML, like Gecko) Chrome/58.0.3004.3 Safari/537.36"
172.18.0.3 - - [29/Aug/2017:03:49:44 +0000] "POST /student/info/search HTTP/1.1" 200 1309 "998.wgp.test.4000669696.com" "Weiyuyan\x5CCommon\x5CCurl/1.0 curl"
192.168.33.1 - - [29/Aug/2017:03:49:44 +0000] "GET /student HTTP/1.1" 200 8658 "http://998.wgp.test.4000669696.com/student" "Mozilla/5.0 (Windows NT 10.0; WOW64) AppleWebKit/537.36 (KHTML, like Gecko) Chrome/58.0.3004.3 Safari/537.36"
172.18.0.3 - - [29/Aug/2017:03:51:48 +0000] "POST /textbook/package/package_list HTTP/1.1" 200 336 "998.wgp.test.4000669696.com" "Weiyuyan\x5CCommon\x5CCurl/1.0 curl"
192.168.33.1 - - [29/Aug/2017:03:51:48 +0000] "GET /student/create HTTP/1.1" 200 6707 "http://998.wgp.test.4000669696.com/student" "Mozilla/5.0 (Windows NT 10.0; WOW64) AppleWebKit/537.36 (KHTML, like Gecko) Chrome/58.0.3004.3 Safari/537.36"
192.168.33.1 - - [29/Aug/2017:03:52:21 +0000] "POST /student HTTP/1.1" 302 452 "http://998.wgp.test.4000669696.com/student/create" "Mozilla/5.0 (Windows NT 10.0; WOW64) AppleWebKit/537.36 (KHTML, like Gecko) Chrome/58.0.3004.3 Safari/537.36"
172.18.0.3 - - [29/Aug/2017:03:52:22 +0000] "POST /textbook/package/package_list HTTP/1.1" 200 336 "998.wgp.test.4000669696.com" "Weiyuyan\x5CCommon\x5CCurl/1.0 curl"
192.168.33.1 - - [29/Aug/2017:03:52:22 +0000] "GET /student/create HTTP/1.1" 200 6818 "http://998.wgp.test.4000669696.com/student/create" "Mozilla/5.0 (Windows NT 10.0; WOW64) AppleWebKit/537.36 (KHTML, like Gecko) Chrome/58.0.3004.3 Safari/537.36"
172.18.0.3 - - [29/Aug/2017:03:52:36 +0000] "POST /student/info/create_mew_student HTTP/1.1" 200 217 "998.wgp.test.4000669696.com" "Weiyuyan\x5CCommon\x5CCurl/1.0 curl"
192.168.33.1 - - [29/Aug/2017:03:52:36 +0000] "POST /student HTTP/1.1" 302 424 "http://998.wgp.test.4000669696.com/student/create" "Mozilla/5.0 (Windows NT 10.0; WOW64) AppleWebKit/537.36 (KHTML, like Gecko) Chrome/58.0.3004.3 Safari/537.36"
172.18.0.3 - - [29/Aug/2017:03:52:37 +0000] "POST /student/info/search HTTP/1.1" 200 1911 "998.wgp.test.4000669696.com" "Weiyuyan\x5CCommon\x5CCurl/1.0 curl"
192.168.33.1 - - [29/Aug/2017:03:52:37 +0000] "GET /student HTTP/1.1" 200 8819 "http://998.wgp.test.4000669696.com/student/create" "Mozilla/5.0 (Windows NT 10.0; WOW64) AppleWebKit/537.36 (KHTML, like Gecko) Chrome/58.0.3004.3 Safari/537.36"
172.18.0.3 - - [29/Aug/2017:03:52:45 +0000] "POST /student/info/personal_info HTTP/1.1" 200 500 "998.wgp.test.4000669696.com" "Weiyuyan\x5CCommon\x5CCurl/1.0 curl"
192.168.33.1 - - [29/Aug/2017:03:52:45 +0000] "GET /student_one/7efab5208c6d11e78d0ce5397e55f657/edit HTTP/1.1" 200 6287 "http://998.wgp.test.4000669696.com/student" "Mozilla/5.0 (Windows NT 10.0; WOW64) AppleWebKit/537.36 (KHTML, like Gecko) Chrome/58.0.3004.3 Safari/537.36"
172.18.0.3 - - [29/Aug/2017:03:53:29 +0000] "POST /class/class_list HTTP/1.1" 200 102 "998.wgp.test.4000669696.com" "Weiyuyan\x5CCommon\x5CCurl/1.0 curl"
192.168.33.1 - - [29/Aug/2017:03:53:29 +0000] "GET /class HTTP/1.1" 200 6340 "http://998.wgp.test.4000669696.com/student" "Mozilla/5.0 (Windows NT 10.0; WOW64) AppleWebKit/537.36 (KHTML, like Gecko) Chrome/58.0.3004.3 Safari/537.36"
172.18.0.3 - - [29/Aug/2017:03:53:31 +0000] "POST /textbook/package/package_list HTTP/1.1" 200 102 "998.wgp.test.4000669696.com" "Weiyuyan\x5CCommon\x5CCurl/1.0 curl"
192.168.33.1 - - [29/Aug/2017:03:53:31 +0000] "GET /class/-1/edit HTTP/1.1" 200 9215 "http://998.wgp.test.4000669696.com/class" "Mozilla/5.0 (Windows NT 10.0; WOW64) AppleWebKit/537.36 (KHTML, like Gecko) Chrome/58.0.3004.3 Safari/537.36"
172.18.0.3 - - [29/Aug/2017:03:53:39 +0000] "POST /state_school/state_class/state_class_list HTTP/1.1" 200 95 "998.wgp.test.4000669696.com" "Weiyuyan\x5CCommon\x5CCurl/1.0 curl"
192.168.33.1 - - [29/Aug/2017:03:53:39 +0000] "GET /state_school/state_class HTTP/1.1" 200 5540 "http://998.wgp.test.4000669696.com/class/-1/edit" "Mozilla/5.0 (Windows NT 10.0; WOW64) AppleWebKit/537.36 (KHTML, like Gecko) Chrome/58.0.3004.3 Safari/537.36"
172.18.0.3 - - [29/Aug/2017:03:53:42 +0000] "POST /state_school/state_school/state_school_list HTTP/1.1" 200 368 "998.wgp.test.4000669696.com" "Weiyuyan\x5CCommon\x5CCurl/1.0 curl"
192.168.33.1 - - [29/Aug/2017:03:53:42 +0000] "GET /state_school/state_class/create HTTP/1.1" 200 6605 "http://998.wgp.test.4000669696.com/state_school/state_class" "Mozilla/5.0 (Windows NT 10.0; WOW64) AppleWebKit/537.36 (KHTML, like Gecko) Chrome/58.0.3004.3 Safari/537.36"
172.18.0.3 - - [29/Aug/2017:03:53:43 +0000] "POST /state_school/state_chinese_teacher/state_chinese_teacher_list HTTP/1.1" 200 471 "998.wgp.test.4000669696.com" "Weiyuyan\x5CCommon\x5CCurl/1.0 curl"
192.168.33.1 - - [29/Aug/2017:03:53:43 +0000] "POST /state_school/state_school_chinese_teacher HTTP/1.1" 200 249 "http://998.wgp.test.4000669696.com/state_school/state_class/create" "Mozilla/5.0 (Windows NT 10.0; WOW64) AppleWebKit/537.36 (KHTML, like Gecko) Chrome/58.0.3004.3 Safari/537.36"
172.18.0.3 - - [29/Aug/2017:03:53:46 +0000] "POST /state_school/state_class/state_class_create HTTP/1.1" 200 469 "998.wgp.test.4000669696.com" "Weiyuyan\x5CCommon\x5CCurl/1.0 curl"
192.168.33.1 - - [29/Aug/2017:03:53:46 +0000] "POST /state_school/state_class HTTP/1.1" 302 492 "http://998.wgp.test.4000669696.com/state_school/state_class/create" "Mozilla/5.0 (Windows NT 10.0; WOW64) AppleWebKit/537.36 (KHTML, like Gecko) Chrome/58.0.3004.3 Safari/537.36"
172.18.0.3 - - [29/Aug/2017:03:53:47 +0000] "POST /state_school/state_class/state_class_list HTTP/1.1" 200 708 "998.wgp.test.4000669696.com" "Weiyuyan\x5CCommon\x5CCurl/1.0 curl"
192.168.33.1 - - [29/Aug/2017:03:53:47 +0000] "GET /state_school/state_class HTTP/1.1" 200 5850 "http://998.wgp.test.4000669696.com/state_school/state_class/create" "Mozilla/5.0 (Windows NT 10.0; WOW64) AppleWebKit/537.36 (KHTML, like Gecko) Chrome/58.0.3004.3 Safari/537.36"
172.18.0.3 - - [29/Aug/2017:03:53:49 +0000] "POST /state_school/state_school/state_school_list HTTP/1.1" 200 368 "998.wgp.test.4000669696.com" "Weiyuyan\x5CCommon\x5CCurl/1.0 curl"
172.18.0.3 - - [29/Aug/2017:03:53:50 +0000] "POST /state_school/state_class/state_class HTTP/1.1" 200 854 "998.wgp.test.4000669696.com" "Weiyuyan\x5CCommon\x5CCurl/1.0 curl"
192.168.33.1 - - [29/Aug/2017:03:53:50 +0000] "GET /state_school/state_class/a8bc99dc8c6d11e794aa85df979ccc23/edit HTTP/1.1" 200 6793 "http://998.wgp.test.4000669696.com/state_school/state_class" "Mozilla/5.0 (Windows NT 10.0; WOW64) AppleWebKit/537.36 (KHTML, like Gecko) Chrome/58.0.3004.3 Safari/537.36"
172.18.0.3 - - [29/Aug/2017:03:53:51 +0000] "POST /state_school/state_chinese_teacher/state_chinese_teacher_list HTTP/1.1" 200 471 "998.wgp.test.4000669696.com" "Weiyuyan\x5CCommon\x5CCurl/1.0 curl"
192.168.33.1 - - [29/Aug/2017:03:53:51 +0000] "POST /state_school/state_school_chinese_teacher HTTP/1.1" 200 249 "http://998.wgp.test.4000669696.com/state_school/state_class/a8bc99dc8c6d11e794aa85df979ccc23/edit" "Mozilla/5.0 (Windows NT 10.0; WOW64) AppleWebKit/537.36 (KHTML, like Gecko) Chrome/58.0.3004.3 Safari/537.36"
172.18.0.3 - - [29/Aug/2017:03:54:25 +0000] "POST /state_school/state_school/state_school_list HTTP/1.1" 200 368 "998.wgp.test.4000669696.com" "Weiyuyan\x5CCommon\x5CCurl/1.0 curl"
172.18.0.3 - - [29/Aug/2017:03:54:25 +0000] "POST /state_school/state_class/state_class HTTP/1.1" 200 854 "998.wgp.test.4000669696.com" "Weiyuyan\x5CCommon\x5CCurl/1.0 curl"
192.168.33.1 - - [29/Aug/2017:03:54:26 +0000] "GET /state_school/state_class/a8bc99dc8c6d11e794aa85df979ccc23/edit HTTP/1.1" 200 6792 "http://998.wgp.test.4000669696.com/state_school/state_class" "Mozilla/5.0 (Windows NT 10.0; WOW64) AppleWebKit/537.36 (KHTML, like Gecko) Chrome/58.0.3004.3 Safari/537.36"
192.168.33.1 - - [29/Aug/2017:03:54:26 +0000] "GET /favicon.ico HTTP/1.1" 200 0 "http://998.wgp.test.4000669696.com/state_school/state_class/a8bc99dc8c6d11e794aa85df979ccc23/edit" "Mozilla/5.0 (Windows NT 10.0; WOW64) AppleWebKit/537.36 (KHTML, like Gecko) Chrome/58.0.3004.3 Safari/537.36"
172.18.0.3 - - [29/Aug/2017:03:54:26 +0000] "POST /state_school/state_chinese_teacher/state_chinese_teacher_list HTTP/1.1" 200 471 "998.wgp.test.4000669696.com" "Weiyuyan\x5CCommon\x5CCurl/1.0 curl"
192.168.33.1 - - [29/Aug/2017:03:54:26 +0000] "POST /state_school/state_school_chinese_teacher HTTP/1.1" 200 249 "http://998.wgp.test.4000669696.com/state_school/state_class/a8bc99dc8c6d11e794aa85df979ccc23/edit" "Mozilla/5.0 (Windows NT 10.0; WOW64) AppleWebKit/537.36 (KHTML, like Gecko) Chrome/58.0.3004.3 Safari/537.36"
172.18.0.3 - - [29/Aug/2017:03:56:05 +0000] "POST /student/info/search HTTP/1.1" 200 1911 "998.wgp.test.4000669696.com" "Weiyuyan\x5CCommon\x5CCurl/1.0 curl"
192.168.33.1 - - [29/Aug/2017:03:56:05 +0000] "GET /student HTTP/1.1" 200 8819 "http://998.wgp.test.4000669696.com/state_school/state_class/a8bc99dc8c6d11e794aa85df979ccc23/edit" "Mozilla/5.0 (Windows NT 10.0; WOW64) AppleWebKit/537.36 (KHTML, like Gecko) Chrome/58.0.3004.3 Safari/537.36"
172.18.0.3 - - [29/Aug/2017:03:56:07 +0000] "POST /student/info/search HTTP/1.1" 200 1911 "998.wgp.test.4000669696.com" "Weiyuyan\x5CCommon\x5CCurl/1.0 curl"
192.168.33.1 - - [29/Aug/2017:03:56:07 +0000] "GET /student HTTP/1.1" 200 8819 "http://998.wgp.test.4000669696.com/state_school/state_class/a8bc99dc8c6d11e794aa85df979ccc23/edit" "Mozilla/5.0 (Windows NT 10.0; WOW64) AppleWebKit/537.36 (KHTML, like Gecko) Chrome/58.0.3004.3 Safari/537.36"
192.168.33.1 - - [29/Aug/2017:03:56:07 +0000] "GET /favicon.ico HTTP/1.1" 200 0 "http://998.wgp.test.4000669696.com/student" "Mozilla/5.0 (Windows NT 10.0; WOW64) AppleWebKit/537.36 (KHTML, like Gecko) Chrome/58.0.3004.3 Safari/537.36"
172.18.0.3 - - [29/Aug/2017:03:56:37 +0000] "POST /student/info/search HTTP/1.1" 200 1911 "998.wgp.test.4000669696.com" "Weiyuyan\x5CCommon\x5CCurl/1.0 curl"
192.168.33.1 - - [29/Aug/2017:03:56:37 +0000] "GET /student HTTP/1.1" 200 8819 "http://998.wgp.test.4000669696.com/state_school/state_class/a8bc99dc8c6d11e794aa85df979ccc23/edit" "Mozilla/5.0 (Windows NT 10.0; WOW64) AppleWebKit/537.36 (KHTML, like Gecko) Chrome/58.0.3004.3 Safari/537.36"
192.168.33.1 - - [29/Aug/2017:03:56:37 +0000] "GET /favicon.ico HTTP/1.1" 200 0 "http://998.wgp.test.4000669696.com/student" "Mozilla/5.0 (Windows NT 10.0; WOW64) AppleWebKit/537.36 (KHTML, like Gecko) Chrome/58.0.3004.3 Safari/537.36"
172.18.0.3 - - [29/Aug/2017:03:58:54 +0000] "POST /student/info/search HTTP/1.1" 200 1911 "998.wgp.test.4000669696.com" "Weiyuyan\x5CCommon\x5CCurl/1.0 curl"
192.168.33.1 - - [29/Aug/2017:03:58:54 +0000] "GET /student HTTP/1.1" 200 8819 "http://998.wgp.test.4000669696.com/state_school/state_class/a8bc99dc8c6d11e794aa85df979ccc23/edit" "Mozilla/5.0 (Windows NT 10.0; WOW64) AppleWebKit/537.36 (KHTML, like Gecko) Chrome/58.0.3004.3 Safari/537.36"
192.168.33.1 - - [29/Aug/2017:03:58:54 +0000] "GET /favicon.ico HTTP/1.1" 200 0 "http://998.wgp.test.4000669696.com/student" "Mozilla/5.0 (Windows NT 10.0; WOW64) AppleWebKit/537.36 (KHTML, like Gecko) Chrome/58.0.3004.3 Safari/537.36"
192.168.33.1 - - [29/Aug/2017:06:12:05 +0000] "GET /sign_in HTTP/1.1" 200 1731 "-" "Mozilla/5.0 (Windows NT 10.0; WOW64) AppleWebKit/537.36 (KHTML, like Gecko) Chrome/58.0.3004.3 Safari/537.36"
192.168.33.1 - - [29/Aug/2017:06:12:50 +0000] "GET /sign_in HTTP/1.1" 200 1739 "-" "Mozilla/5.0 (Windows NT 10.0; WOW64) AppleWebKit/537.36 (KHTML, like Gecko) Chrome/58.0.3004.3 Safari/537.36"
192.168.33.1 - - [29/Aug/2017:06:12:54 +0000] "GET /sign_in HTTP/1.1" 200 1739 "-" "Mozilla/5.0 (Windows NT 10.0; WOW64) AppleWebKit/537.36 (KHTML, like Gecko) Chrome/58.0.3004.3 Safari/537.36"
192.168.33.1 - - [29/Aug/2017:06:12:59 +0000] "GET /sign_in HTTP/1.1" 200 1739 "-" "Mozilla/5.0 (Windows NT 10.0; WOW64) AppleWebKit/537.36 (KHTML, like Gecko) Chrome/58.0.3004.3 Safari/537.36"
192.168.33.1 - - [29/Aug/2017:06:13:32 +0000] "GET /sign_in HTTP/1.1" 200 1718 "-" "Mozilla/5.0 (Windows NT 10.0; WOW64) AppleWebKit/537.36 (KHTML, like Gecko) Chrome/58.0.3004.3 Safari/537.36"
192.168.33.1 - - [29/Aug/2017:06:14:03 +0000] "GET /sign_in HTTP/1.1" 200 1765 "-" "Mozilla/5.0 (Windows NT 10.0; WOW64) AppleWebKit/537.36 (KHTML, like Gecko) Chrome/58.0.3004.3 Safari/537.36"
192.168.33.1 - - [29/Aug/2017:06:14:32 +0000] "GET /sign_in HTTP/1.1" 200 1771 "-" "Mozilla/5.0 (Windows NT 10.0; WOW64) AppleWebKit/537.36 (KHTML, like Gecko) Chrome/58.0.3004.3 Safari/537.36"
192.168.33.1 - - [29/Aug/2017:06:14:57 +0000] "GET /sign_in HTTP/1.1" 200 1779 "-" "Mozilla/5.0 (Windows NT 10.0; WOW64) AppleWebKit/537.36 (KHTML, like Gecko) Chrome/58.0.3004.3 Safari/537.36"
192.168.33.1 - - [29/Aug/2017:06:15:10 +0000] "GET /sign_in HTTP/1.1" 200 1775 "-" "Mozilla/5.0 (Windows NT 10.0; WOW64) AppleWebKit/537.36 (KHTML, like Gecko) Chrome/58.0.3004.3 Safari/537.36"
192.168.33.1 - - [29/Aug/2017:06:17:16 +0000] "GET /sign_in HTTP/1.1" 200 1871 "-" "Mozilla/5.0 (Windows NT 10.0; WOW64) AppleWebKit/537.36 (KHTML, like Gecko) Chrome/58.0.3004.3 Safari/537.36"
192.168.33.1 - - [29/Aug/2017:06:18:47 +0000] "GET /sign_in HTTP/1.1" 200 1882 "-" "Mozilla/5.0 (Windows NT 10.0; WOW64) AppleWebKit/537.36 (KHTML, like Gecko) Chrome/58.0.3004.3 Safari/537.36"
192.168.33.1 - - [29/Aug/2017:06:19:51 +0000] "GET /sign_in HTTP/1.1" 200 1882 "-" "Mozilla/5.0 (Windows NT 10.0; WOW64) AppleWebKit/537.36 (KHTML, like Gecko) Chrome/58.0.3004.3 Safari/537.36"
192.168.33.1 - - [29/Aug/2017:06:21:07 +0000] "GET /sign_in HTTP/1.1" 200 1891 "-" "Mozilla/5.0 (Windows NT 10.0; WOW64) AppleWebKit/537.36 (KHTML, like Gecko) Chrome/58.0.3004.3 Safari/537.36"
192.168.33.1 - - [29/Aug/2017:06:21:16 +0000] "GET /sign_in HTTP/1.1" 200 1898 "-" "Mozilla/5.0 (Windows NT 10.0; WOW64) AppleWebKit/537.36 (KHTML, like Gecko) Chrome/58.0.3004.3 Safari/537.36"
192.168.33.1 - - [29/Aug/2017:06:22:00 +0000] "GET /sign_in HTTP/1.1" 200 1934 "-" "Mozilla/5.0 (Windows NT 10.0; WOW64) AppleWebKit/537.36 (KHTML, like Gecko) Chrome/58.0.3004.3 Safari/537.36"
192.168.33.1 - - [29/Aug/2017:06:22:15 +0000] "GET /sign_in HTTP/1.1" 200 1926 "-" "Mozilla/5.0 (Windows NT 10.0; WOW64) AppleWebKit/537.36 (KHTML, like Gecko) Chrome/58.0.3004.3 Safari/537.36"
192.168.33.1 - - [29/Aug/2017:06:22:28 +0000] "GET /sign_in HTTP/1.1" 200 1932 "-" "Mozilla/5.0 (Windows NT 10.0; WOW64) AppleWebKit/537.36 (KHTML, like Gecko) Chrome/58.0.3004.3 Safari/537.36"
192.168.33.1 - - [29/Aug/2017:06:22:34 +0000] "GET /sign_in HTTP/1.1" 200 1932 "-" "Mozilla/5.0 (Windows NT 10.0; WOW64) AppleWebKit/537.36 (KHTML, like Gecko) Chrome/58.0.3004.3 Safari/537.36"
192.168.33.1 - - [29/Aug/2017:06:23:30 +0000] "GET /sign_in HTTP/1.1" 200 1828 "-" "Mozilla/5.0 (Windows NT 10.0; WOW64) AppleWebKit/537.36 (KHTML, like Gecko) Chrome/58.0.3004.3 Safari/537.36"
192.168.33.1 - - [29/Aug/2017:06:23:50 +0000] "GET /sign_in HTTP/1.1" 200 1815 "-" "Mozilla/5.0 (Windows NT 10.0; WOW64) AppleWebKit/537.36 (KHTML, like Gecko) Chrome/58.0.3004.3 Safari/537.36"
192.168.33.1 - - [29/Aug/2017:06:24:37 +0000] "GET /sign_in HTTP/1.1" 200 1798 "-" "Mozilla/5.0 (Windows NT 10.0; WOW64) AppleWebKit/537.36 (KHTML, like Gecko) Chrome/58.0.3004.3 Safari/537.36"
192.168.33.1 - - [29/Aug/2017:06:24:46 +0000] "GET /sign_in HTTP/1.1" 200 1799 "-" "Mozilla/5.0 (Windows NT 10.0; WOW64) AppleWebKit/537.36 (KHTML, like Gecko) Chrome/58.0.3004.3 Safari/537.36"
192.168.33.1 - - [29/Aug/2017:06:25:25 +0000] "GET /sign_in HTTP/1.1" 200 1804 "-" "Mozilla/5.0 (Windows NT 10.0; WOW64) AppleWebKit/537.36 (KHTML, like Gecko) Chrome/58.0.3004.3 Safari/537.36"
192.168.33.1 - - [29/Aug/2017:06:26:14 +0000] "GET /sign_in HTTP/1.1" 200 1853 "-" "Mozilla/5.0 (Windows NT 10.0; WOW64) AppleWebKit/537.36 (KHTML, like Gecko) Chrome/58.0.3004.3 Safari/537.36"
192.168.33.1 - - [29/Aug/2017:06:26:25 +0000] "GET /sign_in HTTP/1.1" 200 1850 "-" "Mozilla/5.0 (Windows NT 10.0; WOW64) AppleWebKit/537.36 (KHTML, like Gecko) Chrome/58.0.3004.3 Safari/537.36"
192.168.33.1 - - [29/Aug/2017:06:26:29 +0000] "POST /sign_in HTTP/1.1" 405 33869 "http://huayunshuhai.com/sign_in" "Mozilla/5.0 (Windows NT 10.0; WOW64) AppleWebKit/537.36 (KHTML, like Gecko) Chrome/58.0.3004.3 Safari/537.36"
192.168.33.1 - - [29/Aug/2017:06:26:49 +0000] "GET /sign_in HTTP/1.1" 200 1833 "-" "Mozilla/5.0 (Windows NT 10.0; WOW64) AppleWebKit/537.36 (KHTML, like Gecko) Chrome/58.0.3004.3 Safari/537.36"
192.168.33.1 - - [29/Aug/2017:06:26:54 +0000] "GET /sign_in HTTP/1.1" 200 1832 "-" "Mozilla/5.0 (Windows NT 10.0; WOW64) AppleWebKit/537.36 (KHTML, like Gecko) Chrome/58.0.3004.3 Safari/537.36"
192.168.33.1 - - [29/Aug/2017:06:27:58 +0000] "GET /sign_in HTTP/1.1" 200 1822 "-" "Mozilla/5.0 (Windows NT 10.0; WOW64) AppleWebKit/537.36 (KHTML, like Gecko) Chrome/58.0.3004.3 Safari/537.36"
192.168.33.1 - - [29/Aug/2017:06:28:39 +0000] "GET /sign_in HTTP/1.1" 200 1841 "-" "Mozilla/5.0 (Windows NT 10.0; WOW64) AppleWebKit/537.36 (KHTML, like Gecko) Chrome/58.0.3004.3 Safari/537.36"
192.168.33.1 - - [29/Aug/2017:06:28:41 +0000] "POST /sign_in HTTP/1.1" 405 33869 "http://huayunshuhai.com/sign_in" "Mozilla/5.0 (Windows NT 10.0; WOW64) AppleWebKit/537.36 (KHTML, like Gecko) Chrome/58.0.3004.3 Safari/537.36"
192.168.33.1 - - [29/Aug/2017:06:29:01 +0000] "GET /sign_in HTTP/1.1" 200 1729 "-" "Mozilla/5.0 (Windows NT 10.0; WOW64) AppleWebKit/537.36 (KHTML, like Gecko) Chrome/58.0.3004.3 Safari/537.36"
192.168.33.1 - - [29/Aug/2017:06:29:27 +0000] "GET /sign_in HTTP/1.1" 200 1737 "-" "Mozilla/5.0 (Windows NT 10.0; WOW64) AppleWebKit/537.36 (KHTML, like Gecko) Chrome/58.0.3004.3 Safari/537.36"
192.168.33.1 - - [29/Aug/2017:06:29:41 +0000] "GET /sign_in HTTP/1.1" 200 1739 "-" "Mozilla/5.0 (Windows NT 10.0; WOW64) AppleWebKit/537.36 (KHTML, like Gecko) Chrome/58.0.3004.3 Safari/537.36"
192.168.33.1 - - [29/Aug/2017:06:29:46 +0000] "GET /sign_in HTTP/1.1" 200 1737 "-" "Mozilla/5.0 (Windows NT 10.0; WOW64) AppleWebKit/537.36 (KHTML, like Gecko) Chrome/58.0.3004.3 Safari/537.36"
192.168.33.1 - - [29/Aug/2017:06:30:15 +0000] "GET /sign_in HTTP/1.1" 200 1736 "-" "Mozilla/5.0 (Windows NT 10.0; WOW64) AppleWebKit/537.36 (KHTML, like Gecko) Chrome/58.0.3004.3 Safari/537.36"
192.168.33.1 - - [29/Aug/2017:06:30:17 +0000] "GET /sign_in HTTP/1.1" 200 1736 "-" "Mozilla/5.0 (Windows NT 10.0; WOW64) AppleWebKit/537.36 (KHTML, like Gecko) Chrome/58.0.3004.3 Safari/537.36"
192.168.33.1 - - [29/Aug/2017:06:30:35 +0000] "GET /sign_in HTTP/1.1" 200 1732 "-" "Mozilla/5.0 (Windows NT 10.0; WOW64) AppleWebKit/537.36 (KHTML, like Gecko) Chrome/58.0.3004.3 Safari/537.36"
192.168.33.1 - - [29/Aug/2017:06:30:46 +0000] "GET /sign_in HTTP/1.1" 200 1732 "-" "Mozilla/5.0 (Windows NT 10.0; WOW64) AppleWebKit/537.36 (KHTML, like Gecko) Chrome/58.0.3004.3 Safari/537.36"
192.168.33.1 - - [29/Aug/2017:06:31:06 +0000] "GET /sign_in HTTP/1.1" 200 1735 "-" "Mozilla/5.0 (Windows NT 10.0; WOW64) AppleWebKit/537.36 (KHTML, like Gecko) Chrome/58.0.3004.3 Safari/537.36"
192.168.33.1 - - [29/Aug/2017:06:31:51 +0000] "GET /sign_in HTTP/1.1" 200 1737 "-" "Mozilla/5.0 (Windows NT 10.0; WOW64) AppleWebKit/537.36 (KHTML, like Gecko) Chrome/58.0.3004.3 Safari/537.36"
192.168.33.1 - - [29/Aug/2017:06:32:27 +0000] "GET /sign_in HTTP/1.1" 200 1744 "-" "Mozilla/5.0 (Windows NT 10.0; WOW64) AppleWebKit/537.36 (KHTML, like Gecko) Chrome/58.0.3004.3 Safari/537.36"
192.168.33.1 - - [29/Aug/2017:06:33:46 +0000] "GET /sign_in HTTP/1.1" 200 1744 "-" "Mozilla/5.0 (Windows NT 10.0; WOW64) AppleWebKit/537.36 (KHTML, like Gecko) Chrome/58.0.3004.3 Safari/537.36"
192.168.33.1 - - [29/Aug/2017:06:34:21 +0000] "GET /sign_in HTTP/1.1" 200 1730 "-" "Mozilla/5.0 (Windows NT 10.0; WOW64) AppleWebKit/537.36 (KHTML, like Gecko) Chrome/58.0.3004.3 Safari/537.36"
192.168.33.1 - - [29/Aug/2017:06:34:36 +0000] "GET /sign_in HTTP/1.1" 200 1730 "-" "Mozilla/5.0 (Windows NT 10.0; WOW64) AppleWebKit/537.36 (KHTML, like Gecko) Chrome/58.0.3004.3 Safari/537.36"
192.168.33.1 - - [29/Aug/2017:06:34:55 +0000] "GET /sign_in HTTP/1.1" 200 1731 "-" "Mozilla/5.0 (Windows NT 10.0; WOW64) AppleWebKit/537.36 (KHTML, like Gecko) Chrome/58.0.3004.3 Safari/537.36"
192.168.33.1 - - [29/Aug/2017:06:35:24 +0000] "GET /sign_in HTTP/1.1" 200 1715 "-" "Mozilla/5.0 (Windows NT 10.0; WOW64) AppleWebKit/537.36 (KHTML, like Gecko) Chrome/58.0.3004.3 Safari/537.36"
192.168.33.1 - - [29/Aug/2017:06:35:27 +0000] "GET /sign_in HTTP/1.1" 200 1731 "-" "Mozilla/5.0 (Windows NT 10.0; WOW64) AppleWebKit/537.36 (KHTML, like Gecko) Chrome/58.0.3004.3 Safari/537.36"
192.168.33.1 - - [29/Aug/2017:06:35:34 +0000] "GET /sign_in HTTP/1.1" 200 1731 "-" "Mozilla/5.0 (Windows NT 10.0; WOW64) AppleWebKit/537.36 (KHTML, like Gecko) Chrome/58.0.3004.3 Safari/537.36"
192.168.33.1 - - [29/Aug/2017:06:35:34 +0000] "GET /favicon.ico HTTP/1.1" 200 0 "http://huayunshuhai.com/sign_in" "Mozilla/5.0 (Windows NT 10.0; WOW64) AppleWebKit/537.36 (KHTML, like Gecko) Chrome/58.0.3004.3 Safari/537.36"
192.168.33.1 - - [29/Aug/2017:06:35:40 +0000] "GET /sign_in HTTP/1.1" 200 1731 "-" "Mozilla/5.0 (Windows NT 10.0; WOW64) AppleWebKit/537.36 (KHTML, like Gecko) Chrome/58.0.3004.3 Safari/537.36"
192.168.33.1 - - [29/Aug/2017:06:35:40 +0000] "GET /favicon.ico HTTP/1.1" 200 0 "http://huayunshuhai.com/sign_in" "Mozilla/5.0 (Windows NT 10.0; WOW64) AppleWebKit/537.36 (KHTML, like Gecko) Chrome/58.0.3004.3 Safari/537.36"
192.168.33.1 - - [29/Aug/2017:06:36:19 +0000] "GET /sign_in HTTP/1.1" 200 1744 "-" "Mozilla/5.0 (Windows NT 10.0; WOW64) AppleWebKit/537.36 (KHTML, like Gecko) Chrome/58.0.3004.3 Safari/537.36"
192.168.33.1 - - [29/Aug/2017:06:36:19 +0000] "GET /favicon.ico HTTP/1.1" 200 0 "http://huayunshuhai.com/sign_in" "Mozilla/5.0 (Windows NT 10.0; WOW64) AppleWebKit/537.36 (KHTML, like Gecko) Chrome/58.0.3004.3 Safari/537.36"
192.168.33.1 - - [29/Aug/2017:06:36:27 +0000] "GET /sign_in HTTP/1.1" 200 1718 "-" "Mozilla/5.0 (Windows NT 10.0; WOW64) AppleWebKit/537.36 (KHTML, like Gecko) Chrome/58.0.3004.3 Safari/537.36"
192.168.33.1 - - [29/Aug/2017:06:36:27 +0000] "GET /favicon.ico HTTP/1.1" 200 0 "http://huayunshuhai.com/sign_in" "Mozilla/5.0 (Windows NT 10.0; WOW64) AppleWebKit/537.36 (KHTML, like Gecko) Chrome/58.0.3004.3 Safari/537.36"
192.168.33.1 - - [29/Aug/2017:06:36:52 +0000] "GET /sign_in HTTP/1.1" 200 1727 "-" "Mozilla/5.0 (Windows NT 10.0; WOW64) AppleWebKit/537.36 (KHTML, like Gecko) Chrome/58.0.3004.3 Safari/537.36"
192.168.33.1 - - [29/Aug/2017:06:36:52 +0000] "GET /favicon.ico HTTP/1.1" 200 0 "http://huayunshuhai.com/sign_in" "Mozilla/5.0 (Windows NT 10.0; WOW64) AppleWebKit/537.36 (KHTML, like Gecko) Chrome/58.0.3004.3 Safari/537.36"
192.168.33.1 - - [29/Aug/2017:06:36:59 +0000] "GET /sign_in HTTP/1.1" 200 1718 "-" "Mozilla/5.0 (Windows NT 10.0; WOW64) AppleWebKit/537.36 (KHTML, like Gecko) Chrome/58.0.3004.3 Safari/537.36"
192.168.33.1 - - [29/Aug/2017:06:36:59 +0000] "GET /favicon.ico HTTP/1.1" 200 0 "http://huayunshuhai.com/sign_in" "Mozilla/5.0 (Windows NT 10.0; WOW64) AppleWebKit/537.36 (KHTML, like Gecko) Chrome/58.0.3004.3 Safari/537.36"
192.168.33.1 - - [29/Aug/2017:06:37:10 +0000] "GET /sign_in HTTP/1.1" 200 1718 "-" "Mozilla/5.0 (Windows NT 10.0; WOW64) AppleWebKit/537.36 (KHTML, like Gecko) Chrome/58.0.3004.3 Safari/537.36"
192.168.33.1 - - [29/Aug/2017:06:37:10 +0000] "GET /favicon.ico HTTP/1.1" 200 0 "http://huayunshuhai.com/sign_in" "Mozilla/5.0 (Windows NT 10.0; WOW64) AppleWebKit/537.36 (KHTML, like Gecko) Chrome/58.0.3004.3 Safari/537.36"
192.168.33.1 - - [29/Aug/2017:06:37:26 +0000] "GET /sign_in HTTP/1.1" 200 1721 "-" "Mozilla/5.0 (Windows NT 10.0; WOW64) AppleWebKit/537.36 (KHTML, like Gecko) Chrome/58.0.3004.3 Safari/537.36"
192.168.33.1 - - [29/Aug/2017:06:37:26 +0000] "GET /favicon.ico HTTP/1.1" 200 0 "http://huayunshuhai.com/sign_in" "Mozilla/5.0 (Windows NT 10.0; WOW64) AppleWebKit/537.36 (KHTML, like Gecko) Chrome/58.0.3004.3 Safari/537.36"
192.168.33.1 - - [29/Aug/2017:06:37:33 +0000] "GET /sign_in HTTP/1.1" 200 1718 "-" "Mozilla/5.0 (Windows NT 10.0; WOW64) AppleWebKit/537.36 (KHTML, like Gecko) Chrome/58.0.3004.3 Safari/537.36"
192.168.33.1 - - [29/Aug/2017:06:37:34 +0000] "GET /favicon.ico HTTP/1.1" 200 0 "http://huayunshuhai.com/sign_in" "Mozilla/5.0 (Windows NT 10.0; WOW64) AppleWebKit/537.36 (KHTML, like Gecko) Chrome/58.0.3004.3 Safari/537.36"
192.168.33.1 - - [29/Aug/2017:06:37:42 +0000] "GET /sign_in HTTP/1.1" 200 1721 "-" "Mozilla/5.0 (Windows NT 10.0; WOW64) AppleWebKit/537.36 (KHTML, like Gecko) Chrome/58.0.3004.3 Safari/537.36"
192.168.33.1 - - [29/Aug/2017:06:37:42 +0000] "GET /favicon.ico HTTP/1.1" 200 0 "http://huayunshuhai.com/sign_in" "Mozilla/5.0 (Windows NT 10.0; WOW64) AppleWebKit/537.36 (KHTML, like Gecko) Chrome/58.0.3004.3 Safari/537.36"
192.168.33.1 - - [29/Aug/2017:06:37:46 +0000] "GET /sign_in HTTP/1.1" 200 1718 "-" "Mozilla/5.0 (Windows NT 10.0; WOW64) AppleWebKit/537.36 (KHTML, like Gecko) Chrome/58.0.3004.3 Safari/537.36"
192.168.33.1 - - [29/Aug/2017:06:37:46 +0000] "GET /favicon.ico HTTP/1.1" 200 0 "http://huayunshuhai.com/sign_in" "Mozilla/5.0 (Windows NT 10.0; WOW64) AppleWebKit/537.36 (KHTML, like Gecko) Chrome/58.0.3004.3 Safari/537.36"
192.168.33.1 - - [29/Aug/2017:06:37:56 +0000] "GET /sign_in HTTP/1.1" 200 1728 "-" "Mozilla/5.0 (Windows NT 10.0; WOW64) AppleWebKit/537.36 (KHTML, like Gecko) Chrome/58.0.3004.3 Safari/537.36"
192.168.33.1 - - [29/Aug/2017:06:37:57 +0000] "GET /favicon.ico HTTP/1.1" 200 0 "http://huayunshuhai.com/sign_in" "Mozilla/5.0 (Windows NT 10.0; WOW64) AppleWebKit/537.36 (KHTML, like Gecko) Chrome/58.0.3004.3 Safari/537.36"
192.168.33.1 - - [29/Aug/2017:06:38:04 +0000] "GET /sign_in HTTP/1.1" 200 1724 "-" "Mozilla/5.0 (Windows NT 10.0; WOW64) AppleWebKit/537.36 (KHTML, like Gecko) Chrome/58.0.3004.3 Safari/537.36"
192.168.33.1 - - [29/Aug/2017:06:38:04 +0000] "GET /favicon.ico HTTP/1.1" 200 0 "http://huayunshuhai.com/sign_in" "Mozilla/5.0 (Windows NT 10.0; WOW64) AppleWebKit/537.36 (KHTML, like Gecko) Chrome/58.0.3004.3 Safari/537.36"
192.168.33.1 - - [29/Aug/2017:06:38:40 +0000] "GET /sign_in HTTP/1.1" 200 1704 "-" "Mozilla/5.0 (Windows NT 10.0; WOW64) AppleWebKit/537.36 (KHTML, like Gecko) Chrome/58.0.3004.3 Safari/537.36"
192.168.33.1 - - [29/Aug/2017:06:38:40 +0000] "GET /favicon.ico HTTP/1.1" 200 0 "http://huayunshuhai.com/sign_in" "Mozilla/5.0 (Windows NT 10.0; WOW64) AppleWebKit/537.36 (KHTML, like Gecko) Chrome/58.0.3004.3 Safari/537.36"
192.168.33.1 - - [29/Aug/2017:06:38:51 +0000] "GET /sign_in HTTP/1.1" 200 1697 "-" "Mozilla/5.0 (Windows NT 10.0; WOW64) AppleWebKit/537.36 (KHTML, like Gecko) Chrome/58.0.3004.3 Safari/537.36"
192.168.33.1 - - [29/Aug/2017:06:38:51 +0000] "GET /favicon.ico HTTP/1.1" 200 0 "http://huayunshuhai.com/sign_in" "Mozilla/5.0 (Windows NT 10.0; WOW64) AppleWebKit/537.36 (KHTML, like Gecko) Chrome/58.0.3004.3 Safari/537.36"
192.168.33.1 - - [29/Aug/2017:06:39:06 +0000] "GET /sign_in HTTP/1.1" 200 1701 "-" "Mozilla/5.0 (Windows NT 10.0; WOW64) AppleWebKit/537.36 (KHTML, like Gecko) Chrome/58.0.3004.3 Safari/537.36"
192.168.33.1 - - [29/Aug/2017:06:39:06 +0000] "GET /favicon.ico HTTP/1.1" 200 0 "http://huayunshuhai.com/sign_in" "Mozilla/5.0 (Windows NT 10.0; WOW64) AppleWebKit/537.36 (KHTML, like Gecko) Chrome/58.0.3004.3 Safari/537.36"
192.168.33.1 - - [29/Aug/2017:06:39:10 +0000] "GET /sign_in HTTP/1.1" 200 1701 "-" "Mozilla/5.0 (Windows NT 10.0; WOW64) AppleWebKit/537.36 (KHTML, like Gecko) Chrome/58.0.3004.3 Safari/537.36"
192.168.33.1 - - [29/Aug/2017:06:39:10 +0000] "GET /favicon.ico HTTP/1.1" 200 0 "http://huayunshuhai.com/sign_in" "Mozilla/5.0 (Windows NT 10.0; WOW64) AppleWebKit/537.36 (KHTML, like Gecko) Chrome/58.0.3004.3 Safari/537.36"
192.168.33.1 - - [29/Aug/2017:06:39:18 +0000] "GET /sign_in HTTP/1.1" 200 1701 "-" "Mozilla/5.0 (Windows NT 10.0; WOW64) AppleWebKit/537.36 (KHTML, like Gecko) Chrome/58.0.3004.3 Safari/537.36"
192.168.33.1 - - [29/Aug/2017:06:39:19 +0000] "GET /favicon.ico HTTP/1.1" 200 0 "http://huayunshuhai.com/sign_in" "Mozilla/5.0 (Windows NT 10.0; WOW64) AppleWebKit/537.36 (KHTML, like Gecko) Chrome/58.0.3004.3 Safari/537.36"
192.168.33.1 - - [29/Aug/2017:06:39:27 +0000] "GET /sign_in HTTP/1.1" 200 1701 "-" "Mozilla/5.0 (Windows NT 10.0; WOW64) AppleWebKit/537.36 (KHTML, like Gecko) Chrome/58.0.3004.3 Safari/537.36"
192.168.33.1 - - [29/Aug/2017:06:39:27 +0000] "GET /favicon.ico HTTP/1.1" 200 0 "http://huayunshuhai.com/sign_in" "Mozilla/5.0 (Windows NT 10.0; WOW64) AppleWebKit/537.36 (KHTML, like Gecko) Chrome/58.0.3004.3 Safari/537.36"
192.168.33.1 - - [29/Aug/2017:06:41:00 +0000] "GET /sign_in HTTP/1.1" 200 1697 "-" "Mozilla/5.0 (Windows NT 10.0; WOW64) AppleWebKit/537.36 (KHTML, like Gecko) Chrome/58.0.3004.3 Safari/537.36"
192.168.33.1 - - [29/Aug/2017:06:41:12 +0000] "GET /sign_in HTTP/1.1" 200 1691 "-" "Mozilla/5.0 (Windows NT 10.0; WOW64) AppleWebKit/537.36 (KHTML, like Gecko) Chrome/58.0.3004.3 Safari/537.36"
192.168.33.1 - - [29/Aug/2017:06:41:23 +0000] "GET /sign_in HTTP/1.1" 200 1697 "-" "Mozilla/5.0 (Windows NT 10.0; WOW64) AppleWebKit/537.36 (KHTML, like Gecko) Chrome/58.0.3004.3 Safari/537.36"
192.168.33.1 - - [29/Aug/2017:06:41:59 +0000] "GET /sign_in HTTP/1.1" 200 1696 "-" "Mozilla/5.0 (Windows NT 10.0; WOW64) AppleWebKit/537.36 (KHTML, like Gecko) Chrome/58.0.3004.3 Safari/537.36"
192.168.33.1 - - [29/Aug/2017:06:42:13 +0000] "GET /sign_in HTTP/1.1" 200 1702 "-" "Mozilla/5.0 (Windows NT 10.0; WOW64) AppleWebKit/537.36 (KHTML, like Gecko) Chrome/58.0.3004.3 Safari/537.36"
192.168.33.1 - - [29/Aug/2017:06:42:22 +0000] "GET /sign_in HTTP/1.1" 200 1697 "-" "Mozilla/5.0 (Windows NT 10.0; WOW64) AppleWebKit/537.36 (KHTML, like Gecko) Chrome/58.0.3004.3 Safari/537.36"
192.168.33.1 - - [29/Aug/2017:06:42:35 +0000] "GET /sign_in HTTP/1.1" 200 1707 "-" "Mozilla/5.0 (Windows NT 10.0; WOW64) AppleWebKit/537.36 (KHTML, like Gecko) Chrome/58.0.3004.3 Safari/537.36"
192.168.33.1 - - [29/Aug/2017:06:42:39 +0000] "GET /sign_in HTTP/1.1" 200 1706 "-" "Mozilla/5.0 (Windows NT 10.0; WOW64) AppleWebKit/537.36 (KHTML, like Gecko) Chrome/58.0.3004.3 Safari/537.36"
192.168.33.1 - - [29/Aug/2017:06:42:43 +0000] "GET /sign_in HTTP/1.1" 200 1706 "-" "Mozilla/5.0 (Windows NT 10.0; WOW64) AppleWebKit/537.36 (KHTML, like Gecko) Chrome/58.0.3004.3 Safari/537.36"
192.168.33.1 - - [29/Aug/2017:06:42:48 +0000] "GET /sign_in HTTP/1.1" 200 1708 "-" "Mozilla/5.0 (Windows NT 10.0; WOW64) AppleWebKit/537.36 (KHTML, like Gecko) Chrome/58.0.3004.3 Safari/537.36"
192.168.33.1 - - [29/Aug/2017:06:43:08 +0000] "GET /sign_in HTTP/1.1" 200 1705 "-" "Mozilla/5.0 (Windows NT 10.0; WOW64) AppleWebKit/537.36 (KHTML, like Gecko) Chrome/58.0.3004.3 Safari/537.36"
192.168.33.1 - - [29/Aug/2017:06:43:11 +0000] "GET /sign_in HTTP/1.1" 200 1705 "-" "Mozilla/5.0 (Windows NT 10.0; WOW64) AppleWebKit/537.36 (KHTML, like Gecko) Chrome/58.0.3004.3 Safari/537.36"
192.168.33.1 - - [29/Aug/2017:06:43:13 +0000] "GET /sign_in HTTP/1.1" 200 1705 "-" "Mozilla/5.0 (Windows NT 10.0; WOW64) AppleWebKit/537.36 (KHTML, like Gecko) Chrome/58.0.3004.3 Safari/537.36"
192.168.33.1 - - [29/Aug/2017:06:43:16 +0000] "GET /sign_in HTTP/1.1" 200 1713 "-" "Mozilla/5.0 (Windows NT 10.0; WOW64) AppleWebKit/537.36 (KHTML, like Gecko) Chrome/58.0.3004.3 Safari/537.36"
192.168.33.1 - - [29/Aug/2017:06:43:50 +0000] "GET /sign_in HTTP/1.1" 200 1694 "-" "Mozilla/5.0 (Windows NT 10.0; WOW64) AppleWebKit/537.36 (KHTML, like Gecko) Chrome/58.0.3004.3 Safari/537.36"
192.168.33.1 - - [29/Aug/2017:06:44:52 +0000] "GET /sign_in HTTP/1.1" 200 1679 "-" "Mozilla/5.0 (Windows NT 10.0; WOW64) AppleWebKit/537.36 (KHTML, like Gecko) Chrome/58.0.3004.3 Safari/537.36"
192.168.33.1 - - [29/Aug/2017:06:45:05 +0000] "GET /sign_in HTTP/1.1" 200 1689 "-" "Mozilla/5.0 (Windows NT 10.0; WOW64) AppleWebKit/537.36 (KHTML, like Gecko) Chrome/58.0.3004.3 Safari/537.36"
192.168.33.1 - - [29/Aug/2017:06:45:21 +0000] "GET /sign_in HTTP/1.1" 200 1690 "-" "Mozilla/5.0 (Windows NT 10.0; WOW64) AppleWebKit/537.36 (KHTML, like Gecko) Chrome/58.0.3004.3 Safari/537.36"
192.168.33.1 - - [29/Aug/2017:06:45:39 +0000] "GET /sign_in HTTP/1.1" 200 1696 "-" "Mozilla/5.0 (Windows NT 10.0; WOW64) AppleWebKit/537.36 (KHTML, like Gecko) Chrome/58.0.3004.3 Safari/537.36"
192.168.33.1 - - [29/Aug/2017:06:45:46 +0000] "GET /sign_in HTTP/1.1" 200 1699 "-" "Mozilla/5.0 (Windows NT 10.0; WOW64) AppleWebKit/537.36 (KHTML, like Gecko) Chrome/58.0.3004.3 Safari/537.36"
192.168.33.1 - - [29/Aug/2017:06:45:54 +0000] "GET /sign_in HTTP/1.1" 200 1698 "-" "Mozilla/5.0 (Windows NT 10.0; WOW64) AppleWebKit/537.36 (KHTML, like Gecko) Chrome/58.0.3004.3 Safari/537.36"
192.168.33.1 - - [29/Aug/2017:06:46:00 +0000] "GET /sign_in HTTP/1.1" 200 1700 "-" "Mozilla/5.0 (Windows NT 10.0; WOW64) AppleWebKit/537.36 (KHTML, like Gecko) Chrome/58.0.3004.3 Safari/537.36"
192.168.33.1 - - [29/Aug/2017:06:46:47 +0000] "GET /sign_in HTTP/1.1" 200 1719 "-" "Mozilla/5.0 (Windows NT 10.0; WOW64) AppleWebKit/537.36 (KHTML, like Gecko) Chrome/58.0.3004.3 Safari/537.36"
192.168.33.1 - - [29/Aug/2017:06:46:55 +0000] "GET /sign_in HTTP/1.1" 200 1718 "-" "Mozilla/5.0 (Windows NT 10.0; WOW64) AppleWebKit/537.36 (KHTML, like Gecko) Chrome/58.0.3004.3 Safari/537.36"
192.168.33.1 - - [29/Aug/2017:06:47:06 +0000] "GET /sign_in HTTP/1.1" 200 1719 "-" "Mozilla/5.0 (Windows NT 10.0; WOW64) AppleWebKit/537.36 (KHTML, like Gecko) Chrome/58.0.3004.3 Safari/537.36"
192.168.33.1 - - [29/Aug/2017:06:47:27 +0000] "GET /sign_in HTTP/1.1" 200 1717 "-" "Mozilla/5.0 (Windows NT 10.0; WOW64) AppleWebKit/537.36 (KHTML, like Gecko) Chrome/58.0.3004.3 Safari/537.36"
192.168.33.1 - - [29/Aug/2017:06:48:00 +0000] "GET /sign_in HTTP/1.1" 200 1715 "-" "Mozilla/5.0 (Windows NT 10.0; WOW64) AppleWebKit/537.36 (KHTML, like Gecko) Chrome/58.0.3004.3 Safari/537.36"
192.168.33.1 - - [29/Aug/2017:06:48:05 +0000] "GET /sign_in HTTP/1.1" 200 1713 "-" "Mozilla/5.0 (Windows NT 10.0; WOW64) AppleWebKit/537.36 (KHTML, like Gecko) Chrome/58.0.3004.3 Safari/537.36"
192.168.33.1 - - [29/Aug/2017:06:48:13 +0000] "GET /sign_in HTTP/1.1" 200 1716 "-" "Mozilla/5.0 (Windows NT 10.0; WOW64) AppleWebKit/537.36 (KHTML, like Gecko) Chrome/58.0.3004.3 Safari/537.36"
192.168.33.1 - - [29/Aug/2017:06:48:17 +0000] "GET /sign_in HTTP/1.1" 200 1715 "-" "Mozilla/5.0 (Windows NT 10.0; WOW64) AppleWebKit/537.36 (KHTML, like Gecko) Chrome/58.0.3004.3 Safari/537.36"
192.168.33.1 - - [29/Aug/2017:06:48:24 +0000] "GET /sign_in HTTP/1.1" 200 1715 "-" "Mozilla/5.0 (Windows NT 10.0; WOW64) AppleWebKit/537.36 (KHTML, like Gecko) Chrome/58.0.3004.3 Safari/537.36"
192.168.33.1 - - [29/Aug/2017:06:48:54 +0000] "GET /sign_in HTTP/1.1" 200 1706 "-" "Mozilla/5.0 (Windows NT 10.0; WOW64) AppleWebKit/537.36 (KHTML, like Gecko) Chrome/58.0.3004.3 Safari/537.36"
192.168.33.1 - - [29/Aug/2017:06:49:06 +0000] "GET /sign_in HTTP/1.1" 200 1709 "-" "Mozilla/5.0 (Windows NT 10.0; WOW64) AppleWebKit/537.36 (KHTML, like Gecko) Chrome/58.0.3004.3 Safari/537.36"
192.168.33.1 - - [29/Aug/2017:06:49:14 +0000] "GET /sign_in HTTP/1.1" 200 1709 "-" "Mozilla/5.0 (Windows NT 10.0; WOW64) AppleWebKit/537.36 (KHTML, like Gecko) Chrome/58.0.3004.3 Safari/537.36"
192.168.33.1 - - [29/Aug/2017:06:49:19 +0000] "GET /sign_in HTTP/1.1" 200 1709 "-" "Mozilla/5.0 (Windows NT 10.0; WOW64) AppleWebKit/537.36 (KHTML, like Gecko) Chrome/58.0.3004.3 Safari/537.36"
192.168.33.1 - - [29/Aug/2017:06:49:19 +0000] "GET /favicon.ico HTTP/1.1" 200 0 "http://huayunshuhai.com/sign_in" "Mozilla/5.0 (Windows NT 10.0; WOW64) AppleWebKit/537.36 (KHTML, like Gecko) Chrome/58.0.3004.3 Safari/537.36"
192.168.33.1 - - [29/Aug/2017:06:50:02 +0000] "POST /sign_in HTTP/1.1" 405 33869 "http://huayunshuhai.com/sign_in" "Mozilla/5.0 (Windows NT 10.0; WOW64) AppleWebKit/537.36 (KHTML, like Gecko) Chrome/58.0.3004.3 Safari/537.36"
192.168.33.1 - - [29/Aug/2017:07:24:52 +0000] "POST /sign_in HTTP/1.1" 500 36511 "http://huayunshuhai.com/sign_in" "Mozilla/5.0 (Windows NT 10.0; WOW64) AppleWebKit/537.36 (KHTML, like Gecko) Chrome/58.0.3004.3 Safari/537.36"
192.168.33.1 - - [29/Aug/2017:07:24:52 +0000] "GET /favicon.ico HTTP/1.1" 200 0 "http://huayunshuhai.com/sign_in" "Mozilla/5.0 (Windows NT 10.0; WOW64) AppleWebKit/537.36 (KHTML, like Gecko) Chrome/58.0.3004.3 Safari/537.36"
192.168.33.1 - - [29/Aug/2017:07:25:29 +0000] "POST /sign_in HTTP/1.1" 500 40944 "http://huayunshuhai.com/sign_in" "Mozilla/5.0 (Windows NT 10.0; WOW64) AppleWebKit/537.36 (KHTML, like Gecko) Chrome/58.0.3004.3 Safari/537.36"
192.168.33.1 - - [29/Aug/2017:07:25:29 +0000] "GET /favicon.ico HTTP/1.1" 200 0 "http://huayunshuhai.com/sign_in" "Mozilla/5.0 (Windows NT 10.0; WOW64) AppleWebKit/537.36 (KHTML, like Gecko) Chrome/58.0.3004.3 Safari/537.36"
192.168.33.1 - - [29/Aug/2017:07:26:21 +0000] "POST /sign_in HTTP/1.1" 500 40944 "http://huayunshuhai.com/sign_in" "Mozilla/5.0 (Windows NT 10.0; WOW64) AppleWebKit/537.36 (KHTML, like Gecko) Chrome/58.0.3004.3 Safari/537.36"
192.168.33.1 - - [29/Aug/2017:07:26:21 +0000] "GET /favicon.ico HTTP/1.1" 200 0 "http://huayunshuhai.com/sign_in" "Mozilla/5.0 (Windows NT 10.0; WOW64) AppleWebKit/537.36 (KHTML, like Gecko) Chrome/58.0.3004.3 Safari/537.36"
192.168.33.1 - - [29/Aug/2017:07:26:25 +0000] "GET /sign_in HTTP/1.1" 500 77465 "-" "Mozilla/5.0 (Windows NT 10.0; WOW64) AppleWebKit/537.36 (KHTML, like Gecko) Chrome/58.0.3004.3 Safari/537.36"
192.168.33.1 - - [29/Aug/2017:07:26:25 +0000] "GET /favicon.ico HTTP/1.1" 200 0 "http://huayunshuhai.com/sign_in" "Mozilla/5.0 (Windows NT 10.0; WOW64) AppleWebKit/537.36 (KHTML, like Gecko) Chrome/58.0.3004.3 Safari/537.36"
192.168.33.1 - - [29/Aug/2017:07:26:29 +0000] "GET /sign_in HTTP/1.1" 500 77465 "-" "Mozilla/5.0 (Windows NT 10.0; WOW64) AppleWebKit/537.36 (KHTML, like Gecko) Chrome/58.0.3004.3 Safari/537.36"
192.168.33.1 - - [29/Aug/2017:07:26:29 +0000] "GET /favicon.ico HTTP/1.1" 200 0 "http://huayunshuhai.com/sign_in" "Mozilla/5.0 (Windows NT 10.0; WOW64) AppleWebKit/537.36 (KHTML, like Gecko) Chrome/58.0.3004.3 Safari/537.36"
192.168.33.1 - - [29/Aug/2017:07:26:35 +0000] "GET /sign_in HTTP/1.1" 200 1723 "-" "Mozilla/5.0 (Windows NT 10.0; WOW64) AppleWebKit/537.36 (KHTML, like Gecko) Chrome/58.0.3004.3 Safari/537.36"
192.168.33.1 - - [29/Aug/2017:07:26:35 +0000] "GET /favicon.ico HTTP/1.1" 200 0 "http://huayunshuhai.com/sign_in" "Mozilla/5.0 (Windows NT 10.0; WOW64) AppleWebKit/537.36 (KHTML, like Gecko) Chrome/58.0.3004.3 Safari/537.36"
192.168.33.1 - - [29/Aug/2017:07:26:46 +0000] "GET /sign_in HTTP/1.1" 200 1725 "-" "Mozilla/5.0 (Windows NT 10.0; WOW64) AppleWebKit/537.36 (KHTML, like Gecko) Chrome/58.0.3004.3 Safari/537.36"
192.168.33.1 - - [29/Aug/2017:07:26:46 +0000] "GET /favicon.ico HTTP/1.1" 200 0 "http://huayunshuhai.com/sign_in" "Mozilla/5.0 (Windows NT 10.0; WOW64) AppleWebKit/537.36 (KHTML, like Gecko) Chrome/58.0.3004.3 Safari/537.36"
192.168.33.1 - - [29/Aug/2017:07:26:52 +0000] "GET /sign_in HTTP/1.1" 200 1725 "-" "Mozilla/5.0 (Windows NT 10.0; WOW64) AppleWebKit/537.36 (KHTML, like Gecko) Chrome/58.0.3004.3 Safari/537.36"
192.168.33.1 - - [29/Aug/2017:07:26:52 +0000] "GET /favicon.ico HTTP/1.1" 200 0 "http://huayunshuhai.com/sign_in" "Mozilla/5.0 (Windows NT 10.0; WOW64) AppleWebKit/537.36 (KHTML, like Gecko) Chrome/58.0.3004.3 Safari/537.36"
192.168.33.1 - - [29/Aug/2017:07:27:50 +0000] "GET /sign_in HTTP/1.1" 200 1764 "-" "Mozilla/5.0 (Windows NT 10.0; WOW64) AppleWebKit/537.36 (KHTML, like Gecko) Chrome/58.0.3004.3 Safari/537.36"
192.168.33.1 - - [29/Aug/2017:07:27:50 +0000] "GET /favicon.ico HTTP/1.1" 200 0 "http://huayunshuhai.com/sign_in" "Mozilla/5.0 (Windows NT 10.0; WOW64) AppleWebKit/537.36 (KHTML, like Gecko) Chrome/58.0.3004.3 Safari/537.36"
192.168.33.1 - - [29/Aug/2017:07:27:58 +0000] "POST /sign_in HTTP/1.1" 500 40944 "http://huayunshuhai.com/sign_in" "Mozilla/5.0 (Windows NT 10.0; WOW64) AppleWebKit/537.36 (KHTML, like Gecko) Chrome/58.0.3004.3 Safari/537.36"
192.168.33.1 - - [29/Aug/2017:07:28:12 +0000] "GET /sign_in HTTP/1.1" 200 1760 "-" "Mozilla/5.0 (Windows NT 10.0; WOW64) AppleWebKit/537.36 (KHTML, like Gecko) Chrome/58.0.3004.3 Safari/537.36"
192.168.33.1 - - [29/Aug/2017:07:28:12 +0000] "GET /favicon.ico HTTP/1.1" 200 0 "http://huayunshuhai.com/sign_in" "Mozilla/5.0 (Windows NT 10.0; WOW64) AppleWebKit/537.36 (KHTML, like Gecko) Chrome/58.0.3004.3 Safari/537.36"
192.168.33.1 - - [29/Aug/2017:07:28:15 +0000] "POST /sign_in HTTP/1.1" 500 40944 "http://huayunshuhai.com/sign_in" "Mozilla/5.0 (Windows NT 10.0; WOW64) AppleWebKit/537.36 (KHTML, like Gecko) Chrome/58.0.3004.3 Safari/537.36"
192.168.33.1 - - [29/Aug/2017:07:30:24 +0000] "POST /sign_in HTTP/1.1" 500 40944 "http://huayunshuhai.com/sign_in" "Mozilla/5.0 (Windows NT 10.0; WOW64) AppleWebKit/537.36 (KHTML, like Gecko) Chrome/58.0.3004.3 Safari/537.36"
192.168.33.1 - - [29/Aug/2017:07:30:24 +0000] "GET /favicon.ico HTTP/1.1" 200 0 "http://huayunshuhai.com/sign_in" "Mozilla/5.0 (Windows NT 10.0; WOW64) AppleWebKit/537.36 (KHTML, like Gecko) Chrome/58.0.3004.3 Safari/537.36"
192.168.33.1 - - [29/Aug/2017:07:30:26 +0000] "GET /sign_in HTTP/1.1" 200 1761 "-" "Mozilla/5.0 (Windows NT 10.0; WOW64) AppleWebKit/537.36 (KHTML, like Gecko) Chrome/58.0.3004.3 Safari/537.36"
