192.168.33.1 - - [28/Aug/2017:06:50:43 +0000] "GET /export_student_list?searchType[0]=group_id&searchType[1]=school_id&searchType[2]=class_type&searchType[3]=status&search[0]=6ea3dd88605c11e7a1ad00163e106fb7&search[1]=5658355c606211e79a5900163e106fb7&search[2]=1&search[3]=0& HTTP/1.1" 200 2381 "http://wgroup.dev.4000669696.com/student" "Mozilla/5.0 (Windows NT 10.0; WOW64) AppleWebKit/537.36 (KHTML, like Gecko) Chrome/58.0.3004.3 Safari/537.36"
192.168.33.1 - - [28/Aug/2017:06:50:43 +0000] "GET /favicon.ico HTTP/1.1" 200 0 "http://wgroup.dev.4000669696.com/export_student_list?searchType[0]=group_id&searchType[1]=school_id&searchType[2]=class_type&searchType[3]=status&search[0]=6ea3dd88605c11e7a1ad00163e106fb7&search[1]=5658355c606211e79a5900163e106fb7&search[2]=1&search[3]=0&" "Mozilla/5.0 (Windows NT 10.0; WOW64) AppleWebKit/537.36 (KHTML, like Gecko) Chrome/58.0.3004.3 Safari/537.36"
192.168.33.1 - - [28/Aug/2017:06:50:59 +0000] "GET /export_student_list?searchType[0]=group_id&searchType[1]=school_id&searchType[2]=class_type&searchType[3]=status&search[0]=6ea3dd88605c11e7a1ad00163e106fb7&search[1]=5658355c606211e79a5900163e106fb7&search[2]=1&search[3]=0& HTTP/1.1" 200 2387 "http://wgroup.dev.4000669696.com/student" "Mozilla/5.0 (Windows NT 10.0; WOW64) AppleWebKit/537.36 (KHTML, like Gecko) Chrome/58.0.3004.3 Safari/537.36"
192.168.33.1 - - [28/Aug/2017:06:50:59 +0000] "GET /favicon.ico HTTP/1.1" 200 0 "http://wgroup.dev.4000669696.com/export_student_list?searchType[0]=group_id&searchType[1]=school_id&searchType[2]=class_type&searchType[3]=status&search[0]=6ea3dd88605c11e7a1ad00163e106fb7&search[1]=5658355c606211e79a5900163e106fb7&search[2]=1&search[3]=0&" "Mozilla/5.0 (Windows NT 10.0; WOW64) AppleWebKit/537.36 (KHTML, like Gecko) Chrome/58.0.3004.3 Safari/537.36"
192.168.33.1 - - [28/Aug/2017:06:51:14 +0000] "GET /export_student_list?searchType[0]=group_id&searchType[1]=school_id&searchType[2]=class_type&searchType[3]=status&search[0]=6ea3dd88605c11e7a1ad00163e106fb7&search[1]=5658355c606211e79a5900163e106fb7&search[2]=1&search[3]=0& HTTP/1.1" 200 2153 "http://wgroup.dev.4000669696.com/student" "Mozilla/5.0 (Windows NT 10.0; WOW64) AppleWebKit/537.36 (KHTML, like Gecko) Chrome/58.0.3004.3 Safari/537.36"
192.168.33.1 - - [28/Aug/2017:06:51:14 +0000] "GET /favicon.ico HTTP/1.1" 200 0 "http://wgroup.dev.4000669696.com/export_student_list?searchType[0]=group_id&searchType[1]=school_id&searchType[2]=class_type&searchType[3]=status&search[0]=6ea3dd88605c11e7a1ad00163e106fb7&search[1]=5658355c606211e79a5900163e106fb7&search[2]=1&search[3]=0&" "Mozilla/5.0 (Windows NT 10.0; WOW64) AppleWebKit/537.36 (KHTML, like Gecko) Chrome/58.0.3004.3 Safari/537.36"
192.168.33.1 - - [28/Aug/2017:06:51:25 +0000] "GET /export_student_list?searchType[0]=group_id&searchType[1]=school_id&searchType[2]=class_type&searchType[3]=status&search[0]=6ea3dd88605c11e7a1ad00163e106fb7&search[1]=5658355c606211e79a5900163e106fb7&search[2]=1&search[3]=0& HTTP/1.1" 200 2383 "http://wgroup.dev.4000669696.com/student" "Mozilla/5.0 (Windows NT 10.0; WOW64) AppleWebKit/537.36 (KHTML, like Gecko) Chrome/58.0.3004.3 Safari/537.36"
192.168.33.1 - - [28/Aug/2017:06:51:25 +0000] "GET /favicon.ico HTTP/1.1" 200 0 "http://wgroup.dev.4000669696.com/export_student_list?searchType[0]=group_id&searchType[1]=school_id&searchType[2]=class_type&searchType[3]=status&search[0]=6ea3dd88605c11e7a1ad00163e106fb7&search[1]=5658355c606211e79a5900163e106fb7&search[2]=1&search[3]=0&" "Mozilla/5.0 (Windows NT 10.0; WOW64) AppleWebKit/537.36 (KHTML, like Gecko) Chrome/58.0.3004.3 Safari/537.36"
172.18.0.3 - - [28/Aug/2017:06:51:37 +0000] "POST /student/info/search HTTP/1.1" 200 82 "wgroup.dev.4000669696.com" "Weiyuyan\x5CCommon\x5CCurl/1.0 curl"
192.168.33.1 - - [28/Aug/2017:06:51:37 +0000] "GET /export_student_list?searchType[0]=group_id&searchType[1]=school_id&searchType[2]=class_type&searchType[3]=status&search[0]=6ea3dd88605c11e7a1ad00163e106fb7&search[1]=5658355c606211e79a5900163e106fb7&search[2]=1&search[3]=0& HTTP/1.1" 200 4115 "http://wgroup.dev.4000669696.com/student" "Mozilla/5.0 (Windows NT 10.0; WOW64) AppleWebKit/537.36 (KHTML, like Gecko) Chrome/58.0.3004.3 Safari/537.36"
192.168.33.1 - - [28/Aug/2017:07:29:56 +0000] "GET /favicon.ico HTTP/1.1" 200 0 "-" "Mozilla/5.0 (Windows NT 10.0; WOW64) AppleWebKit/537.36 (KHTML, like Gecko) Chrome/45.0.2454.101 Safari/537.36"
192.168.33.1 - - [28/Aug/2017:10:03:34 +0000] "GET /sign_in HTTP/1.1" 200 1485 "-" "Mozilla/5.0 (Windows NT 10.0; WOW64) AppleWebKit/537.36 (KHTML, like Gecko) Chrome/58.0.3004.3 Safari/537.36"
192.168.33.1 - - [28/Aug/2017:10:04:13 +0000] "GET /sign_in HTTP/1.1" 200 1458 "-" "Mozilla/5.0 (Windows NT 10.0; WOW64) AppleWebKit/537.36 (KHTML, like Gecko) Chrome/58.0.3004.3 Safari/537.36"
192.168.33.1 - - [28/Aug/2017:10:04:32 +0000] "GET /sign_in HTTP/1.1" 200 1444 "-" "Mozilla/5.0 (Windows NT 10.0; WOW64) AppleWebKit/537.36 (KHTML, like Gecko) Chrome/58.0.3004.3 Safari/537.36"
192.168.33.1 - - [28/Aug/2017:10:05:05 +0000] "GET /sign_in HTTP/1.1" 200 88 "-" "Mozilla/5.0 (Windows NT 10.0; WOW64) AppleWebKit/537.36 (KHTML, like Gecko) Chrome/58.0.3004.3 Safari/537.36"
192.168.33.1 - - [28/Aug/2017:10:06:18 +0000] "GET /sign_in HTTP/1.1" 200 1474 "-" "Mozilla/5.0 (Windows NT 10.0; WOW64) AppleWebKit/537.36 (KHTML, like Gecko) Chrome/58.0.3004.3 Safari/537.36"
192.168.33.1 - - [28/Aug/2017:10:08:51 +0000] "GET /sign_in HTTP/1.1" 200 1461 "-" "Mozilla/5.0 (Windows NT 10.0; WOW64) AppleWebKit/537.36 (KHTML, like Gecko) Chrome/58.0.3004.3 Safari/537.36"
192.168.33.1 - - [28/Aug/2017:10:08:52 +0000] "GET /sign_in HTTP/1.1" 200 1461 "-" "Mozilla/5.0 (Windows NT 10.0; WOW64) AppleWebKit/537.36 (KHTML, like Gecko) Chrome/58.0.3004.3 Safari/537.36"
192.168.33.1 - - [28/Aug/2017:10:11:21 +0000] "GET /sign_in HTTP/1.1" 200 1458 "-" "Mozilla/5.0 (Windows NT 10.0; WOW64) AppleWebKit/537.36 (KHTML, like Gecko) Chrome/58.0.3004.3 Safari/537.36"
192.168.33.1 - - [28/Aug/2017:10:12:37 +0000] "GET /sign_in HTTP/1.1" 200 1458 "-" "Mozilla/5.0 (Windows NT 10.0; WOW64) AppleWebKit/537.36 (KHTML, like Gecko) Chrome/58.0.3004.3 Safari/537.36"
192.168.33.1 - - [28/Aug/2017:10:12:40 +0000] "GET /sign_in HTTP/1.1" 200 1458 "-" "Mozilla/5.0 (Windows NT 10.0; WOW64) AppleWebKit/537.36 (KHTML, like Gecko) Chrome/58.0.3004.3 Safari/537.36"
192.168.33.1 - - [28/Aug/2017:10:12:59 +0000] "GET /sign_in HTTP/1.1" 200 1462 "-" "Mozilla/5.0 (Windows NT 10.0; WOW64) AppleWebKit/537.36 (KHTML, like Gecko) Chrome/58.0.3004.3 Safari/537.36"
192.168.33.1 - - [28/Aug/2017:10:13:19 +0000] "GET /sign_in HTTP/1.1" 200 1458 "-" "Mozilla/5.0 (Windows NT 10.0; WOW64) AppleWebKit/537.36 (KHTML, like Gecko) Chrome/58.0.3004.3 Safari/537.36"
192.168.33.1 - - [28/Aug/2017:10:15:28 +0000] "GET /sign_in HTTP/1.1" 200 1458 "-" "Mozilla/5.0 (Windows NT 10.0; WOW64) AppleWebKit/537.36 (KHTML, like Gecko) Chrome/58.0.3004.3 Safari/537.36"
192.168.33.1 - - [28/Aug/2017:10:16:20 +0000] "GET /sign_in HTTP/1.1" 200 1481 "-" "Mozilla/5.0 (Windows NT 10.0; WOW64) AppleWebKit/537.36 (KHTML, like Gecko) Chrome/58.0.3004.3 Safari/537.36"
192.168.33.1 - - [28/Aug/2017:10:16:20 +0000] "GET /bootstrap-3.3.7-dist//fonts/glyphicons-halflings-regular.svg HTTP/1.1" 200 108738 "http://huayunshuhai.com/sign_in" "Mozilla/5.0 (Windows NT 10.0; WOW64) AppleWebKit/537.36 (KHTML, like Gecko) Chrome/58.0.3004.3 Safari/537.36"
192.168.33.1 - - [28/Aug/2017:10:16:37 +0000] "GET /sign_in HTTP/1.1" 200 1479 "-" "Mozilla/5.0 (Windows NT 10.0; WOW64) AppleWebKit/537.36 (KHTML, like Gecko) Chrome/58.0.3004.3 Safari/537.36"
192.168.33.1 - - [28/Aug/2017:10:16:37 +0000] "GET /bootstrap-3.3.7-dist/fonts/glyphicons-halflings-regular.svg HTTP/1.1" 200 108738 "http://huayunshuhai.com/sign_in" "Mozilla/5.0 (Windows NT 10.0; WOW64) AppleWebKit/537.36 (KHTML, like Gecko) Chrome/58.0.3004.3 Safari/537.36"
192.168.33.1 - - [28/Aug/2017:10:17:00 +0000] "GET /sign_in HTTP/1.1" 200 1479 "-" "Mozilla/5.0 (Windows NT 10.0; WOW64) AppleWebKit/537.36 (KHTML, like Gecko) Chrome/58.0.3004.3 Safari/537.36"
192.168.33.1 - - [28/Aug/2017:10:17:03 +0000] "GET /sign_in HTTP/1.1" 200 1460 "-" "Mozilla/5.0 (Windows NT 10.0; WOW64) AppleWebKit/537.36 (KHTML, like Gecko) Chrome/58.0.3004.3 Safari/537.36"
192.168.33.1 - - [28/Aug/2017:10:17:08 +0000] "GET /favicon.ico HTTP/1.1" 200 0 "-" "Mozilla/5.0 (Windows NT 10.0; WOW64) AppleWebKit/537.36 (KHTML, like Gecko) Chrome/45.0.2454.101 Safari/537.36"
192.168.33.1 - - [28/Aug/2017:10:17:09 +0000] "GET /sign_in HTTP/1.1" 200 1460 "-" "Mozilla/5.0 (Windows NT 10.0; WOW64) AppleWebKit/537.36 (KHTML, like Gecko) Chrome/45.0.2454.101 Safari/537.36"
192.168.33.1 - - [28/Aug/2017:10:17:09 +0000] "GET /bootstrap-3.3.7-dist/css/bootstrap.min.css HTTP/1.1" 200 121200 "http://huayunshuhai.com/sign_in" "Mozilla/5.0 (Windows NT 10.0; WOW64) AppleWebKit/537.36 (KHTML, like Gecko) Chrome/45.0.2454.101 Safari/537.36"
192.168.33.1 - - [28/Aug/2017:10:17:09 +0000] "GET /bootstrap-3.3.7-dist/js/jquery-3.2.1.min.js HTTP/1.1" 200 86659 "http://huayunshuhai.com/sign_in" "Mozilla/5.0 (Windows NT 10.0; WOW64) AppleWebKit/537.36 (KHTML, like Gecko) Chrome/45.0.2454.101 Safari/537.36"
192.168.33.1 - - [28/Aug/2017:10:17:09 +0000] "GET /bootstrap-3.3.7-dist/js/bootstrap.min.js HTTP/1.1" 200 37045 "http://huayunshuhai.com/sign_in" "Mozilla/5.0 (Windows NT 10.0; WOW64) AppleWebKit/537.36 (KHTML, like Gecko) Chrome/45.0.2454.101 Safari/537.36"
192.168.33.1 - - [28/Aug/2017:10:17:09 +0000] "GET /bootstrap-3.3.7-dist/fonts/glyphicons-halflings-regular.woff2 HTTP/1.1" 200 0 "http://huayunshuhai.com/bootstrap-3.3.7-dist/css/bootstrap.min.css" "Mozilla/5.0 (Windows NT 10.0; WOW64) AppleWebKit/537.36 (KHTML, like Gecko) Chrome/45.0.2454.101 Safari/537.36"
192.168.33.1 - - [28/Aug/2017:10:17:10 +0000] "GET /bootstrap-3.3.7-dist/fonts/glyphicons-halflings-regular.woff HTTP/1.1" 200 0 "http://huayunshuhai.com/bootstrap-3.3.7-dist/css/bootstrap.min.css" "Mozilla/5.0 (Windows NT 10.0; WOW64) AppleWebKit/537.36 (KHTML, like Gecko) Chrome/45.0.2454.101 Safari/537.36"
192.168.33.1 - - [28/Aug/2017:10:17:10 +0000] "GET /bootstrap-3.3.7-dist/fonts/glyphicons-halflings-regular.ttf HTTP/1.1" 200 0 "http://huayunshuhai.com/bootstrap-3.3.7-dist/css/bootstrap.min.css" "Mozilla/5.0 (Windows NT 10.0; WOW64) AppleWebKit/537.36 (KHTML, like Gecko) Chrome/45.0.2454.101 Safari/537.36"
192.168.33.1 - - [28/Aug/2017:10:17:10 +0000] "GET /favicon.ico HTTP/1.1" 200 0 "http://huayunshuhai.com/sign_in" "Mozilla/5.0 (Windows NT 10.0; WOW64) AppleWebKit/537.36 (KHTML, like Gecko) Chrome/45.0.2454.101 Safari/537.36"
192.168.33.1 - - [28/Aug/2017:10:17:11 +0000] "GET /sign_in HTTP/1.1" 200 1460 "-" "Mozilla/4.0 (compatible; MSIE 7.0; Windows NT 10.0; WOW64; Trident/7.0; .NET4.0C; .NET4.0E; InfoPath.3)"
192.168.33.1 - - [28/Aug/2017:10:17:11 +0000] "GET /bootstrap-3.3.7-dist/css/bootstrap.min.css HTTP/1.1" 200 121200 "http://huayunshuhai.com/sign_in" "Mozilla/4.0 (compatible; MSIE 7.0; Windows NT 10.0; WOW64; Trident/7.0; .NET4.0C; .NET4.0E; InfoPath.3)"
192.168.33.1 - - [28/Aug/2017:10:17:11 +0000] "GET /bootstrap-3.3.7-dist/js/jquery-3.2.1.min.js HTTP/1.1" 200 86659 "http://huayunshuhai.com/sign_in" "Mozilla/4.0 (compatible; MSIE 7.0; Windows NT 10.0; WOW64; Trident/7.0; .NET4.0C; .NET4.0E; InfoPath.3)"
192.168.33.1 - - [28/Aug/2017:10:17:11 +0000] "GET /bootstrap-3.3.7-dist/js/bootstrap.min.js HTTP/1.1" 200 37045 "http://huayunshuhai.com/sign_in" "Mozilla/4.0 (compatible; MSIE 7.0; Windows NT 10.0; WOW64; Trident/7.0; .NET4.0C; .NET4.0E; InfoPath.3)"
192.168.33.1 - - [28/Aug/2017:10:17:11 +0000] "GET /bootstrap-3.3.7-dist/fonts/glyphicons-halflings-regular.eot? HTTP/1.1" 200 0 "http://huayunshuhai.com/sign_in" "Mozilla/4.0 (compatible; MSIE 7.0; Windows NT 10.0; WOW64; Trident/7.0; .NET4.0C; .NET4.0E; InfoPath.3)"
192.168.33.1 - - [28/Aug/2017:10:17:11 +0000] "GET /bootstrap-3.3.7-dist/fonts/glyphicons-halflings-regular.woff HTTP/1.1" 200 0 "http://huayunshuhai.com/sign_in" "Mozilla/4.0 (compatible; MSIE 7.0; Windows NT 10.0; WOW64; Trident/7.0; .NET4.0C; .NET4.0E; InfoPath.3)"
192.168.33.1 - - [28/Aug/2017:10:17:11 +0000] "GET /bootstrap-3.3.7-dist/fonts/glyphicons-halflings-regular.ttf HTTP/1.1" 200 0 "http://huayunshuhai.com/sign_in" "Mozilla/4.0 (compatible; MSIE 7.0; Windows NT 10.0; WOW64; Trident/7.0; .NET4.0C; .NET4.0E; InfoPath.3)"
192.168.33.1 - - [28/Aug/2017:10:17:31 +0000] "GET /sign_in HTTP/1.1" 200 1460 "-" "Mozilla/5.0 (Windows NT 10.0; Win64; x64; rv:55.0) Gecko/20100101 Firefox/55.0"
192.168.33.1 - - [28/Aug/2017:10:17:31 +0000] "GET /bootstrap-3.3.7-dist/js/bootstrap.min.js HTTP/1.1" 200 37045 "http://huayunshuhai.com/sign_in" "Mozilla/5.0 (Windows NT 10.0; Win64; x64; rv:55.0) Gecko/20100101 Firefox/55.0"
192.168.33.1 - - [28/Aug/2017:10:17:31 +0000] "GET /bootstrap-3.3.7-dist/js/jquery-3.2.1.min.js HTTP/1.1" 200 86659 "http://huayunshuhai.com/sign_in" "Mozilla/5.0 (Windows NT 10.0; Win64; x64; rv:55.0) Gecko/20100101 Firefox/55.0"
192.168.33.1 - - [28/Aug/2017:10:17:31 +0000] "GET /bootstrap-3.3.7-dist/css/bootstrap.min.css HTTP/1.1" 200 121200 "http://huayunshuhai.com/sign_in" "Mozilla/5.0 (Windows NT 10.0; Win64; x64; rv:55.0) Gecko/20100101 Firefox/55.0"
192.168.33.1 - - [28/Aug/2017:10:17:32 +0000] "GET /bootstrap-3.3.7-dist/fonts/glyphicons-halflings-regular.woff2 HTTP/1.1" 200 0 "http://huayunshuhai.com/bootstrap-3.3.7-dist/css/bootstrap.min.css" "Mozilla/5.0 (Windows NT 10.0; Win64; x64; rv:55.0) Gecko/20100101 Firefox/55.0"
192.168.33.1 - - [28/Aug/2017:10:17:32 +0000] "GET /bootstrap-3.3.7-dist/fonts/glyphicons-halflings-regular.woff HTTP/1.1" 200 0 "http://huayunshuhai.com/bootstrap-3.3.7-dist/css/bootstrap.min.css" "Mozilla/5.0 (Windows NT 10.0; Win64; x64; rv:55.0) Gecko/20100101 Firefox/55.0"
192.168.33.1 - - [28/Aug/2017:10:17:32 +0000] "GET /bootstrap-3.3.7-dist/fonts/glyphicons-halflings-regular.ttf HTTP/1.1" 200 0 "http://huayunshuhai.com/bootstrap-3.3.7-dist/css/bootstrap.min.css" "Mozilla/5.0 (Windows NT 10.0; Win64; x64; rv:55.0) Gecko/20100101 Firefox/55.0"
192.168.33.1 - - [28/Aug/2017:10:17:33 +0000] "GET /favicon.ico HTTP/1.1" 200 0 "-" "Mozilla/5.0 (Windows NT 10.0; Win64; x64; rv:55.0) Gecko/20100101 Firefox/55.0"
192.168.33.1 - - [28/Aug/2017:10:17:41 +0000] "GET /bootstrap-3.3.7-dist/css/bootstrap.min.css.map HTTP/1.1" 200 542194 "-" "Mozilla/5.0 (Windows NT 10.0; Win64; x64; rv:55.0) Gecko/20100101 Firefox/55.0"
192.168.33.1 - - [28/Aug/2017:10:20:23 +0000] "GET /sign_in HTTP/1.1" 200 1475 "-" "Mozilla/5.0 (Windows NT 10.0; WOW64) AppleWebKit/537.36 (KHTML, like Gecko) Chrome/58.0.3004.3 Safari/537.36"
192.168.33.1 - - [28/Aug/2017:10:20:23 +0000] "GET /public/bootstrap-3.3.7-dist/css/bootstrap-3.3.7-dist/css/bootstrap.min.css' HTTP/1.1" 404 11039 "http://huayunshuhai.com/sign_in" "Mozilla/5.0 (Windows NT 10.0; WOW64) AppleWebKit/537.36 (KHTML, like Gecko) Chrome/58.0.3004.3 Safari/537.36"
192.168.33.1 - - [28/Aug/2017:10:20:57 +0000] "GET /sign_in HTTP/1.1" 200 1476 "-" "Mozilla/5.0 (Windows NT 10.0; WOW64) AppleWebKit/537.36 (KHTML, like Gecko) Chrome/58.0.3004.3 Safari/537.36"
192.168.33.1 - - [28/Aug/2017:10:20:57 +0000] "GET /public/bootstrap-3.3.7-dist/css/bootstrap-3.3.7-dist/css/bootstrap.min.css' HTTP/1.1" 404 11039 "http://huayunshuhai.com/sign_in" "Mozilla/5.0 (Windows NT 10.0; WOW64) AppleWebKit/537.36 (KHTML, like Gecko) Chrome/58.0.3004.3 Safari/537.36"
192.168.33.1 - - [28/Aug/2017:10:21:21 +0000] "GET /public/bootstrap-3.3.7-dist/css/bootstrap-3.3.7-dist/css/bootstrap.min.css HTTP/1.1" 404 11039 "-" "Mozilla/5.0 (Windows NT 10.0; WOW64) AppleWebKit/537.36 (KHTML, like Gecko) Chrome/58.0.3004.3 Safari/537.36"
192.168.33.1 - - [28/Aug/2017:10:21:43 +0000] "GET /public/bootstrap-3.3.7-dist/css/bootstrap-3.3.7-dist/css/bootstrap.min.css HTTP/1.1" 404 11039 "-" "Mozilla/5.0 (Windows NT 10.0; WOW64) AppleWebKit/537.36 (KHTML, like Gecko) Chrome/58.0.3004.3 Safari/537.36"
192.168.33.1 - - [28/Aug/2017:10:21:54 +0000] "GET /bootstrap-3.3.7-dist/css/bootstrap-3.3.7-dist/css/bootstrap.min.css HTTP/1.1" 404 11039 "-" "Mozilla/5.0 (Windows NT 10.0; WOW64) AppleWebKit/537.36 (KHTML, like Gecko) Chrome/58.0.3004.3 Safari/537.36"
192.168.33.1 - - [28/Aug/2017:10:22:05 +0000] "GET /bootstrap-3.3.7-dist HTTP/1.1" 301 178 "-" "Mozilla/5.0 (Windows NT 10.0; WOW64) AppleWebKit/537.36 (KHTML, like Gecko) Chrome/58.0.3004.3 Safari/537.36"
192.168.33.1 - - [28/Aug/2017:10:22:05 +0000] "GET /bootstrap-3.3.7-dist/ HTTP/1.1" 403 192 "-" "Mozilla/5.0 (Windows NT 10.0; WOW64) AppleWebKit/537.36 (KHTML, like Gecko) Chrome/58.0.3004.3 Safari/537.36"
192.168.33.1 - - [28/Aug/2017:10:22:26 +0000] "GET / HTTP/1.1" 200 4916 "-" "Mozilla/5.0 (Windows NT 10.0; WOW64) AppleWebKit/537.36 (KHTML, like Gecko) Chrome/58.0.3004.3 Safari/537.36"
192.168.33.1 - - [28/Aug/2017:10:22:26 +0000] "GET /public/bootstrap-3.3.7-dist/css/bootstrap-3.3.7-dist/css/bootstrap.min.css' HTTP/1.1" 404 11039 "http://huayunshuhai.com/" "Mozilla/5.0 (Windows NT 10.0; WOW64) AppleWebKit/537.36 (KHTML, like Gecko) Chrome/58.0.3004.3 Safari/537.36"
192.168.33.1 - - [28/Aug/2017:10:22:32 +0000] "GET / HTTP/1.1" 200 4916 "-" "Mozilla/5.0 (Windows NT 10.0; WOW64) AppleWebKit/537.36 (KHTML, like Gecko) Chrome/58.0.3004.3 Safari/537.36"
192.168.33.1 - - [28/Aug/2017:10:22:32 +0000] "GET /public/bootstrap-3.3.7-dist/css/bootstrap-3.3.7-dist/css/bootstrap.min.css' HTTP/1.1" 404 11039 "http://huayunshuhai.com/" "Mozilla/5.0 (Windows NT 10.0; WOW64) AppleWebKit/537.36 (KHTML, like Gecko) Chrome/58.0.3004.3 Safari/537.36"
192.168.33.1 - - [28/Aug/2017:10:22:34 +0000] "GET /sign_in HTTP/1.1" 200 1476 "-" "Mozilla/5.0 (Windows NT 10.0; WOW64) AppleWebKit/537.36 (KHTML, like Gecko) Chrome/58.0.3004.3 Safari/537.36"
192.168.33.1 - - [28/Aug/2017:10:22:34 +0000] "GET /public/bootstrap-3.3.7-dist/css/bootstrap-3.3.7-dist/css/bootstrap.min.css' HTTP/1.1" 404 11039 "http://huayunshuhai.com/sign_in" "Mozilla/5.0 (Windows NT 10.0; WOW64) AppleWebKit/537.36 (KHTML, like Gecko) Chrome/58.0.3004.3 Safari/537.36"
192.168.33.1 - - [28/Aug/2017:10:22:42 +0000] "GET / HTTP/1.1" 200 4916 "-" "Mozilla/5.0 (Windows NT 10.0; WOW64) AppleWebKit/537.36 (KHTML, like Gecko) Chrome/58.0.3004.3 Safari/537.36"
192.168.33.1 - - [28/Aug/2017:10:22:42 +0000] "GET /public/bootstrap-3.3.7-dist/css/bootstrap-3.3.7-dist/css/bootstrap.min.css' HTTP/1.1" 404 11039 "http://huayunshuhai.com/" "Mozilla/5.0 (Windows NT 10.0; WOW64) AppleWebKit/537.36 (KHTML, like Gecko) Chrome/58.0.3004.3 Safari/537.36"
192.168.33.1 - - [28/Aug/2017:10:22:48 +0000] "GET /css HTTP/1.1" 301 178 "-" "Mozilla/5.0 (Windows NT 10.0; WOW64) AppleWebKit/537.36 (KHTML, like Gecko) Chrome/58.0.3004.3 Safari/537.36"
192.168.33.1 - - [28/Aug/2017:10:22:48 +0000] "GET /css/ HTTP/1.1" 403 192 "-" "Mozilla/5.0 (Windows NT 10.0; WOW64) AppleWebKit/537.36 (KHTML, like Gecko) Chrome/58.0.3004.3 Safari/537.36"
192.168.33.1 - - [28/Aug/2017:10:23:02 +0000] "GET / HTTP/1.1" 200 4916 "-" "Mozilla/5.0 (Windows NT 10.0; WOW64) AppleWebKit/537.36 (KHTML, like Gecko) Chrome/58.0.3004.3 Safari/537.36"
192.168.33.1 - - [28/Aug/2017:10:23:02 +0000] "GET /public/bootstrap-3.3.7-dist/css/bootstrap-3.3.7-dist/css/bootstrap.min.css' HTTP/1.1" 404 11039 "http://huayunshuhai.com/" "Mozilla/5.0 (Windows NT 10.0; WOW64) AppleWebKit/537.36 (KHTML, like Gecko) Chrome/58.0.3004.3 Safari/537.36"
192.168.33.1 - - [28/Aug/2017:10:23:08 +0000] "GET / HTTP/1.1" 200 4909 "-" "Mozilla/5.0 (Windows NT 10.0; WOW64) AppleWebKit/537.36 (KHTML, like Gecko) Chrome/58.0.3004.3 Safari/537.36"
192.168.33.1 - - [28/Aug/2017:10:32:18 +0000] "GET /sign_in HTTP/1.1" 500 111229 "-" "Mozilla/5.0 (Windows NT 10.0; WOW64) AppleWebKit/537.36 (KHTML, like Gecko) Chrome/58.0.3004.3 Safari/537.36"
192.168.33.1 - - [28/Aug/2017:10:32:24 +0000] "GET /sign_in HTTP/1.1" 200 1458 "-" "Mozilla/5.0 (Windows NT 10.0; WOW64) AppleWebKit/537.36 (KHTML, like Gecko) Chrome/58.0.3004.3 Safari/537.36"
192.168.33.1 - - [28/Aug/2017:10:33:39 +0000] "GET /sign_in HTTP/1.1" 200 1632 "-" "Mozilla/5.0 (Windows NT 10.0; WOW64) AppleWebKit/537.36 (KHTML, like Gecko) Chrome/58.0.3004.3 Safari/537.36"
192.168.33.1 - - [28/Aug/2017:10:34:44 +0000] "GET /sign_in HTTP/1.1" 200 1725 "-" "Mozilla/5.0 (Windows NT 10.0; WOW64) AppleWebKit/537.36 (KHTML, like Gecko) Chrome/58.0.3004.3 Safari/537.36"
192.168.33.1 - - [29/Aug/2017:01:58:11 +0000] "GET /sign_in HTTP/1.1" 200 1725 "-" "Mozilla/5.0 (Windows NT 10.0; WOW64) AppleWebKit/537.36 (KHTML, like Gecko) Chrome/58.0.3004.3 Safari/537.36"
192.168.33.1 - - [29/Aug/2017:01:58:11 +0000] "GET /bootstrap-3.3.7-dist/js/jquery-3.2.1.min.js HTTP/1.1" 304 0 "http://huayunshuhai.com/sign_in" "Mozilla/5.0 (Windows NT 10.0; WOW64) AppleWebKit/537.36 (KHTML, like Gecko) Chrome/58.0.3004.3 Safari/537.36"
192.168.33.1 - - [29/Aug/2017:01:58:11 +0000] "GET /favicon.ico HTTP/1.1" 304 0 "http://huayunshuhai.com/sign_in" "Mozilla/5.0 (Windows NT 10.0; WOW64) AppleWebKit/537.36 (KHTML, like Gecko) Chrome/58.0.3004.3 Safari/537.36"
192.168.33.1 - - [29/Aug/2017:01:59:21 +0000] "GET /sign_in HTTP/1.1" 200 1725 "-" "Mozilla/5.0 (Windows NT 10.0; WOW64) AppleWebKit/537.36 (KHTML, like Gecko) Chrome/58.0.3004.3 Safari/537.36"
192.168.33.1 - - [29/Aug/2017:01:59:33 +0000] "GET /sign_in HTTP/1.1" 200 1724 "-" "Mozilla/5.0 (Windows NT 10.0; WOW64) AppleWebKit/537.36 (KHTML, like Gecko) Chrome/58.0.3004.3 Safari/537.36"
192.168.33.1 - - [29/Aug/2017:01:59:53 +0000] "GET /sign_in HTTP/1.1" 200 1731 "-" "Mozilla/5.0 (Windows NT 10.0; WOW64) AppleWebKit/537.36 (KHTML, like Gecko) Chrome/58.0.3004.3 Safari/537.36"
192.168.33.1 - - [29/Aug/2017:02:00:24 +0000] "GET /sign_in HTTP/1.1" 200 1730 "-" "Mozilla/5.0 (Windows NT 10.0; WOW64) AppleWebKit/537.36 (KHTML, like Gecko) Chrome/58.0.3004.3 Safari/537.36"
192.168.33.1 - - [29/Aug/2017:02:00:43 +0000] "GET /sign_in HTTP/1.1" 200 1737 "-" "Mozilla/5.0 (Windows NT 10.0; WOW64) AppleWebKit/537.36 (KHTML, like Gecko) Chrome/58.0.3004.3 Safari/537.36"
192.168.33.1 - - [29/Aug/2017:02:00:48 +0000] "GET /sign_in HTTP/1.1" 200 1735 "-" "Mozilla/5.0 (Windows NT 10.0; WOW64) AppleWebKit/537.36 (KHTML, like Gecko) Chrome/58.0.3004.3 Safari/537.36"
192.168.33.1 - - [29/Aug/2017:02:00:51 +0000] "GET /sign_in HTTP/1.1" 200 1731 "-" "Mozilla/5.0 (Windows NT 10.0; WOW64) AppleWebKit/537.36 (KHTML, like Gecko) Chrome/58.0.3004.3 Safari/537.36"
192.168.33.1 - - [29/Aug/2017:03:26:18 +0000] "GET / HTTP/1.1" 499 0 "-" "Mozilla/5.0 (Windows NT 10.0; WOW64) AppleWebKit/537.36 (KHTML, like Gecko) Chrome/58.0.3004.3 Safari/537.36"
192.168.33.1 - - [29/Aug/2017:03:26:19 +0000] "GET / HTTP/1.1" 302 408 "-" "Mozilla/5.0 (Windows NT 10.0; WOW64) AppleWebKit/537.36 (KHTML, like Gecko) Chrome/58.0.3004.3 Safari/537.36"
172.18.0.3 - - [29/Aug/2017:03:26:22 +0000] "POST /organization/school/get_school_and_group HTTP/1.1" 200 121 "wgroup.dev.4000669696.com" "Weiyuyan\x5CCommon\x5CCurl/1.0 curl"
192.168.33.1 - - [29/Aug/2017:03:26:23 +0000] "GET /login HTTP/1.1" 200 1640 "-" "Mozilla/5.0 (Windows NT 10.0; WOW64) AppleWebKit/537.36 (KHTML, like Gecko) Chrome/58.0.3004.3 Safari/537.36"
192.168.33.1 - - [29/Aug/2017:03:26:23 +0000] "GET /dist/css/jquery.shCircleLoader.css HTTP/1.1" 304 0 "http://wgroup.dev.4000669696.com/login" "Mozilla/5.0 (Windows NT 10.0; WOW64) AppleWebKit/537.36 (KHTML, like Gecko) Chrome/58.0.3004.3 Safari/537.36"
192.168.33.1 - - [29/Aug/2017:03:26:23 +0000] "GET /logins/css/login.css HTTP/1.1" 304 0 "http://wgroup.dev.4000669696.com/login" "Mozilla/5.0 (Windows NT 10.0; WOW64) AppleWebKit/537.36 (KHTML, like Gecko) Chrome/58.0.3004.3 Safari/537.36"
192.168.33.1 - - [29/Aug/2017:03:26:23 +0000] "GET /logins/css/bootstrap.min.css HTTP/1.1" 304 0 "http://wgroup.dev.4000669696.com/login" "Mozilla/5.0 (Windows NT 10.0; WOW64) AppleWebKit/537.36 (KHTML, like Gecko) Chrome/58.0.3004.3 Safari/537.36"
192.168.33.1 - - [29/Aug/2017:03:26:23 +0000] "GET /plugins/jQuery/jQuery-2.1.4.min.js HTTP/1.1" 304 0 "http://wgroup.dev.4000669696.com/login" "Mozilla/5.0 (Windows NT 10.0; WOW64) AppleWebKit/537.36 (KHTML, like Gecko) Chrome/58.0.3004.3 Safari/537.36"
192.168.33.1 - - [29/Aug/2017:03:26:23 +0000] "GET /logins/js/login.js HTTP/1.1" 304 0 "http://wgroup.dev.4000669696.com/login" "Mozilla/5.0 (Windows NT 10.0; WOW64) AppleWebKit/537.36 (KHTML, like Gecko) Chrome/58.0.3004.3 Safari/537.36"
192.168.33.1 - - [29/Aug/2017:03:26:23 +0000] "GET /dist/js/jquery.shCircleLoader-min.js HTTP/1.1" 304 0 "http://wgroup.dev.4000669696.com/login" "Mozilla/5.0 (Windows NT 10.0; WOW64) AppleWebKit/537.36 (KHTML, like Gecko) Chrome/58.0.3004.3 Safari/537.36"
192.168.33.1 - - [29/Aug/2017:03:26:23 +0000] "GET /logins/images/bg.jpg HTTP/1.1" 304 0 "http://wgroup.dev.4000669696.com/logins/css/login.css" "Mozilla/5.0 (Windows NT 10.0; WOW64) AppleWebKit/537.36 (KHTML, like Gecko) Chrome/58.0.3004.3 Safari/537.36"
192.168.33.1 - - [29/Aug/2017:03:26:23 +0000] "GET /logins/images/user.png HTTP/1.1" 304 0 "http://wgroup.dev.4000669696.com/logins/css/login.css" "Mozilla/5.0 (Windows NT 10.0; WOW64) AppleWebKit/537.36 (KHTML, like Gecko) Chrome/58.0.3004.3 Safari/537.36"
192.168.33.1 - - [29/Aug/2017:03:26:23 +0000] "GET /logins/images/pwd.png HTTP/1.1" 304 0 "http://wgroup.dev.4000669696.com/logins/css/login.css" "Mozilla/5.0 (Windows NT 10.0; WOW64) AppleWebKit/537.36 (KHTML, like Gecko) Chrome/58.0.3004.3 Safari/537.36"
192.168.33.1 - - [29/Aug/2017:03:26:23 +0000] "GET /logins/images/center.png HTTP/1.1" 304 0 "http://wgroup.dev.4000669696.com/logins/css/login.css" "Mozilla/5.0 (Windows NT 10.0; WOW64) AppleWebKit/537.36 (KHTML, like Gecko) Chrome/58.0.3004.3 Safari/537.36"
172.18.0.3 - - [29/Aug/2017:03:26:24 +0000] "POST /organization/school/get_school_and_group HTTP/1.1" 200 121 "wgroup.dev.4000669696.com" "Weiyuyan\x5CCommon\x5CCurl/1.0 curl"
192.168.33.1 - - [29/Aug/2017:03:26:24 +0000] "GET /code/captcha_forget/1 HTTP/1.1" 200 1534 "http://wgroup.dev.4000669696.com/login" "Mozilla/5.0 (Windows NT 10.0; WOW64) AppleWebKit/537.36 (KHTML, like Gecko) Chrome/58.0.3004.3 Safari/537.36"
192.168.33.1 - - [29/Aug/2017:03:26:24 +0000] "GET /favicon.ico HTTP/1.1" 304 0 "http://wgroup.dev.4000669696.com/login" "Mozilla/5.0 (Windows NT 10.0; WOW64) AppleWebKit/537.36 (KHTML, like Gecko) Chrome/58.0.3004.3 Safari/537.36"
172.18.0.3 - - [29/Aug/2017:03:26:55 +0000] "POST /organization/school/get_school_and_group HTTP/1.1" 200 115 "wgroup.dev.4000669696.com" "Weiyuyan\x5CCommon\x5CCurl/1.0 curl"
192.168.33.1 - - [29/Aug/2017:03:26:55 +0000] "GET /login HTTP/1.1" 200 1640 "-" "Mozilla/5.0 (Windows NT 10.0; WOW64) AppleWebKit/537.36 (KHTML, like Gecko) Chrome/58.0.3004.3 Safari/537.36"
172.18.0.3 - - [29/Aug/2017:03:26:56 +0000] "POST /organization/school/get_school_and_group HTTP/1.1" 200 115 "wgroup.dev.4000669696.com" "Weiyuyan\x5CCommon\x5CCurl/1.0 curl"
192.168.33.1 - - [29/Aug/2017:03:26:56 +0000] "GET /code/captcha_forget/1 HTTP/1.1" 200 1954 "http://wgroup.dev.4000669696.com/login" "Mozilla/5.0 (Windows NT 10.0; WOW64) AppleWebKit/537.36 (KHTML, like Gecko) Chrome/58.0.3004.3 Safari/537.36"
192.168.33.1 - - [29/Aug/2017:03:26:56 +0000] "GET /favicon.ico HTTP/1.1" 200 0 "http://wgroup.dev.4000669696.com/login" "Mozilla/5.0 (Windows NT 10.0; WOW64) AppleWebKit/537.36 (KHTML, like Gecko) Chrome/58.0.3004.3 Safari/537.36"
172.18.0.3 - - [29/Aug/2017:03:27:10 +0000] "POST /organization/school/get_school_and_group HTTP/1.1" 200 115 "wgroup.dev.4000669696.com" "Weiyuyan\x5CCommon\x5CCurl/1.0 curl"
192.168.33.1 - - [29/Aug/2017:03:27:10 +0000] "POST /login HTTP/1.1" 200 1698 "http://wgroup.dev.4000669696.com/login" "Mozilla/5.0 (Windows NT 10.0; WOW64) AppleWebKit/537.36 (KHTML, like Gecko) Chrome/58.0.3004.3 Safari/537.36"
172.18.0.3 - - [29/Aug/2017:03:27:10 +0000] "POST /organization/school/get_school_and_group HTTP/1.1" 200 115 "wgroup.dev.4000669696.com" "Weiyuyan\x5CCommon\x5CCurl/1.0 curl"
192.168.33.1 - - [29/Aug/2017:03:27:11 +0000] "GET /code/captcha_forget/1 HTTP/1.1" 200 1836 "http://wgroup.dev.4000669696.com/login" "Mozilla/5.0 (Windows NT 10.0; WOW64) AppleWebKit/537.36 (KHTML, like Gecko) Chrome/58.0.3004.3 Safari/537.36"
172.18.0.3 - - [29/Aug/2017:03:34:39 +0000] "POST /organization/school/get_school_and_group HTTP/1.1" 200 121 "998.wgp.test.4000669696.com" "Weiyuyan\x5CCommon\x5CCurl/1.0 curl"
192.168.33.1 - - [29/Aug/2017:03:34:39 +0000] "GET /login HTTP/1.1" 200 1643 "-" "Mozilla/5.0 (Windows NT 10.0; WOW64) AppleWebKit/537.36 (KHTML, like Gecko) Chrome/58.0.3004.3 Safari/537.36"
172.18.0.3 - - [29/Aug/2017:03:34:40 +0000] "POST /organization/school/get_school_and_group HTTP/1.1" 200 121 "998.wgp.test.4000669696.com" "Weiyuyan\x5CCommon\x5CCurl/1.0 curl"
192.168.33.1 - - [29/Aug/2017:03:34:40 +0000] "GET /code/captcha_forget/1 HTTP/1.1" 200 1947 "http://998.wgp.test.4000669696.com/login" "Mozilla/5.0 (Windows NT 10.0; WOW64) AppleWebKit/537.36 (KHTML, like Gecko) Chrome/58.0.3004.3 Safari/537.36"
192.168.33.1 - - [29/Aug/2017:03:34:40 +0000] "GET /favicon.ico HTTP/1.1" 200 0 "http://998.wgp.test.4000669696.com/login" "Mozilla/5.0 (Windows NT 10.0; WOW64) AppleWebKit/537.36 (KHTML, like Gecko) Chrome/58.0.3004.3 Safari/537.36"
172.18.0.3 - - [29/Aug/2017:03:34:54 +0000] "POST /organization/school/get_school_and_group HTTP/1.1" 200 121 "998.wgp.test.4000669696.com" "Weiyuyan\x5CCommon\x5CCurl/1.0 curl"
172.18.0.3 - - [29/Aug/2017:03:34:54 +0000] "POST /organization/manager/sign_in HTTP/1.1" 200 449 "998.wgp.test.4000669696.com" "Weiyuyan\x5CCommon\x5CCurl/1.0 curl"
192.168.33.1 - - [29/Aug/2017:03:34:54 +0000] "POST /login HTTP/1.1" 302 416 "http://998.wgp.test.4000669696.com/login" "Mozilla/5.0 (Windows NT 10.0; WOW64) AppleWebKit/537.36 (KHTML, like Gecko) Chrome/58.0.3004.3 Safari/537.36"
192.168.33.1 - - [29/Aug/2017:03:34:55 +0000] "GET /admin HTTP/1.1" 200 5060 "http://998.wgp.test.4000669696.com/login" "Mozilla/5.0 (Windows NT 10.0; WOW64) AppleWebKit/537.36 (KHTML, like Gecko) Chrome/58.0.3004.3 Safari/537.36"
192.168.33.1 - - [29/Aug/2017:03:34:55 +0000] "GET /bootstrap/css/bootstrap-reset.css HTTP/1.1" 200 16941 "http://998.wgp.test.4000669696.com/admin" "Mozilla/5.0 (Windows NT 10.0; WOW64) AppleWebKit/537.36 (KHTML, like Gecko) Chrome/58.0.3004.3 Safari/537.36"
192.168.33.1 - - [29/Aug/2017:03:34:55 +0000] "GET /bootstrap/css/bootstrap.min.css HTTP/1.1" 200 117305 "http://998.wgp.test.4000669696.com/admin" "Mozilla/5.0 (Windows NT 10.0; WOW64) AppleWebKit/537.36 (KHTML, like Gecko) Chrome/58.0.3004.3 Safari/537.36"
192.168.33.1 - - [29/Aug/2017:03:34:55 +0000] "GET /bootstrap/css/font-awesome.min.css HTTP/1.1" 200 23739 "http://998.wgp.test.4000669696.com/admin" "Mozilla/5.0 (Windows NT 10.0; WOW64) AppleWebKit/537.36 (KHTML, like Gecko) Chrome/58.0.3004.3 Safari/537.36"
192.168.33.1 - - [29/Aug/2017:03:34:55 +0000] "GET /bootstrap/css/ionicons.min.css HTTP/1.1" 200 51283 "http://998.wgp.test.4000669696.com/admin" "Mozilla/5.0 (Windows NT 10.0; WOW64) AppleWebKit/537.36 (KHTML, like Gecko) Chrome/58.0.3004.3 Safari/537.36"
192.168.33.1 - - [29/Aug/2017:03:34:55 +0000] "GET /plugins/jvectormap/jquery-jvectormap-1.2.2.css HTTP/1.1" 200 824 "http://998.wgp.test.4000669696.com/admin" "Mozilla/5.0 (Windows NT 10.0; WOW64) AppleWebKit/537.36 (KHTML, like Gecko) Chrome/58.0.3004.3 Safari/537.36"
192.168.33.1 - - [29/Aug/2017:03:34:55 +0000] "GET /dist/css/AdminLTE.min.css HTTP/1.1" 200 89760 "http://998.wgp.test.4000669696.com/admin" "Mozilla/5.0 (Windows NT 10.0; WOW64) AppleWebKit/537.36 (KHTML, like Gecko) Chrome/58.0.3004.3 Safari/537.36"
192.168.33.1 - - [29/Aug/2017:03:34:55 +0000] "GET /plugins/daterangepicker/daterangepicker-bs3.css HTTP/1.1" 200 6767 "http://998.wgp.test.4000669696.com/admin" "Mozilla/5.0 (Windows NT 10.0; WOW64) AppleWebKit/537.36 (KHTML, like Gecko) Chrome/58.0.3004.3 Safari/537.36"
192.168.33.1 - - [29/Aug/2017:03:34:55 +0000] "GET /dist/css/skins/_all-skins.min.css HTTP/1.1" 200 41878 "http://998.wgp.test.4000669696.com/admin" "Mozilla/5.0 (Windows NT 10.0; WOW64) AppleWebKit/537.36 (KHTML, like Gecko) Chrome/58.0.3004.3 Safari/537.36"
192.168.33.1 - - [29/Aug/2017:03:34:55 +0000] "GET /plugins/iCheck/flat/blue.css HTTP/1.1" 200 1428 "http://998.wgp.test.4000669696.com/admin" "Mozilla/5.0 (Windows NT 10.0; WOW64) AppleWebKit/537.36 (KHTML, like Gecko) Chrome/58.0.3004.3 Safari/537.36"
192.168.33.1 - - [29/Aug/2017:03:34:55 +0000] "GET /plugins/bootstrap-wysihtml5/bootstrap3-wysihtml5.min.css HTTP/1.1" 200 2226 "http://998.wgp.test.4000669696.com/admin" "Mozilla/5.0 (Windows NT 10.0; WOW64) AppleWebKit/537.36 (KHTML, like Gecko) Chrome/58.0.3004.3 Safari/537.36"
192.168.33.1 - - [29/Aug/2017:03:34:55 +0000] "GET /plugins/morris/morris.css HTTP/1.1" 200 428 "http://998.wgp.test.4000669696.com/admin" "Mozilla/5.0 (Windows NT 10.0; WOW64) AppleWebKit/537.36 (KHTML, like Gecko) Chrome/58.0.3004.3 Safari/537.36"
192.168.33.1 - - [29/Aug/2017:03:34:55 +0000] "GET /css/campus.css HTTP/1.1" 200 8114 "http://998.wgp.test.4000669696.com/admin" "Mozilla/5.0 (Windows NT 10.0; WOW64) AppleWebKit/537.36 (KHTML, like Gecko) Chrome/58.0.3004.3 Safari/537.36"
192.168.33.1 - - [29/Aug/2017:03:34:55 +0000] "GET /plugins/datepicker/datepicker3.css HTTP/1.1" 200 33745 "http://998.wgp.test.4000669696.com/admin" "Mozilla/5.0 (Windows NT 10.0; WOW64) AppleWebKit/537.36 (KHTML, like Gecko) Chrome/58.0.3004.3 Safari/537.36"
192.168.33.1 - - [29/Aug/2017:03:34:55 +0000] "GET /plugins/datetimepicker/css/bootstrap-datetimepicker.min.css HTTP/1.1" 200 11276 "http://998.wgp.test.4000669696.com/admin" "Mozilla/5.0 (Windows NT 10.0; WOW64) AppleWebKit/537.36 (KHTML, like Gecko) Chrome/58.0.3004.3 Safari/537.36"
192.168.33.1 - - [29/Aug/2017:03:34:55 +0000] "GET /css/groupStatisCampusAll.css HTTP/1.1" 200 5535 "http://998.wgp.test.4000669696.com/admin" "Mozilla/5.0 (Windows NT 10.0; WOW64) AppleWebKit/537.36 (KHTML, like Gecko) Chrome/58.0.3004.3 Safari/537.36"
192.168.33.1 - - [29/Aug/2017:03:34:55 +0000] "GET /dist/css/css.css HTTP/1.1" 200 1709 "http://998.wgp.test.4000669696.com/admin" "Mozilla/5.0 (Windows NT 10.0; WOW64) AppleWebKit/537.36 (KHTML, like Gecko) Chrome/58.0.3004.3 Safari/537.36"
192.168.33.1 - - [29/Aug/2017:03:34:55 +0000] "GET /css/report.css HTTP/1.1" 200 6787 "http://998.wgp.test.4000669696.com/admin" "Mozilla/5.0 (Windows NT 10.0; WOW64) AppleWebKit/537.36 (KHTML, like Gecko) Chrome/58.0.3004.3 Safari/537.36"
192.168.33.1 - - [29/Aug/2017:03:34:55 +0000] "GET /css/sweet-alert.min.css HTTP/1.1" 200 8985 "http://998.wgp.test.4000669696.com/admin" "Mozilla/5.0 (Windows NT 10.0; WOW64) AppleWebKit/537.36 (KHTML, like Gecko) Chrome/58.0.3004.3 Safari/537.36"
192.168.33.1 - - [29/Aug/2017:03:34:55 +0000] "GET /plugins/morris/morris.min.js HTTP/1.1" 200 35652 "http://998.wgp.test.4000669696.com/admin" "Mozilla/5.0 (Windows NT 10.0; WOW64) AppleWebKit/537.36 (KHTML, like Gecko) Chrome/58.0.3004.3 Safari/537.36"
192.168.33.1 - - [29/Aug/2017:03:34:55 +0000] "GET /dist/css/bootstrapValidator.css HTTP/1.1" 200 700 "http://998.wgp.test.4000669696.com/admin" "Mozilla/5.0 (Windows NT 10.0; WOW64) AppleWebKit/537.36 (KHTML, like Gecko) Chrome/58.0.3004.3 Safari/537.36"
192.168.33.1 - - [29/Aug/2017:03:34:55 +0000] "GET /plugins/jvectormap/jquery-jvectormap-world-mill-en.js HTTP/1.1" 200 144313 "http://998.wgp.test.4000669696.com/admin" "Mozilla/5.0 (Windows NT 10.0; WOW64) AppleWebKit/537.36 (KHTML, like Gecko) Chrome/58.0.3004.3 Safari/537.36"
192.168.33.1 - - [29/Aug/2017:03:34:55 +0000] "GET /dist/js/moment.min.js HTTP/1.1" 200 34171 "http://998.wgp.test.4000669696.com/admin" "Mozilla/5.0 (Windows NT 10.0; WOW64) AppleWebKit/537.36 (KHTML, like Gecko) Chrome/58.0.3004.3 Safari/537.36"
192.168.33.1 - - [29/Aug/2017:03:34:55 +0000] "GET /dist/js/jquery-ui.min.js HTTP/1.1" 200 240427 "http://998.wgp.test.4000669696.com/admin" "Mozilla/5.0 (Windows NT 10.0; WOW64) AppleWebKit/537.36 (KHTML, like Gecko) Chrome/58.0.3004.3 Safari/537.36"
192.168.33.1 - - [29/Aug/2017:03:34:55 +0000] "GET /bootstrap/js/bootstrap.min.js HTTP/1.1" 200 35951 "http://998.wgp.test.4000669696.com/admin" "Mozilla/5.0 (Windows NT 10.0; WOW64) AppleWebKit/537.36 (KHTML, like Gecko) Chrome/58.0.3004.3 Safari/537.36"
192.168.33.1 - - [29/Aug/2017:03:34:55 +0000] "GET /plugins/datepicker/bootstrap-datepicker.js HTTP/1.1" 200 46838 "http://998.wgp.test.4000669696.com/admin" "Mozilla/5.0 (Windows NT 10.0; WOW64) AppleWebKit/537.36 (KHTML, like Gecko) Chrome/58.0.3004.3 Safari/537.36"
192.168.33.1 - - [29/Aug/2017:03:34:55 +0000] "GET /plugins/sparkline/jquery.sparkline.min.js HTTP/1.1" 200 43247 "http://998.wgp.test.4000669696.com/admin" "Mozilla/5.0 (Windows NT 10.0; WOW64) AppleWebKit/537.36 (KHTML, like Gecko) Chrome/58.0.3004.3 Safari/537.36"
192.168.33.1 - - [29/Aug/2017:03:34:55 +0000] "GET /plugins/jvectormap/jquery-jvectormap-1.2.2.min.js HTTP/1.1" 200 33323 "http://998.wgp.test.4000669696.com/admin" "Mozilla/5.0 (Windows NT 10.0; WOW64) AppleWebKit/537.36 (KHTML, like Gecko) Chrome/58.0.3004.3 Safari/537.36"
192.168.33.1 - - [29/Aug/2017:03:34:55 +0000] "GET /plugins/knob/jquery.knob.js HTTP/1.1" 200 26222 "http://998.wgp.test.4000669696.com/admin" "Mozilla/5.0 (Windows NT 10.0; WOW64) AppleWebKit/537.36 (KHTML, like Gecko) Chrome/58.0.3004.3 Safari/537.36"
192.168.33.1 - - [29/Aug/2017:03:34:55 +0000] "GET /plugins/bootstrap-wysihtml5/bootstrap3-wysihtml5.all.min.js HTTP/1.1" 200 210932 "http://998.wgp.test.4000669696.com/admin" "Mozilla/5.0 (Windows NT 10.0; WOW64) AppleWebKit/537.36 (KHTML, like Gecko) Chrome/58.0.3004.3 Safari/537.36"
192.168.33.1 - - [29/Aug/2017:03:34:55 +0000] "GET /plugins/daterangepicker/daterangepicker.js HTTP/1.1" 200 53679 "http://998.wgp.test.4000669696.com/admin" "Mozilla/5.0 (Windows NT 10.0; WOW64) AppleWebKit/537.36 (KHTML, like Gecko) Chrome/58.0.3004.3 Safari/537.36"
192.168.33.1 - - [29/Aug/2017:03:34:55 +0000] "GET /plugins/datetimepicker/js/bootstrap-datetimepicker.min.js HTTP/1.1" 200 39213 "http://998.wgp.test.4000669696.com/admin" "Mozilla/5.0 (Windows NT 10.0; WOW64) AppleWebKit/537.36 (KHTML, like Gecko) Chrome/58.0.3004.3 Safari/537.36"
192.168.33.1 - - [29/Aug/2017:03:34:55 +0000] "GET /plugins/slimScroll/jquery.slimscroll.min.js HTTP/1.1" 200 6230 "http://998.wgp.test.4000669696.com/admin" "Mozilla/5.0 (Windows NT 10.0; WOW64) AppleWebKit/537.36 (KHTML, like Gecko) Chrome/58.0.3004.3 Safari/537.36"
192.168.33.1 - - [29/Aug/2017:03:34:55 +0000] "GET /plugins/fastclick/fastclick.min.js HTTP/1.1" 200 8776 "http://998.wgp.test.4000669696.com/admin" "Mozilla/5.0 (Windows NT 10.0; WOW64) AppleWebKit/537.36 (KHTML, like Gecko) Chrome/58.0.3004.3 Safari/537.36"
192.168.33.1 - - [29/Aug/2017:03:34:55 +0000] "GET /dist/js/app.min.js HTTP/1.1" 200 9684 "http://998.wgp.test.4000669696.com/admin" "Mozilla/5.0 (Windows NT 10.0; WOW64) AppleWebKit/537.36 (KHTML, like Gecko) Chrome/58.0.3004.3 Safari/537.36"
192.168.33.1 - - [29/Aug/2017:03:34:55 +0000] "GET /dist/js/demo.js HTTP/1.1" 200 17268 "http://998.wgp.test.4000669696.com/admin" "Mozilla/5.0 (Windows NT 10.0; WOW64) AppleWebKit/537.36 (KHTML, like Gecko) Chrome/58.0.3004.3 Safari/537.36"
192.168.33.1 - - [29/Aug/2017:03:34:55 +0000] "GET /dist/js/myScript.js HTTP/1.1" 200 433 "http://998.wgp.test.4000669696.com/admin" "Mozilla/5.0 (Windows NT 10.0; WOW64) AppleWebKit/537.36 (KHTML, like Gecko) Chrome/58.0.3004.3 Safari/537.36"
192.168.33.1 - - [29/Aug/2017:03:34:55 +0000] "GET /js/jquery.showLoading.min.js HTTP/1.1" 200 4779 "http://998.wgp.test.4000669696.com/admin" "Mozilla/5.0 (Windows NT 10.0; WOW64) AppleWebKit/537.36 (KHTML, like Gecko) Chrome/58.0.3004.3 Safari/537.36"
192.168.33.1 - - [29/Aug/2017:03:34:55 +0000] "GET /lib/layer/layer.js HTTP/1.1" 200 19843 "http://998.wgp.test.4000669696.com/admin" "Mozilla/5.0 (Windows NT 10.0; WOW64) AppleWebKit/537.36 (KHTML, like Gecko) Chrome/58.0.3004.3 Safari/537.36"
192.168.33.1 - - [29/Aug/2017:03:34:55 +0000] "GET /js/jquery.validate.min.js HTTP/1.1" 200 21584 "http://998.wgp.test.4000669696.com/admin" "Mozilla/5.0 (Windows NT 10.0; WOW64) AppleWebKit/537.36 (KHTML, like Gecko) Chrome/58.0.3004.3 Safari/537.36"
192.168.33.1 - - [29/Aug/2017:03:34:55 +0000] "GET /layer/layer.js HTTP/1.1" 200 19843 "http://998.wgp.test.4000669696.com/admin" "Mozilla/5.0 (Windows NT 10.0; WOW64) AppleWebKit/537.36 (KHTML, like Gecko) Chrome/58.0.3004.3 Safari/537.36"
192.168.33.1 - - [29/Aug/2017:03:34:55 +0000] "GET /dist/js/bootstrapValidator.js HTTP/1.1" 200 325844 "http://998.wgp.test.4000669696.com/admin" "Mozilla/5.0 (Windows NT 10.0; WOW64) AppleWebKit/537.36 (KHTML, like Gecko) Chrome/58.0.3004.3 Safari/537.36"
192.168.33.1 - - [29/Aug/2017:03:34:55 +0000] "GET /group_information/scripts/echarts.js HTTP/1.1" 200 2017352 "http://998.wgp.test.4000669696.com/admin" "Mozilla/5.0 (Windows NT 10.0; WOW64) AppleWebKit/537.36 (KHTML, like Gecko) Chrome/58.0.3004.3 Safari/537.36"
192.168.33.1 - - [29/Aug/2017:03:34:55 +0000] "GET /dist/img/user2-160x160.jpg HTTP/1.1" 200 7070 "http://998.wgp.test.4000669696.com/admin" "Mozilla/5.0 (Windows NT 10.0; WOW64) AppleWebKit/537.36 (KHTML, like Gecko) Chrome/58.0.3004.3 Safari/537.36"
192.168.33.1 - - [29/Aug/2017:03:34:55 +0000] "GET /images/groupbg.jpg HTTP/1.1" 200 106287 "http://998.wgp.test.4000669696.com/admin" "Mozilla/5.0 (Windows NT 10.0; WOW64) AppleWebKit/537.36 (KHTML, like Gecko) Chrome/58.0.3004.3 Safari/537.36"
192.168.33.1 - - [29/Aug/2017:03:34:55 +0000] "GET /lib/layer/skin/layer.css HTTP/1.1" 200 14042 "http://998.wgp.test.4000669696.com/admin" "Mozilla/5.0 (Windows NT 10.0; WOW64) AppleWebKit/537.36 (KHTML, like Gecko) Chrome/58.0.3004.3 Safari/537.36"
192.168.33.1 - - [29/Aug/2017:03:34:55 +0000] "GET /bootstrap/fonts/fontawesome-webfont.woff2?v=4.3.0 HTTP/1.1" 200 56780 "http://998.wgp.test.4000669696.com/bootstrap/css/font-awesome.min.css" "Mozilla/5.0 (Windows NT 10.0; WOW64) AppleWebKit/537.36 (KHTML, like Gecko) Chrome/58.0.3004.3 Safari/537.36"
192.168.33.1 - - [29/Aug/2017:03:34:55 +0000] "GET /dist/css/font/ODelI1aHBYDBqgeIAH2zlNV_2ngZ8dMf8fLgjYEouxg.woff2 HTTP/1.1" 200 14308 "http://998.wgp.test.4000669696.com/dist/css/css.css" "Mozilla/5.0 (Windows NT 10.0; WOW64) AppleWebKit/537.36 (KHTML, like Gecko) Chrome/58.0.3004.3 Safari/537.36"
192.168.33.1 - - [29/Aug/2017:03:34:56 +0000] "GET /dist/css/font/toadOcfmlt9b38dHJxOBGEo0As1BFRXtCDhS66znb_k.woff2 HTTP/1.1" 200 13892 "http://998.wgp.test.4000669696.com/dist/css/css.css" "Mozilla/5.0 (Windows NT 10.0; WOW64) AppleWebKit/537.36 (KHTML, like Gecko) Chrome/58.0.3004.3 Safari/537.36"
172.18.0.3 - - [29/Aug/2017:03:35:01 +0000] "POST /organization/school/balance HTTP/1.1" 200 94 "998.wgp.test.4000669696.com" "Weiyuyan\x5CCommon\x5CCurl/1.0 curl"
192.168.33.1 - - [29/Aug/2017:03:35:01 +0000] "GET /school_index HTTP/1.1" 200 9535 "http://998.wgp.test.4000669696.com/admin" "Mozilla/5.0 (Windows NT 10.0; WOW64) AppleWebKit/537.36 (KHTML, like Gecko) Chrome/58.0.3004.3 Safari/537.36"
192.168.33.1 - - [29/Aug/2017:03:35:01 +0000] "GET /group_information/styles/reset.css HTTP/1.1" 200 840 "http://998.wgp.test.4000669696.com/school_index" "Mozilla/5.0 (Windows NT 10.0; WOW64) AppleWebKit/537.36 (KHTML, like Gecko) Chrome/58.0.3004.3 Safari/537.36"
192.168.33.1 - - [29/Aug/2017:03:35:01 +0000] "GET /group_information/styles/global.css HTTP/1.1" 200 4749 "http://998.wgp.test.4000669696.com/school_index" "Mozilla/5.0 (Windows NT 10.0; WOW64) AppleWebKit/537.36 (KHTML, like Gecko) Chrome/58.0.3004.3 Safari/537.36"
192.168.33.1 - - [29/Aug/2017:03:35:01 +0000] "GET /group_information/images/freeMoney.png HTTP/1.1" 200 3555 "http://998.wgp.test.4000669696.com/school_index" "Mozilla/5.0 (Windows NT 10.0; WOW64) AppleWebKit/537.36 (KHTML, like Gecko) Chrome/58.0.3004.3 Safari/537.36"
192.168.33.1 - - [29/Aug/2017:03:35:01 +0000] "GET /dist/css/font/toadOcfmlt9b38dHJxOBGOode0-EuMkY--TSyExeINg.woff2 HTTP/1.1" 200 14308 "http://998.wgp.test.4000669696.com/dist/css/css.css" "Mozilla/5.0 (Windows NT 10.0; WOW64) AppleWebKit/537.36 (KHTML, like Gecko) Chrome/58.0.3004.3 Safari/537.36"
172.18.0.3 - - [29/Aug/2017:03:35:02 +0000] "POST /organization/how_many_new_students HTTP/1.1" 200 89 "998.wgp.test.4000669696.com" "Weiyuyan\x5CCommon\x5CCurl/1.0 curl"
172.18.0.3 - - [29/Aug/2017:03:35:02 +0000] "POST /organization/how_many_already_reserved HTTP/1.1" 200 89 "998.wgp.test.4000669696.com" "Weiyuyan\x5CCommon\x5CCurl/1.0 curl"
192.168.33.1 - - [29/Aug/2017:03:35:02 +0000] "POST /grout_information_student_stats HTTP/1.1" 200 118 "http://998.wgp.test.4000669696.com/school_index" "Mozilla/5.0 (Windows NT 10.0; WOW64) AppleWebKit/537.36 (KHTML, like Gecko) Chrome/58.0.3004.3 Safari/537.36"
172.18.0.3 - - [29/Aug/2017:03:35:05 +0000] "POST /student/info/search HTTP/1.1" 200 1205 "998.wgp.test.4000669696.com" "Weiyuyan\x5CCommon\x5CCurl/1.0 curl"
192.168.33.1 - - [29/Aug/2017:03:35:05 +0000] "GET /student HTTP/1.1" 200 8587 "http://998.wgp.test.4000669696.com/school_index" "Mozilla/5.0 (Windows NT 10.0; WOW64) AppleWebKit/537.36 (KHTML, like Gecko) Chrome/58.0.3004.3 Safari/537.36"
192.168.33.1 - - [29/Aug/2017:03:35:05 +0000] "GET /js/sweet-alert.min.js HTTP/1.1" 200 10423 "http://998.wgp.test.4000669696.com/student" "Mozilla/5.0 (Windows NT 10.0; WOW64) AppleWebKit/537.36 (KHTML, like Gecko) Chrome/58.0.3004.3 Safari/537.36"
192.168.33.1 - - [29/Aug/2017:03:35:05 +0000] "GET /js/layer/layer.js HTTP/1.1" 200 21344 "http://998.wgp.test.4000669696.com/student" "Mozilla/5.0 (Windows NT 10.0; WOW64) AppleWebKit/537.36 (KHTML, like Gecko) Chrome/58.0.3004.3 Safari/537.36"
192.168.33.1 - - [29/Aug/2017:03:35:05 +0000] "GET /js/layer/skin/default/layer.css?v=3.0.11110 HTTP/1.1" 200 14296 "http://998.wgp.test.4000669696.com/student" "Mozilla/5.0 (Windows NT 10.0; WOW64) AppleWebKit/537.36 (KHTML, like Gecko) Chrome/58.0.3004.3 Safari/537.36"
172.18.0.3 - - [29/Aug/2017:03:36:12 +0000] "POST /student/info/search HTTP/1.1" 200 1205 "998.wgp.test.4000669696.com" "Weiyuyan\x5CCommon\x5CCurl/1.0 curl"
192.168.33.1 - - [29/Aug/2017:03:36:12 +0000] "GET /student HTTP/1.1" 200 2847 "http://998.wgp.test.4000669696.com/school_index" "Mozilla/5.0 (Windows NT 10.0; WOW64) AppleWebKit/537.36 (KHTML, like Gecko) Chrome/58.0.3004.3 Safari/537.36"
192.168.33.1 - - [29/Aug/2017:03:36:12 +0000] "GET /favicon.ico HTTP/1.1" 200 0 "http://998.wgp.test.4000669696.com/student" "Mozilla/5.0 (Windows NT 10.0; WOW64) AppleWebKit/537.36 (KHTML, like Gecko) Chrome/58.0.3004.3 Safari/537.36"
192.168.33.1 - - [29/Aug/2017:03:37:21 +0000] "GET /student HTTP/1.1" 200 2371 "http://998.wgp.test.4000669696.com/school_index" "Mozilla/5.0 (Windows NT 10.0; WOW64) AppleWebKit/537.36 (KHTML, like Gecko) Chrome/58.0.3004.3 Safari/537.36"
192.168.33.1 - - [29/Aug/2017:03:37:21 +0000] "GET /favicon.ico HTTP/1.1" 200 0 "http://998.wgp.test.4000669696.com/student" "Mozilla/5.0 (Windows NT 10.0; WOW64) AppleWebKit/537.36 (KHTML, like Gecko) Chrome/58.0.3004.3 Safari/537.36"
172.18.0.3 - - [29/Aug/2017:03:38:04 +0000] "POST /student/info/search HTTP/1.1" 200 1205 "998.wgp.test.4000669696.com" "Weiyuyan\x5CCommon\x5CCurl/1.0 curl"
192.168.33.1 - - [29/Aug/2017:03:38:04 +0000] "GET /student HTTP/1.1" 200 414 "http://998.wgp.test.4000669696.com/school_index" "Mozilla/5.0 (Windows NT 10.0; WOW64) AppleWebKit/537.36 (KHTML, like Gecko) Chrome/58.0.3004.3 Safari/537.36"
192.168.33.1 - - [29/Aug/2017:03:38:04 +0000] "GET /favicon.ico HTTP/1.1" 200 0 "http://998.wgp.test.4000669696.com/student" "Mozilla/5.0 (Windows NT 10.0; WOW64) AppleWebKit/537.36 (KHTML, like Gecko) Chrome/58.0.3004.3 Safari/537.36"
172.18.0.3 - - [29/Aug/2017:03:38:44 +0000] "POST /student/info/search HTTP/1.1" 200 11556 "998.wgp.test.4000669696.com" "Weiyuyan\x5CCommon\x5CCurl/1.0 curl"
192.168.33.1 - - [29/Aug/2017:03:38:44 +0000] "GET /student HTTP/1.1" 200 2710 "http://998.wgp.test.4000669696.com/school_index" "Mozilla/5.0 (Windows NT 10.0; WOW64) AppleWebKit/537.36 (KHTML, like Gecko) Chrome/58.0.3004.3 Safari/537.36"
192.168.33.1 - - [29/Aug/2017:03:38:44 +0000] "GET /favicon.ico HTTP/1.1" 200 0 "http://998.wgp.test.4000669696.com/student" "Mozilla/5.0 (Windows NT 10.0; WOW64) AppleWebKit/537.36 (KHTML, like Gecko) Chrome/58.0.3004.3 Safari/537.36"
172.18.0.3 - - [29/Aug/2017:03:39:40 +0000] "POST /student/info/search HTTP/1.1" 200 5716 "998.wgp.test.4000669696.com" "Weiyuyan\x5CCommon\x5CCurl/1.0 curl"
192.168.33.1 - - [29/Aug/2017:03:39:40 +0000] "GET /student HTTP/1.1" 200 2302 "http://998.wgp.test.4000669696.com/school_index" "Mozilla/5.0 (Windows NT 10.0; WOW64) AppleWebKit/537.36 (KHTML, like Gecko) Chrome/58.0.3004.3 Safari/537.36"
192.168.33.1 - - [29/Aug/2017:03:39:40 +0000] "GET /favicon.ico HTTP/1.1" 200 0 "http://998.wgp.test.4000669696.com/student" "Mozilla/5.0 (Windows NT 10.0; WOW64) AppleWebKit/537.36 (KHTML, like Gecko) Chrome/58.0.3004.3 Safari/537.36"
172.18.0.3 - - [29/Aug/2017:03:40:22 +0000] "POST /student/info/search HTTP/1.1" 200 11556 "998.wgp.test.4000669696.com" "Weiyuyan\x5CCommon\x5CCurl/1.0 curl"
192.168.33.1 - - [29/Aug/2017:03:40:22 +0000] "GET /student HTTP/1.1" 200 2710 "http://998.wgp.test.4000669696.com/school_index" "Mozilla/5.0 (Windows NT 10.0; WOW64) AppleWebKit/537.36 (KHTML, like Gecko) Chrome/58.0.3004.3 Safari/537.36"
192.168.33.1 - - [29/Aug/2017:03:40:22 +0000] "GET /favicon.ico HTTP/1.1" 200 0 "http://998.wgp.test.4000669696.com/student" "Mozilla/5.0 (Windows NT 10.0; WOW64) AppleWebKit/537.36 (KHTML, like Gecko) Chrome/58.0.3004.3 Safari/537.36"
172.18.0.3 - - [29/Aug/2017:03:41:34 +0000] "POST /student/info/search HTTP/1.1" 200 5716 "998.wgp.test.4000669696.com" "Weiyuyan\x5CCommon\x5CCurl/1.0 curl"
192.168.33.1 - - [29/Aug/2017:03:41:34 +0000] "GET /student HTTP/1.1" 200 2302 "http://998.wgp.test.4000669696.com/school_index" "Mozilla/5.0 (Windows NT 10.0; WOW64) AppleWebKit/537.36 (KHTML, like Gecko) Chrome/58.0.3004.3 Safari/537.36"
